<html>
<body>
<pre>
<h1>µVision Build Log</h1>
<h2>Tool Versions:</h2>
IDE-Version: ¦ÌVision V5.14.0.0
Copyright (C) 2015 ARM Ltd and ARM Germany GmbH. All rights reserved.
License Information: WANG XIN, CUMT, LIC=ZB412-98K36-8FCIE-5T3VQ-IIFFW-EW52M
 
Tool Versions:
Toolchain:       MDK-ARM Standard  Version: 5.14.0.0
Toolchain Path:  D:\KEIL_V5\ARM\ARMCC\Bin
C Compiler:      Armcc.exe V5.05 update 1 (build 106)
Assembler:       Armasm.exe V5.05 update 1 (build 106)
Linker/Locator:  ArmLink.exe V5.05 update 1 (build 106)
Library Manager: ArmAr.exe V5.05 update 1 (build 106)
Hex Converter:   FromElf.exe V5.05 update 1 (build 106)
CPU DLL:         SARMCM3.DLL V5.14.0.0
Dialog DLL:      DCM.DLL V1.13.1.0
Target DLL:      Segger\JL2CM3.dll V2.99.13.0
Dialog DLL:      TCM.DLL V1.14.4.0
 
<h2>Project:</h2>
D:\GIT\test\project\Pro.uvprojx
Project File Date:  09/23/2016

<h2>Output:</h2>
Build target 'Pro'
compiling Exam.c...
linking...
Program Size: Code=171968 RO-data=33948 RW-data=1256 ZI-data=111520  
FromELF: creating hex file...
".\Debug\Pro.axf" - 0 Error(s), 0 Warning(s).

<h2>Collection of Component include folders:</h2>
  D:\GIT\test\project\RTE
  D:\KEIL_V5\ARM\PACK\Keil\STM32F2xx_DFP\2.5.0

<h2>Collection of Component Files used:</h2>
</pre>
<iframe src="http: