Component: ARM Compiler 5.05 update 1 (build 106) Tool: armlink [4d0efa]

==============================================================================

Section Cross References

    main.o(.text) refers to os_q.o(.text) for OSQCreate
    main.o(.text) refers to os_task.o(.text) for OSTaskCreate
    main.o(.text) refers to os_time.o(.text) for OSTimeDlyHMSM
    main.o(.text) refers to config.o(.text) for getUniqueID
    main.o(.text) refers to bsp_global.o(.text) for BSP_Init
    main.o(.text) refers to os_core.o(.text) for OSInit
    main.o(.text) refers to system_stm32f2xx.o(.data) for SystemCoreClock
    main.o(.text) refers to task_test.o(.bss) for MsgGrp_q_msg_zigbee_rx
    main.o(.text) refers to task_test.o(.data) for q_msg_zigbee_rx
    main.o(.text) refers to task_test.o(.text) for Task_TCP_Client
    main.o(.text) refers to main.o(.bss) for Stk_TaskStartUp
    task_test.o(.text) refers to ultrasonicwave.o(.text) for UltrasonicWave_StartMeasure
    task_test.o(.text) refers to dht11.o(.text) for DHT11_Read_Data
    task_test.o(.text) refers to lightintensitysensor.o(.text) for LightIntensitySensor_measure
    task_test.o(.text) refers to os_time.o(.text) for OSTimeDlyHMSM
    task_test.o(.text) refers to key.o(.text) for KEY_RUN
    task_test.o(.text) refers to led.o(.text) for LED_Run
    task_test.o(.text) refers to motor.o(.text) for MOTOR_Run
    task_test.o(.text) refers to blutooth.o(.text) for BLUTOOTH_Run
    task_test.o(.text) refers to stm32f2xx_tim.o(.text) for TIM_GetCounter
    task_test.o(.text) refers to parserjson.o(.text) for makeJson
    task_test.o(.text) refers to strlen.o(.text) for strlen
    task_test.o(.text) refers to malloc.o(i.free) for free
    task_test.o(.text) refers to stm32f2x7_eth_bsp.o(.text) for ETH_BSP_Config
    task_test.o(.text) refers to netconf.o(.text) for LwIP_Init
    task_test.o(.text) refers to udp_client.o(.text) for UDP_client_init
    task_test.o(.text) refers to udp.o(.text) for udp_send
    task_test.o(.text) refers to tcp_client.o(.text) for TCP_Client_Init
    task_test.o(.text) refers to ff.o(.text) for f_mount
    task_test.o(.text) refers to stm32f2xx_rcc.o(.text) for RCC_AHB1PeriphClockCmd
    task_test.o(.text) refers to gui_core.o(i.GUI_Init) for GUI_Init
    task_test.o(.text) refers to gui_setcolor.o(i.GUI_SetBkColor) for GUI_SetBkColor
    task_test.o(.text) refers to gui_setcolor.o(i.GUI_SetColor) for GUI_SetColor
    task_test.o(.text) refers to gui_settextmode.o(i.GUI_SetTextMode) for GUI_SetTextMode
    task_test.o(.text) refers to gui_uc_encodeutf8.o(i.GUI_UC_SetEncodeUTF8) for GUI_UC_SetEncodeUTF8
    task_test.o(.text) refers to gui_core.o(i.GUI_Clear) for GUI_Clear
    task_test.o(.text) refers to gui_setfont.o(i.GUI_SetFont) for GUI_SetFont
    task_test.o(.text) refers to gui_dispstringat.o(i.GUI_DispStringAt) for GUI_DispStringAt
    task_test.o(.text) refers to exam.o(.text) for bmpdisplay_exam1
    task_test.o(.text) refers to beep.o(.text) for BEEP_Run
    task_test.o(.text) refers to stm32f2xx_gpio.o(.text) for GPIO_SetBits
    task_test.o(.text) refers to os_task.o(.text) for OSTaskStkChk
    task_test.o(.text) refers to task_test.o(.bss) for runTime
    task_test.o(.text) refers to udp_client.o(.data) for udp_p
    task_test.o(.text) refers to f16_1.o(.constdata) for GUI_Font16_1
    task_test.o(.text) refers to task_test.o(.data) for Stak_OLED_Free
    bsp_global.o(.text) refers to sram.o(.text) for FSMC_SRAM_WriteBuffer
    bsp_global.o(.text) refers to nvic.o(.text) for NVIC_Configuration
    bsp_global.o(.text) refers to delay.o(.text) for delay_init
    bsp_global.o(.text) refers to ili93xx.o(.text) for TFTLCD_Init
    bsp_global.o(.text) refers to led.o(.text) for LED_Configuration
    bsp_global.o(.text) refers to beep.o(.text) for Beep_Config
    bsp_global.o(.text) refers to motor.o(.text) for MOTOR_Configuration
    bsp_global.o(.text) refers to blutooth.o(.text) for BLUTOOTH_Configuration
    bsp_global.o(.text) refers to ultrasonicwave.o(.text) for UltrasonicWave_Configuration
    bsp_global.o(.text) refers to key.o(.text) for KEY_init
    bsp_global.o(.text) refers to dht11.o(.text) for DHT11_Init
    bsp_global.o(.text) refers to lightintensitysensor.o(.text) for LightIntensitySensor_Init
    bsp_global.o(.text) refers to rc522.o(.text) for RC522_Init
    bsp_global.o(.text) refers to ir.o(.text) for IR_Configuration
    nvic.o(.text) refers to misc.o(.text) for NVIC_SetVectorTable
    netconf.o(.text) refers to mem.o(.text) for mem_init
    netconf.o(.text) refers to memp.o(.text) for memp_init
    netconf.o(.text) refers to inet.o(.text) for htonl
    netconf.o(.text) refers to netif.o(.text) for netif_add
    netconf.o(.text) refers to ethernetif.o(.text) for ethernetif_input
    netconf.o(.text) refers to tcp.o(.text) for tcp_tmr
    netconf.o(.text) refers to etharp.o(.text) for etharp_tmr
    netconf.o(.text) refers to netconf.o(.bss) for netif
[...]
    0x08029530   0x0000004c   Code   RO         4639    i.sqrt              m_ws.l(sqrt.o)
    0x0802957c   0x00000100   Data   RO          994    .constdata          os_core.o
    0x0802967c   0x00000008   Data   RO         1278    .constdata          ip_addr.o
    0x08029684   0x00000024   Data   RO         1373    .constdata          memp.o
    0x080296a8   0x00000014   Data   RO         1459    .constdata          tcp.o
    0x080296bc   0x0000000c   Data   RO         1542    .constdata          etharp.o
    0x080296c8   0x00000e3c   Data   RO         1645    .constdata          beep.o
    0x0802a504   0x0000003a   Data   RO         1849    .constdata          ff.o
    0x0802a53e   0x000003c0   Data   RO         1929    .constdata          mycc936.o
    0x0802a8fe   0x00000007   Data   RO         2016    .constdata          cjson.o
    0x0802a905   0x00000241   Data   RO         2066    .constdata          base64.o
    0x0802ab46   0x00000002   PAD
    0x0802ab48   0x00000034   Data   RO         2097    .constdata          guidrv_template.o
    0x0802ab7c   0x00000668   Data   RO         2223    .constdata          hzk_hwxk_24.o
    0x0802b1e4   0x00000010   Data   RO         2233    .constdata          exam.o
    0x0802b1f4   0x00000008   Data   RO         2375    .constdata          STemWin528_CM3_OS_Keil.lib(gui_bmp.o)
    0x0802b1fc   0x00000008   Data   RO         2425    .constdata          STemWin528_CM3_OS_Keil.lib(gui_core.o)
    0x0802b204   0x00000008   Data   RO         2459    .constdata          STemWin528_CM3_OS_Keil.lib(gui_device.o)
    0x0802b20c   0x00000010   Data   RO         2499    .constdata          STemWin528_CM3_OS_Keil.lib(gui_uc_encodeutf8.o)
    0x0802b21c   0x00000018   Data   RO         2532    .constdata          STemWin528_CM3_OS_Keil.lib(guicc_m565.o)
    0x0802b234   0x00000518   Data   RO         2668    .constdata          STemWin528_CM3_OS_Keil.lib(f6x8.o)
    0x0802b74c   0x000001c0   Data   RO         2669    .constdata          STemWin528_CM3_OS_Keil.lib(f6x8.o)
    0x0802b90c   0x00000008   Data   RO         2670    .constdata          STemWin528_CM3_OS_Keil.lib(f6x8.o)
    0x0802b914   0x00000014   Data   RO         2671    .constdata          STemWin528_CM3_OS_Keil.lib(f6x8.o)
    0x0802b928   0x00000024   Data   RO         2672    .constdata          STemWin528_CM3_OS_Keil.lib(f6x8.o)
    0x0802b94c   0x00000010   Data   RO         2674    .constdata          STemWin528_CM3_OS_Keil.lib(f16_1.o)
    0x0802b95c   0x00000010   Data   RO         2675    .constdata          STemWin528_CM3_OS_Keil.lib(f16_1.o)
    0x0802b96c   0x00000010   Data   RO         2676    .constdata          STemWin528_CM3_OS_Keil.lib(f16_1.o)
    0x0802b97c   0x00000010   Data   RO         2677    .constdata          STemWin528_CM3_OS_Keil.lib(f16_1.o)
    0x0802b98c   0x00000010   Data   RO         2678    .constdata          STemWin528_CM3_OS_Keil.lib(f16_1.o)
    0x0802b99c   0x00000010   Data   RO         2679    .constdata          STemWin528_CM3_OS_Keil.lib(f16_1.o)
    0x0802b9ac   0x00000010   Data   RO         2680    .constdata          STemWin528_CM3_OS_Keil.lib(f16_1.o)
    0x0802b9bc   0x00000010   Data   RO         2681    .constdata          STemWin528_CM3_OS_Keil.lib(f16_1.o)
    0x0802b9cc   0x00000010   Data   RO         2682    .constdata          STemWin528_CM3_OS_Keil.lib(f16_1.o)
    0x0802b9dc   0x00000020   Data   RO         2683    .constdata          STemWin528_CM3_OS_Keil.lib(f16_1.o)
    0x0802b9fc   0x00000010   Data   RO         2684    .constdata          STemWin528_CM3_OS_Keil.lib(f16_1.o)
    0x0802ba0c   0x00000010   Data   RO         2685    .constdata          STemWin528_CM3_OS_Keil.lib(f16_1.o)
    0x0802ba1c   0x00000010   Data   RO         2686    .constdata          STemWin528_CM3_OS_Keil.lib(f16_1.o)
    0x0802ba2c   0x00000010   Data   RO         2687    .constdata          STemWin528_CM3_OS_Keil.lib(f16_1.o)
    0x0802ba3c   0x00000020   Data   RO         2688    .constdata          STemWin528_CM3_OS_Keil.lib(f16_1.o)
    0x0802ba5c   0x00000010   Data   RO         2689    .constdata          STemWin528_CM3_OS_Keil.lib(f16_1.o)
    0x0802ba6c   0x00000010   Data   RO         2690    .constdata          STemWin528_CM3_OS_Keil.lib(f16_1.o)
    0x0802ba7c   0x00000010   Data   RO         2691    .constdata          STemWin528_CM3_OS_Keil.lib(f16_1.o)
    0x0802ba8c   0x00000010   Data   RO         2692    .constdata          STemWin528_CM3_OS_Keil.lib(f16_1.o)
    0x0802ba9c   0x00000010   Data   RO         2693    .constdata          STemWin528_CM3_OS_Keil.lib(f16_1.o)
    0x0802baac   0x00000010   Data   RO         2694    .constdata          STemWin528_CM3_OS_Keil.lib(f16_1.o)
    0x0802babc   0x00000010   Data   RO         2695    .constdata          STemWin528_CM3_OS_Keil.lib(f16_1.o)
    0x0802bacc   0x00000010   Data   RO         2696    .constdata          STemWin528_CM3_OS_Keil.lib(f16_1.o)
    0x0802badc   0x00000010   Data   RO         2697    .constdata          STemWin528_CM3_OS_Keil.lib(f16_1.o)
    0x0802baec   0x00000010   Data   RO         2698    .constdata          STemWin528_CM3_OS_Keil.lib(f16_1.o)
    0x0802bafc   0x00000010   Data   RO         2699    .constdata          STemWin528_CM3_OS_Keil.lib(f16_1.o)
    0x0802bb0c   0x00000010   Data   RO         2700    .constdata          STemWin528_CM3_OS_Keil.lib(f16_1.o)
    0x0802bb1c   0x00000010   Data   RO         2701    .constdata          STemWin528_CM3_OS_Keil.lib(f16_1.o)
    0x0802bb2c   0x00000020   Data   RO         2702    .constdata          STemWin528_CM3_OS_Keil.lib(f16_1.o)
    0x0802bb4c   0x00000020   Data   RO         2703    .constdata          STemWin528_CM3_OS_Keil.lib(f16_1.o)
    0x0802bb6c   0x00000020   Data   RO         2704    .constdata          STemWin528_CM3_OS_Keil.lib(f16_1.o)
    0x0802bb8c   0x00000010   Data   RO         2705    .constdata          STemWin528_CM3_OS_Keil.lib(f16_1.o)
    0x0802bb9c   0x00000020   Data   RO         2706    .constdata          STemWin528_CM3_OS_Keil.lib(f16_1.o)
    0x0802bbbc   0x00000020   Data   RO         2707    .constdata          STemWin528_CM3_OS_Keil.lib(f16_1.o)
    0x0802bbdc   0x00000020   Data   RO         2708    .constdata          STemWin528_CM3_OS_Keil.lib(f16_1.o)
    0x0802bbfc   0x00000020   Data   RO         2709    .constdata          STemWin528_CM3_OS_Keil.lib(f16_1.o)
    0x0802bc1c   0x00000020   Data   RO         2710    .constdata          STemWin528_CM3_OS_Keil.lib(f16_1.o)
    0x0802bc3c   0x00000020   Data   RO         2711    .constdata          STemWin528_CM3_OS_Keil.lib(f16_1.o)
    0x0802bc5c   0x00000020   Data   RO         2712    .constdata          STemWin528_CM3_OS_Keil.lib(f16_1.o)
    0x0802bc7c   0x00000020   Data   RO         2713    .constdata          STemWin528_CM3_OS_Keil.lib(f16_1.o)
    0x0802bc9c   0x00000020   Data   RO         2714    .constdata          STemWin528_CM3_OS_Keil.lib(f16_1.o)
    0x0802bcbc   0x00000020   Data   RO         2715    .constdata          STemWin528_CM3_OS_Keil.lib(f16_1.o)
    0x0802bcdc   0x00000020   Data   RO         2716    .constdata          STemWin528_CM3_OS_Keil.lib(f16_1.o)
    0x0802bcfc   0x00000020   Data   RO         2717    .constdata          STemWin528_CM3_OS_Keil.lib(f16_1.o)
    0x0802bd1c   0x00000010   Data   RO         2718    .constdata          STemWin528_CM3_OS_Keil.lib(f16_1.o)
    0x0802bd2c   0x00000010   Data   RO         2719    .constdata          STemWin528_CM3_OS_Keil.lib(f16_1.o)
    0x0802bd3c   0x00000010   Data   RO         2720    .constdata          STemWin528_CM3_OS_Keil.lib(f16_1.o)
    0x0802bd4c   0x00000010   Data   RO         2721    .constdata          STemWin528_CM3_OS_Keil.lib(f16_1.o)
    0x0802bd5c   0x00000020   Data   RO         2722    .constdata          STemWin528_CM3_OS_Keil.lib(f16_1.o)
    0x0802bd7c   0x00000020   Data   RO         2723    .constdata          STemWin528_CM3_OS_Keil.lib(f16_1.o)
    0x0802bd9c   0x00000020   Data   RO         2724    .constdata          STemWin528_CM3_OS_Keil.lib(f16_1.o)
    0x0802bdbc   0x00000020   Data   RO         2725    .constdata          STemWin528_CM3_OS_Keil.lib(f16_1.o)
    0x0802bddc   0x00000020   Data   RO         2726    .constdata          STemWin528_CM3_OS_Keil.lib(f16_1.o)
    0x0802bdfc   0x00000020   Data   RO         2727    .constdata          STemWin528_CM3_OS_Keil.lib(f16_1.o)
    0x0802be1c   0x00000020   Data   RO         2728    .constdata          STemWin528_CM3_OS_Keil.lib(f16_1.o)
    0x0802be3c   0x00000010   Data   RO         2729    .constdata          STemWin528_CM3_OS_Keil.lib(f16_1.o)
    0x0802be4c   0x00000020   Data   RO         2730    .constdata          STemWin528_CM3_OS_Keil.lib(f16_1.o)
    0x0802be6c   0x00000020   Data   RO         2731    .constdata          STemWin528_CM3_OS_Keil.lib(f16_1.o)
    0x0802be8c   0x00000020   Data   RO         2732    .constdata          STemWin528_CM3_OS_Keil.lib(f16_1.o)
    0x0802beac   0x00000020   Data   RO         2733    .constdata          STemWin528_CM3_OS_Keil.lib(f16_1.o)
    0x0802becc   0x00000020   Data   RO         2734    .constdata          STemWin528_CM3_OS_Keil.lib(f16_1.o)
    0x0802beec   0x00000020   Data   RO         2735    .constdata          STemWin528_CM3_OS_Keil.lib(f16_1.o)
    0x0802bf0c   0x00000020   Data   RO         2736    .constdata          STemWin528_CM3_OS_Keil.lib(f16_1.o)
    0x0802bf2c   0x00000020   Data   RO         2737    .constdata          STemWin528_CM3_OS_Keil.lib(f16_1.o)
    0x0802bf4c   0x00000010   Data   RO         2738    .constdata          STemWin528_CM3_OS_Keil.lib(f16_1.o)
    0x0802bf5c   0x00000010   Data   RO         2739    .constdata          STemWin528_CM3_OS_Keil.lib(f16_1.o)
    0x0802bf6c   0x00000010   Data   RO         2740    .constdata          STemWin528_CM3_OS_Keil.lib(f16_1.o)
    0x0802bf7c   0x00000010   Data   RO         2741    .constdata          STemWin528_CM3_OS_Keil.lib(f16_1.o)
    0x0802bf8c   0x00000010   Data   RO         2742    .constdata          STemWin528_CM3_OS_Keil.lib(f16_1.o)
    0x0802bf9c   0x00000010   Data   RO         2743    .constdata          STemWin528_CM3_OS_Keil.lib(f16_1.o)
    0x0802bfac   0x00000020   Data   RO         2744    .constdata          STemWin528_CM3_OS_Keil.lib(f16_1.o)
    0x0802bfcc   0x00000010   Data   RO         2745    .constdata          STemWin528_CM3_OS_Keil.lib(f16_1.o)
    0x0802bfdc   0x00000010   Data   RO         2746    .constdata          STemWin528_CM3_OS_Keil.lib(f16_1.o)
    0x0802bfec   0x00000010   Data   RO         2747    .constdata          STemWin528_CM3_OS_Keil.lib(f16_1.o)
    0x0802bffc   0x00000010   Data   RO         2748    .constdata          STemWin528_CM3_OS_Keil.lib(f16_1.o)
    0x0802c00c   0x00000010   Data   RO         2749    .constdata          STemWin528_CM3_OS_Keil.lib(f16_1.o)
    0x0802c01c   0x00000010   Data   RO         2750    .constdata          STemWin528_CM3_OS_Keil.lib(f16_1.o)
    0x0802c02c   0x00000010   Data   RO         2751    .constdata          STemWin528_CM3_OS_Keil.lib(f16_1.o)
    0x0802c03c   0x00000010   Data   RO         2752    .constdata          STemWin528_CM3_OS_Keil.lib(f16_1.o)
    0x0802c04c   0x00000010   Data   RO         2753    .constdata          STemWin528_CM3_OS_Keil.lib(f16_1.o)
    0x0802c05c   0x00000010   Data   RO         2754    .constdata          STemWin528_CM3_OS_Keil.lib(f16_1.o)
    0x0802c06c   0x00000010   Data   RO         2755    .constdata          STemWin528_CM3_OS_Keil.lib(f16_1.o)
    0x0802c07c   0x00000010   Data   RO         2756    .constdata          STemWin528_CM3_OS_Keil.lib(f16_1.o)
    0x0802c08c   0x00000010   Data   RO         2757    .constdata          STemWin528_CM3_OS_Keil.lib(f16_1.o)
    0x0802c09c   0x00000010   Data   RO         2758    .constdata          STemWin528_CM3_OS_Keil.lib(f16_1.o)
    0x0802c0ac   0x00000010   Data   RO         2759    .constdata          STemWin528_CM3_OS_Keil.lib(f16_1.o)
    0x0802c0bc   0x00000010   Data   RO         2760    .constdata          STemWin528_CM3_OS_Keil.lib(f16_1.o)
    0x0802c0cc   0x00000010   Data   RO         2761    .constdata          STemWin528_CM3_OS_Keil.lib(f16_1.o)
    0x0802c0dc   0x00000010   Data   RO         2762    .constdata          STemWin528_CM3_OS_Keil.lib(f16_1.o)
    0x0802c0ec   0x00000010   Data   RO         2763    .constdata          STemWin528_CM3_OS_Keil.lib(f16_1.o)
    0x0802c0fc   0x00000010   Data   RO         2764    .constdata          STemWin528_CM3_OS_Keil.lib(f16_1.o)
    0x0802c10c   0x00000010   Data   RO         2765    .constdata          STemWin528_CM3_OS_Keil.lib(f16_1.o)
    0x0802c11c   0x00000010   Data   RO         2766    .constdata          STemWin528_CM3_OS_Keil.lib(f16_1.o)
    0x0802c12c   0x00000010   Data   RO         2767    .constdata          STemWin528_CM3_OS_Keil.lib(f16_1.o)
    0x0802c13c   0x00000010   Data   RO         2768    .constdata          STemWin528_CM3_OS_Keil.lib(f16_1.o)
    0x0802c14c   0x00000010   Data   RO         2769    .constdata          STemWin528_CM3_OS_Keil.lib(f16_1.o)
    0x0802c15c   0x00000300   Data   RO         2770    .constdata          STemWin528_CM3_OS_Keil.lib(f16_1.o)
    0x0802c45c   0x0000000c   Data   RO         2771    .constdata          STemWin528_CM3_OS_Keil.lib(f16_1.o)
    0x0802c468   0x00000024   Data   RO         2772    .constdata          STemWin528_CM3_OS_Keil.lib(f16_1.o)
    0x0802c48c   0x00000018   Data   RO         2773    .constdata          STemWin528_CM3_OS_Keil.lib(f24_1.o)
    0x0802c4a4   0x00000018   Data   RO         2774    .constdata          STemWin528_CM3_OS_Keil.lib(f24_1.o)
    0x0802c4bc   0x00000030   Data   RO         2775    .constdata          STemWin528_CM3_OS_Keil.lib(f24_1.o)
    0x0802c4ec   0x00000030   Data   RO         2776    .constdata          STemWin528_CM3_OS_Keil.lib(f24_1.o)
    0x0802c51c   0x00000030   Data   RO         2777    .constdata          STemWin528_CM3_OS_Keil.lib(f24_1.o)
    0x0802c54c   0x00000030   Data   RO         2778    .constdata          STemWin528_CM3_OS_Keil.lib(f24_1.o)
    0x0802c57c   0x00000018   Data   RO         2779    .constdata          STemWin528_CM3_OS_Keil.lib(f24_1.o)
    0x0802c594   0x00000030   Data   RO         2780    .constdata          STemWin528_CM3_OS_Keil.lib(f24_1.o)
    0x0802c5c4   0x00000018   Data   RO         2781    .constdata          STemWin528_CM3_OS_Keil.lib(f24_1.o)
    0x0802c5dc   0x00000030   Data   RO         2782    .constdata          STemWin528_CM3_OS_Keil.lib(f24_1.o)
    0x0802c60c   0x00000018   Data   RO         2783    .constdata          STemWin528_CM3_OS_Keil.lib(f24_1.o)
    0x0802c624   0x00000030   Data   RO         2784    .constdata          STemWin528_CM3_OS_Keil.lib(f24_1.o)
    0x0802c654   0x00000030   Data   RO         2785    .constdata          STemWin528_CM3_OS_Keil.lib(f24_1.o)
    0x0802c684   0x00000018   Data   RO         2786    .constdata          STemWin528_CM3_OS_Keil.lib(f24_1.o)
    0x0802c69c   0x00000030   Data   RO         2787    .constdata          STemWin528_CM3_OS_Keil.lib(f24_1.o)
    0x0802c6cc   0x00000030   Data   RO         2788    .constdata          STemWin528_CM3_OS_Keil.lib(f24_1.o)
    0x0802c6fc   0x00000018   Data   RO         2789    .constdata          STemWin528_CM3_OS_Keil.lib(f24_1.o)
    0x0802c714   0x00000030   Data   RO         2790    .constdata          STemWin528_CM3_OS_Keil.lib(f24_1.o)
    0x0802c744   0x00000018   Data   RO         2791    .constdata          STemWin528_CM3_OS_Keil.lib(f24_1.o)
    0x0802c75c   0x00000018   Data   RO         2792    .constdata          STemWin528_CM3_OS_Keil.lib(f24_1.o)
    0x0802c774   0x00000018   Data   RO         2793    .constdata          STemWin528_CM3_OS_Keil.lib(f24_1.o)
    0x0802c78c   0x00000030   Data   RO         2794    .constdata          STemWin528_CM3_OS_Keil.lib(f24_1.o)
    0x0802c7bc   0x00000030   Data   RO         2795    .constdata          STemWin528_CM3_OS_Keil.lib(f24_1.o)
    0x0802c7ec   0x00000018   Data   RO         2796    .constdata          STemWin528_CM3_OS_Keil.lib(f24_1.o)
    0x0802c804   0x00000018   Data   RO         2797    .constdata          STemWin528_CM3_OS_Keil.lib(f24_1.o)
    0x0802c81c   0x00000018   Data   RO         2798    .constdata          STemWin528_CM3_OS_Keil.lib(f24_1.o)
    0x0802c834   0x00000018   Data   RO         2799    .constdata          STemWin528_CM3_OS_Keil.lib(f24_1.o)
    0x0802c84c   0x00000030   Data   RO         2800    .constdata          STemWin528_CM3_OS_Keil.lib(f24_1.o)
    0x0802c87c   0x00000048   Data   RO         2801    .constdata          STemWin528_CM3_OS_Keil.lib(f24_1.o)
    0x0802c8c4   0x00000048   Data   RO         2802    .constdata          STemWin528_CM3_OS_Keil.lib(f24_1.o)
    0x0802c90c   0x00000048   Data   RO         2803    .constdata          STemWin528_CM3_OS_Keil.lib(f24_1.o)
    0x0802c954   0x00000030   Data   RO         2804    .constdata          STemWin528_CM3_OS_Keil.lib(f24_1.o)
    0x0802c984   0x00000030   Data   RO         2805    .constdata          STemWin528_CM3_OS_Keil.lib(f24_1.o)
    0x0802c9b4   0x00000030   Data   RO         2806    .constdata          STemWin528_CM3_OS_Keil.lib(f24_1.o)
    0x0802c9e4   0x00000030   Data   RO         2807    .constdata          STemWin528_CM3_OS_Keil.lib(f24_1.o)
    0x0802ca14   0x00000030   Data   RO         2808    .constdata          STemWin528_CM3_OS_Keil.lib(f24_1.o)
    0x0802ca44   0x00000030   Data   RO         2809    .constdata          STemWin528_CM3_OS_Keil.lib(f24_1.o)
    0x0802ca74   0x00000030   Data   RO         2810    .constdata          STemWin528_CM3_OS_Keil.lib(f24_1.o)
    0x0802caa4   0x00000048   Data   RO         2811    .constdata          STemWin528_CM3_OS_Keil.lib(f24_1.o)
    0x0802caec   0x00000030   Data   RO         2812    .constdata          STemWin528_CM3_OS_Keil.lib(f24_1.o)
    0x0802cb1c   0x00000030   Data   RO         2813    .constdata          STemWin528_CM3_OS_Keil.lib(f24_1.o)
    0x0802cb4c   0x00000030   Data   RO         2814    .constdata          STemWin528_CM3_OS_Keil.lib(f24_1.o)
    0x0802cb7c   0x00000030   Data   RO         2815    .constdata          STemWin528_CM3_OS_Keil.lib(f24_1.o)
    0x0802cbac   0x00000030   Data   RO         2816    .constdata          STemWin528_CM3_OS_Keil.lib(f24_1.o)
    0x0802cbdc   0x00000018   Data   RO         2817    .constdata          STemWin528_CM3_OS_Keil.lib(f24_1.o)
    0x0802cbf4   0x00000018   Data   RO         2818    .constdata          STemWin528_CM3_OS_Keil.lib(f24_1.o)
    0x0802cc0c   0x00000018   Data   RO         2819    .constdata          STemWin528_CM3_OS_Keil.lib(f24_1.o)
    0x0802cc24   0x00000018   Data   RO         2820    .constdata          STemWin528_CM3_OS_Keil.lib(f24_1.o)
    0x0802cc3c   0x00000030   Data   RO         2821    .constdata          STemWin528_CM3_OS_Keil.lib(f24_1.o)
    0x0802cc6c   0x00000030   Data   RO         2822    .constdata          STemWin528_CM3_OS_Keil.lib(f24_1.o)
    0x0802cc9c   0x00000030   Data   RO         2823    .constdata          STemWin528_CM3_OS_Keil.lib(f24_1.o)
    0x0802cccc   0x00000030   Data   RO         2824    .constdata          STemWin528_CM3_OS_Keil.lib(f24_1.o)
    0x0802ccfc   0x00000030   Data   RO         2825    .constdata          STemWin528_CM3_OS_Keil.lib(f24_1.o)
    0x0802cd2c   0x00000030   Data   RO         2826    .constdata          STemWin528_CM3_OS_Keil.lib(f24_1.o)
    0x0802cd5c   0x00000030   Data   RO         2827    .constdata          STemWin528_CM3_OS_Keil.lib(f24_1.o)
    0x0802cd8c   0x00000030   Data   RO         2828    .constdata          STemWin528_CM3_OS_Keil.lib(f24_1.o)
    0x0802cdbc   0x00000030   Data   RO         2829    .constdata          STemWin528_CM3_OS_Keil.lib(f24_1.o)
    0x0802cdec   0x00000030   Data   RO         2830    .constdata          STemWin528_CM3_OS_Keil.lib(f24_1.o)
    0x0802ce1c   0x00000030   Data   RO         2831    .constdata          STemWin528_CM3_OS_Keil.lib(f24_1.o)
    0x0802ce4c   0x00000030   Data   RO         2832    .constdata          STemWin528_CM3_OS_Keil.lib(f24_1.o)
    0x0802ce7c   0x00000030   Data   RO         2833    .constdata          STemWin528_CM3_OS_Keil.lib(f24_1.o)
    0x0802ceac   0x00000030   Data   RO         2834    .constdata          STemWin528_CM3_OS_Keil.lib(f24_1.o)
    0x0802cedc   0x00000030   Data   RO         2835    .constdata          STemWin528_CM3_OS_Keil.lib(f24_1.o)
    0x0802cf0c   0x00000030   Data   RO         2836    .constdata          STemWin528_CM3_OS_Keil.lib(f24_1.o)
    0x0802cf3c   0x00000030   Data   RO         2837    .constdata          STemWin528_CM3_OS_Keil.lib(f24_1.o)
    0x0802cf6c   0x00000030   Data   RO         2838    .constdata          STemWin528_CM3_OS_Keil.lib(f24_1.o)
    0x0802cf9c   0x00000030   Data   RO         2839    .constdata          STemWin528_CM3_OS_Keil.lib(f24_1.o)
    0x0802cfcc   0x00000030   Data   RO         2840    .constdata          STemWin528_CM3_OS_Keil.lib(f24_1.o)
    0x0802cffc   0x00000030   Data   RO         2841    .constdata          STemWin528_CM3_OS_Keil.lib(f24_1.o)
    0x0802d02c   0x00000030   Data   RO         2842    .constdata          STemWin528_CM3_OS_Keil.lib(f24_1.o)
    0x0802d05c   0x00000048   Data   RO         2843    .constdata          STemWin528_CM3_OS_Keil.lib(f24_1.o)
    0x0802d0a4   0x00000030   Data   RO         2844    .constdata          STemWin528_CM3_OS_Keil.lib(f24_1.o)
    0x0802d0d4   0x00000030   Data   RO         2845    .constdata          STemWin528_CM3_OS_Keil.lib(f24_1.o)
    0x0802d104   0x00000030   Data   RO         2846    .constdata          STemWin528_CM3_OS_Keil.lib(f24_1.o)
    0x0802d134   0x00000030   Data   RO         2847    .constdata          STemWin528_CM3_OS_Keil.lib(f24_1.o)
    0x0802d164   0x00000030   Data   RO         2848    .constdata          STemWin528_CM3_OS_Keil.lib(f24_1.o)
    0x0802d194   0x00000018   Data   RO         2849    .constdata          STemWin528_CM3_OS_Keil.lib(f24_1.o)
    0x0802d1ac   0x00000018   Data   RO         2850    .constdata          STemWin528_CM3_OS_Keil.lib(f24_1.o)
    0x0802d1c4   0x00000018   Data   RO         2851    .constdata          STemWin528_CM3_OS_Keil.lib(f24_1.o)
    0x0802d1dc   0x00000018   Data   RO         2852    .constdata          STemWin528_CM3_OS_Keil.lib(f24_1.o)
    0x0802d1f4   0x00000030   Data   RO         2853    .constdata          STemWin528_CM3_OS_Keil.lib(f24_1.o)
    0x0802d224   0x00000030   Data   RO         2854    .constdata          STemWin528_CM3_OS_Keil.lib(f24_1.o)
    0x0802d254   0x00000030   Data   RO         2855    .constdata          STemWin528_CM3_OS_Keil.lib(f24_1.o)
    0x0802d284   0x00000030   Data   RO         2856    .constdata          STemWin528_CM3_OS_Keil.lib(f24_1.o)
    0x0802d2b4   0x00000030   Data   RO         2857    .constdata          STemWin528_CM3_OS_Keil.lib(f24_1.o)
    0x0802d2e4   0x00000030   Data   RO         2858    .constdata          STemWin528_CM3_OS_Keil.lib(f24_1.o)
    0x0802d314   0x00000030   Data   RO         2859    .constdata          STemWin528_CM3_OS_Keil.lib(f24_1.o)
    0x0802d344   0x00000030   Data   RO         2860    .constdata          STemWin528_CM3_OS_Keil.lib(f24_1.o)
    0x0802d374   0x00000030   Data   RO         2861    .constdata          STemWin528_CM3_OS_Keil.lib(f24_1.o)
    0x0802d3a4   0x00000030   Data   RO         2862    .constdata          STemWin528_CM3_OS_Keil.lib(f24_1.o)
    0x0802d3d4   0x00000030   Data   RO         2863    .constdata          STemWin528_CM3_OS_Keil.lib(f24_1.o)
    0x0802d404   0x00000030   Data   RO         2864    .constdata          STemWin528_CM3_OS_Keil.lib(f24_1.o)
    0x0802d434   0x00000030   Data   RO         2865    .constdata          STemWin528_CM3_OS_Keil.lib(f24_1.o)
    0x0802d464   0x00000030   Data   RO         2866    .constdata          STemWin528_CM3_OS_Keil.lib(f24_1.o)
    0x0802d494   0x00000030   Data   RO         2867    .constdata          STemWin528_CM3_OS_Keil.lib(f24_1.o)
    0x0802d4c4   0x00000030   Data   RO         2868    .constdata          STemWin528_CM3_OS_Keil.lib(f24_1.o)
    0x0802d4f4   0x00000300   Data   RO         2869    .constdata          STemWin528_CM3_OS_Keil.lib(f24_1.o)
    0x0802d7f4   0x0000000c   Data   RO         2870    .constdata          STemWin528_CM3_OS_Keil.lib(f24_1.o)
    0x0802d800   0x00000024   Data   RO         2871    .constdata          STemWin528_CM3_OS_Keil.lib(f24_1.o)
    0x0802d824   0x00000020   Data   RO         2872    .constdata          STemWin528_CM3_OS_Keil.lib(f32_ascii.o)
    0x0802d844   0x00000020   Data   RO         2873    .constdata          STemWin528_CM3_OS_Keil.lib(f32_ascii.o)
    0x0802d864   0x00000040   Data   RO         2874    .constdata          STemWin528_CM3_OS_Keil.lib(f32_ascii.o)
    0x0802d8a4   0x00000040   Data   RO         2875    .constdata          STemWin528_CM3_OS_Keil.lib(f32_ascii.o)
    0x0802d8e4   0x00000040   Data   RO         2876    .constdata          STemWin528_CM3_OS_Keil.lib(f32_ascii.o)
    0x0802d924   0x00000060   Data   RO         2877    .constdata          STemWin528_CM3_OS_Keil.lib(f32_ascii.o)
    0x0802d984   0x00000060   Data   RO         2878    .constdata          STemWin528_CM3_OS_Keil.lib(f32_ascii.o)
    0x0802d9e4   0x00000020   Data   RO         2879    .constdata          STemWin528_CM3_OS_Keil.lib(f32_ascii.o)
    0x0802da04   0x00000040   Data   RO         2880    .constdata          STemWin528_CM3_OS_Keil.lib(f32_ascii.o)
    0x0802da44   0x00000040   Data   RO         2881    .constdata          STemWin528_CM3_OS_Keil.lib(f32_ascii.o)
    0x0802da84   0x00000040   Data   RO         2882    .constdata          STemWin528_CM3_OS_Keil.lib(f32_ascii.o)
    0x0802dac4   0x00000040   Data   RO         2883    .constdata          STemWin528_CM3_OS_Keil.lib(f32_ascii.o)
    0x0802db04   0x00000020   Data   RO         2884    .constdata          STemWin528_CM3_OS_Keil.lib(f32_ascii.o)
    0x0802db24   0x00000040   Data   RO         2885    .constdata          STemWin528_CM3_OS_Keil.lib(f32_ascii.o)
    0x0802db64   0x00000020   Data   RO         2886    .constdata          STemWin528_CM3_OS_Keil.lib(f32_ascii.o)
    0x0802db84   0x00000020   Data   RO         2887    .constdata          STemWin528_CM3_OS_Keil.lib(f32_ascii.o)
    0x0802dba4   0x00000040   Data   RO         2888    .constdata          STemWin528_CM3_OS_Keil.lib(f32_ascii.o)
    0x0802dbe4   0x00000040   Data   RO         2889    .constdata          STemWin528_CM3_OS_Keil.lib(f32_ascii.o)
    0x0802dc24   0x00000040   Data   RO         2890    .constdata          STemWin528_CM3_OS_Keil.lib(f32_ascii.o)
    0x0802dc64   0x00000040   Data   RO         2891    .constdata          STemWin528_CM3_OS_Keil.lib(f32_ascii.o)
    0x0802dca4   0x00000040   Data   RO         2892    .constdata          STemWin528_CM3_OS_Keil.lib(f32_ascii.o)
    0x0802dce4   0x00000040   Data   RO         2893    .constdata          STemWin528_CM3_OS_Keil.lib(f32_ascii.o)
    0x0802dd24   0x00000040   Data   RO         2894    .constdata          STemWin528_CM3_OS_Keil.lib(f32_ascii.o)
    0x0802dd64   0x00000040   Data   RO         2895    .constdata          STemWin528_CM3_OS_Keil.lib(f32_ascii.o)
    0x0802dda4   0x00000040   Data   RO         2896    .constdata          STemWin528_CM3_OS_Keil.lib(f32_ascii.o)
    0x0802dde4   0x00000040   Data   RO         2897    .constdata          STemWin528_CM3_OS_Keil.lib(f32_ascii.o)
    0x0802de24   0x00000020   Data   RO         2898    .constdata          STemWin528_CM3_OS_Keil.lib(f32_ascii.o)
    0x0802de44   0x00000020   Data   RO         2899    .constdata          STemWin528_CM3_OS_Keil.lib(f32_ascii.o)
    0x0802de64   0x00000040   Data   RO         2900    .constdata          STemWin528_CM3_OS_Keil.lib(f32_ascii.o)
    0x0802dea4   0x00000040   Data   RO         2901    .constdata          STemWin528_CM3_OS_Keil.lib(f32_ascii.o)
    0x0802dee4   0x00000040   Data   RO         2902    .constdata          STemWin528_CM3_OS_Keil.lib(f32_ascii.o)
    0x0802df24   0x00000040   Data   RO         2903    .constdata          STemWin528_CM3_OS_Keil.lib(f32_ascii.o)
    0x0802df64   0x00000080   Data   RO         2904    .constdata          STemWin528_CM3_OS_Keil.lib(f32_ascii.o)
    0x0802dfe4   0x00000060   Data   RO         2905    .constdata          STemWin528_CM3_OS_Keil.lib(f32_ascii.o)
    0x0802e044   0x00000060   Data   RO         2906    .constdata          STemWin528_CM3_OS_Keil.lib(f32_ascii.o)
    0x0802e0a4   0x00000060   Data   RO         2907    .constdata          STemWin528_CM3_OS_Keil.lib(f32_ascii.o)
    0x0802e104   0x00000060   Data   RO         2908    .constdata          STemWin528_CM3_OS_Keil.lib(f32_ascii.o)
    0x0802e164   0x00000060   Data   RO         2909    .constdata          STemWin528_CM3_OS_Keil.lib(f32_ascii.o)
    0x0802e1c4   0x00000060   Data   RO         2910    .constdata          STemWin528_CM3_OS_Keil.lib(f32_ascii.o)
    0x0802e224   0x00000060   Data   RO         2911    .constdata          STemWin528_CM3_OS_Keil.lib(f32_ascii.o)
    0x0802e284   0x00000060   Data   RO         2912    .constdata          STemWin528_CM3_OS_Keil.lib(f32_ascii.o)
    0x0802e2e4   0x00000020   Data   RO         2913    .constdata          STemWin528_CM3_OS_Keil.lib(f32_ascii.o)
    0x0802e304   0x00000040   Data   RO         2914    .constdata          STemWin528_CM3_OS_Keil.lib(f32_ascii.o)
    0x0802e344   0x00000060   Data   RO         2915    .constdata          STemWin528_CM3_OS_Keil.lib(f32_ascii.o)
    0x0802e3a4   0x00000040   Data   RO         2916    .constdata          STemWin528_CM3_OS_Keil.lib(f32_ascii.o)
    0x0802e3e4   0x00000060   Data   RO         2917    .constdata          STemWin528_CM3_OS_Keil.lib(f32_ascii.o)
    0x0802e444   0x00000060   Data   RO         2918    .constdata          STemWin528_CM3_OS_Keil.lib(f32_ascii.o)
    0x0802e4a4   0x00000060   Data   RO         2919    .constdata          STemWin528_CM3_OS_Keil.lib(f32_ascii.o)
    0x0802e504   0x00000060   Data   RO         2920    .constdata          STemWin528_CM3_OS_Keil.lib(f32_ascii.o)
    0x0802e564   0x00000060   Data   RO         2921    .constdata          STemWin528_CM3_OS_Keil.lib(f32_ascii.o)
    0x0802e5c4   0x00000060   Data   RO         2922    .constdata          STemWin528_CM3_OS_Keil.lib(f32_ascii.o)
    0x0802e624   0x00000060   Data   RO         2923    .constdata          STemWin528_CM3_OS_Keil.lib(f32_ascii.o)
    0x0802e684   0x00000040   Data   RO         2924    .constdata          STemWin528_CM3_OS_Keil.lib(f32_ascii.o)
    0x0802e6c4   0x00000060   Data   RO         2925    .constdata          STemWin528_CM3_OS_Keil.lib(f32_ascii.o)
    0x0802e724   0x00000060   Data   RO         2926    .constdata          STemWin528_CM3_OS_Keil.lib(f32_ascii.o)
    0x0802e784   0x00000080   Data   RO         2927    .constdata          STemWin528_CM3_OS_Keil.lib(f32_ascii.o)
    0x0802e804   0x00000060   Data   RO         2928    .constdata          STemWin528_CM3_OS_Keil.lib(f32_ascii.o)
    0x0802e864   0x00000060   Data   RO         2929    .constdata          STemWin528_CM3_OS_Keil.lib(f32_ascii.o)
    0x0802e8c4   0x00000060   Data   RO         2930    .constdata          STemWin528_CM3_OS_Keil.lib(f32_ascii.o)
    0x0802e924   0x00000020   Data   RO         2931    .constdata          STemWin528_CM3_OS_Keil.lib(f32_ascii.o)
    0x0802e944   0x00000020   Data   RO         2932    .constdata          STemWin528_CM3_OS_Keil.lib(f32_ascii.o)
    0x0802e964   0x00000020   Data   RO         2933    .constdata          STemWin528_CM3_OS_Keil.lib(f32_ascii.o)
    0x0802e984   0x00000040   Data   RO         2934    .constdata          STemWin528_CM3_OS_Keil.lib(f32_ascii.o)
    0x0802e9c4   0x00000040   Data   RO         2935    .constdata          STemWin528_CM3_OS_Keil.lib(f32_ascii.o)
    0x0802ea04   0x00000040   Data   RO         2936    .constdata          STemWin528_CM3_OS_Keil.lib(f32_ascii.o)
    0x0802ea44   0x00000040   Data   RO         2937    .constdata          STemWin528_CM3_OS_Keil.lib(f32_ascii.o)
    0x0802ea84   0x00000040   Data   RO         2938    .constdata          STemWin528_CM3_OS_Keil.lib(f32_ascii.o)
    0x0802eac4   0x00000040   Data   RO         2939    .constdata          STemWin528_CM3_OS_Keil.lib(f32_ascii.o)
    0x0802eb04   0x00000040   Data   RO         2940    .constdata          STemWin528_CM3_OS_Keil.lib(f32_ascii.o)
    0x0802eb44   0x00000040   Data   RO         2941    .constdata          STemWin528_CM3_OS_Keil.lib(f32_ascii.o)
    0x0802eb84   0x00000020   Data   RO         2942    .constdata          STemWin528_CM3_OS_Keil.lib(f32_ascii.o)
    0x0802eba4   0x00000040   Data   RO         2943    .constdata          STemWin528_CM3_OS_Keil.lib(f32_ascii.o)
    0x0802ebe4   0x00000040   Data   RO         2944    .constdata          STemWin528_CM3_OS_Keil.lib(f32_ascii.o)
    0x0802ec24   0x00000020   Data   RO         2945    .constdata          STemWin528_CM3_OS_Keil.lib(f32_ascii.o)
    0x0802ec44   0x00000020   Data   RO         2946    .constdata          STemWin528_CM3_OS_Keil.lib(f32_ascii.o)
    0x0802ec64   0x00000040   Data   RO         2947    .constdata          STemWin528_CM3_OS_Keil.lib(f32_ascii.o)
    0x0802eca4   0x00000020   Data   RO         2948    .constdata          STemWin528_CM3_OS_Keil.lib(f32_ascii.o)
    0x0802ecc4   0x00000060   Data   RO         2949    .constdata          STemWin528_CM3_OS_Keil.lib(f32_ascii.o)
    0x0802ed24   0x00000040   Data   RO         2950    .constdata          STemWin528_CM3_OS_Keil.lib(f32_ascii.o)
    0x0802ed64   0x00000040   Data   RO         2951    .constdata          STemWin528_CM3_OS_Keil.lib(f32_ascii.o)
    0x0802eda4   0x00000040   Data   RO         2952    .constdata          STemWin528_CM3_OS_Keil.lib(f32_ascii.o)
    0x0802ede4   0x00000040   Data   RO         2953    .constdata          STemWin528_CM3_OS_Keil.lib(f32_ascii.o)
    0x0802ee24   0x00000040   Data   RO         2954    .constdata          STemWin528_CM3_OS_Keil.lib(f32_ascii.o)
    0x0802ee64   0x00000040   Data   RO         2955    .constdata          STemWin528_CM3_OS_Keil.lib(f32_ascii.o)
    0x0802eea4   0x00000020   Data   RO         2956    .constdata          STemWin528_CM3_OS_Keil.lib(f32_ascii.o)
    0x0802eec4   0x00000040   Data   RO         2957    .constdata          STemWin528_CM3_OS_Keil.lib(f32_ascii.o)
    0x0802ef04   0x00000040   Data   RO         2958    .constdata          STemWin528_CM3_OS_Keil.lib(f32_ascii.o)
    0x0802ef44   0x00000060   Data   RO         2959    .constdata          STemWin528_CM3_OS_Keil.lib(f32_ascii.o)
    0x0802efa4   0x00000040   Data   RO         2960    .constdata          STemWin528_CM3_OS_Keil.lib(f32_ascii.o)
    0x0802efe4   0x00000040   Data   RO         2961    .constdata          STemWin528_CM3_OS_Keil.lib(f32_ascii.o)
    0x0802f024   0x00000040   Data   RO         2962    .constdata          STemWin528_CM3_OS_Keil.lib(f32_ascii.o)
    0x0802f064   0x00000040   Data   RO         2963    .constdata          STemWin528_CM3_OS_Keil.lib(f32_ascii.o)
    0x0802f0a4   0x00000020   Data   RO         2964    .constdata          STemWin528_CM3_OS_Keil.lib(f32_ascii.o)
    0x0802f0c4   0x00000040   Data   RO         2965    .constdata          STemWin528_CM3_OS_Keil.lib(f32_ascii.o)
    0x0802f104   0x00000040   Data   RO         2966    .constdata          STemWin528_CM3_OS_Keil.lib(f32_ascii.o)
    0x0802f144   0x000002f8   Data   RO         2967    .constdata          STemWin528_CM3_OS_Keil.lib(f32_ascii.o)
    0x0802f43c   0x0000000c   Data   RO         2968    .constdata          STemWin528_CM3_OS_Keil.lib(f32_ascii.o)
    0x0802f448   0x00000024   Data   RO         2969    .constdata          STemWin528_CM3_OS_Keil.lib(f32_ascii.o)
    0x0802f46c   0x00000074   Data   RO         3006    .constdata          STemWin528_CM3_OS_Keil.lib(guidev_16.o)
    0x0802f4e0   0x00000020   Data   RO         3039    .constdata          STemWin528_CM3_OS_Keil.lib(gui__divtbl_31_255.o)
    0x0802f500   0x00000040   Data   RO         3040    .constdata          STemWin528_CM3_OS_Keil.lib(gui__divtbl_63_255.o)
    0x0802f540   0x00000100   Data   RO         3041    .constdata          STemWin528_CM3_OS_Keil.lib(gui__divtbl_255_31.o)
    0x0802f640   0x00000100   Data   RO         3042    .constdata          STemWin528_CM3_OS_Keil.lib(gui__divtbl_255_63.o)
    0x0802f740   0x00000010   Data   RO         3165    .constdata          STemWin528_CM3_OS_Keil.lib(gui_uc_encodenone.o)
    0x0802f750   0x00000018   Data   RO         3175    .constdata          STemWin528_CM3_OS_Keil.lib(guicc_8888.o)
    0x0802f768   0x0000000c   Data   RO         3200    .constdata          STemWin528_CM3_OS_Keil.lib(lcd.o)
    0x0802f774   0x00000100   Data   RO         3239    .constdata          STemWin528_CM3_OS_Keil.lib(lcd_mirror.o)
    0x0802f874   0x00000010   Data   RO         3242    .constdata          STemWin528_CM3_OS_Keil.lib(f16_ascii.o)
    0x0802f884   0x00000010   Data   RO         3243    .constdata          STemWin528_CM3_OS_Keil.lib(f16_ascii.o)
    0x0802f894   0x00000010   Data   RO         3244    .constdata          STemWin528_CM3_OS_Keil.lib(f16_ascii.o)
    0x0802f8a4   0x00000010   Data   RO         3245    .constdata          STemWin528_CM3_OS_Keil.lib(f16_ascii.o)
    0x0802f8b4   0x00000010   Data   RO         3246    .constdata          STemWin528_CM3_OS_Keil.lib(f16_ascii.o)
    0x0802f8c4   0x00000020   Data   RO         3247    .constdata          STemWin528_CM3_OS_Keil.lib(f16_ascii.o)
    0x0802f8e4   0x00000020   Data   RO         3248    .constdata          STemWin528_CM3_OS_Keil.lib(f16_ascii.o)
    0x0802f904   0x00000010   Data   RO         3249    .constdata          STemWin528_CM3_OS_Keil.lib(f16_ascii.o)
    0x0802f914   0x00000010   Data   RO         3250    .constdata          STemWin528_CM3_OS_Keil.lib(f16_ascii.o)
    0x0802f924   0x00000010   Data   RO         3251    .constdata          STemWin528_CM3_OS_Keil.lib(f16_ascii.o)
    0x0802f934   0x00000010   Data   RO         3252    .constdata          STemWin528_CM3_OS_Keil.lib(f16_ascii.o)
    0x0802f944   0x00000010   Data   RO         3253    .constdata          STemWin528_CM3_OS_Keil.lib(f16_ascii.o)
    0x0802f954   0x00000010   Data   RO         3254    .constdata          STemWin528_CM3_OS_Keil.lib(f16_ascii.o)
    0x0802f964   0x00000010   Data   RO         3255    .constdata          STemWin528_CM3_OS_Keil.lib(f16_ascii.o)
    0x0802f974   0x00000010   Data   RO         3256    .constdata          STemWin528_CM3_OS_Keil.lib(f16_ascii.o)
    0x0802f984   0x00000010   Data   RO         3257    .constdata          STemWin528_CM3_OS_Keil.lib(f16_ascii.o)
    0x0802f994   0x00000010   Data   RO         3258    .constdata          STemWin528_CM3_OS_Keil.lib(f16_ascii.o)
    0x0802f9a4   0x00000010   Data   RO         3259    .constdata          STemWin528_CM3_OS_Keil.lib(f16_ascii.o)
    0x0802f9b4   0x00000010   Data   RO         3260    .constdata          STemWin528_CM3_OS_Keil.lib(f16_ascii.o)
    0x0802f9c4   0x00000010   Data   RO         3261    .constdata          STemWin528_CM3_OS_Keil.lib(f16_ascii.o)
    0x0802f9d4   0x00000010   Data   RO         3262    .constdata          STemWin528_CM3_OS_Keil.lib(f16_ascii.o)
    0x0802f9e4   0x00000010   Data   RO         3263    .constdata          STemWin528_CM3_OS_Keil.lib(f16_ascii.o)
    0x0802f9f4   0x00000010   Data   RO         3264    .constdata          STemWin528_CM3_OS_Keil.lib(f16_ascii.o)
    0x0802fa04   0x00000010   Data   RO         3265    .constdata          STemWin528_CM3_OS_Keil.lib(f16_ascii.o)
    0x0802fa14   0x00000010   Data   RO         3266    .constdata          STemWin528_CM3_OS_Keil.lib(f16_ascii.o)
    0x0802fa24   0x00000010   Data   RO         3267    .constdata          STemWin528_CM3_OS_Keil.lib(f16_ascii.o)
    0x0802fa34   0x00000010   Data   RO         3268    .constdata          STemWin528_CM3_OS_Keil.lib(f16_ascii.o)
    0x0802fa44   0x00000010   Data   RO         3269    .constdata          STemWin528_CM3_OS_Keil.lib(f16_ascii.o)
    0x0802fa54   0x00000010   Data   RO         3270    .constdata          STemWin528_CM3_OS_Keil.lib(f16_ascii.o)
    0x0802fa64   0x00000010   Data   RO         3271    .constdata          STemWin528_CM3_OS_Keil.lib(f16_ascii.o)
    0x0802fa74   0x00000010   Data   RO         3272    .constdata          STemWin528_CM3_OS_Keil.lib(f16_ascii.o)
    0x0802fa84   0x00000010   Data   RO         3273    .constdata          STemWin528_CM3_OS_Keil.lib(f16_ascii.o)
    0x0802fa94   0x00000020   Data   RO         3274    .constdata          STemWin528_CM3_OS_Keil.lib(f16_ascii.o)
    0x0802fab4   0x00000020   Data   RO         3275    .constdata          STemWin528_CM3_OS_Keil.lib(f16_ascii.o)
    0x0802fad4   0x00000020   Data   RO         3276    .constdata          STemWin528_CM3_OS_Keil.lib(f16_ascii.o)
    0x0802faf4   0x00000020   Data   RO         3277    .constdata          STemWin528_CM3_OS_Keil.lib(f16_ascii.o)
    0x0802fb14   0x00000020   Data   RO         3278    .constdata          STemWin528_CM3_OS_Keil.lib(f16_ascii.o)
    0x0802fb34   0x00000020   Data   RO         3279    .constdata          STemWin528_CM3_OS_Keil.lib(f16_ascii.o)
    0x0802fb54   0x00000010   Data   RO         3280    .constdata          STemWin528_CM3_OS_Keil.lib(f16_ascii.o)
    0x0802fb64   0x00000020   Data   RO         3281    .constdata          STemWin528_CM3_OS_Keil.lib(f16_ascii.o)
    0x0802fb84   0x00000020   Data   RO         3282    .constdata          STemWin528_CM3_OS_Keil.lib(f16_ascii.o)
    0x0802fba4   0x00000010   Data   RO         3283    .constdata          STemWin528_CM3_OS_Keil.lib(f16_ascii.o)
    0x0802fbb4   0x00000010   Data   RO         3284    .constdata          STemWin528_CM3_OS_Keil.lib(f16_ascii.o)
    0x0802fbc4   0x00000020   Data   RO         3285    .constdata          STemWin528_CM3_OS_Keil.lib(f16_ascii.o)
    0x0802fbe4   0x00000010   Data   RO         3286    .constdata          STemWin528_CM3_OS_Keil.lib(f16_ascii.o)
    0x0802fbf4   0x00000020   Data   RO         3287    .constdata          STemWin528_CM3_OS_Keil.lib(f16_ascii.o)
    0x0802fc14   0x00000020   Data   RO         3288    .constdata          STemWin528_CM3_OS_Keil.lib(f16_ascii.o)
    0x0802fc34   0x00000020   Data   RO         3289    .constdata          STemWin528_CM3_OS_Keil.lib(f16_ascii.o)
    0x0802fc54   0x00000020   Data   RO         3290    .constdata          STemWin528_CM3_OS_Keil.lib(f16_ascii.o)
    0x0802fc74   0x00000020   Data   RO         3291    .constdata          STemWin528_CM3_OS_Keil.lib(f16_ascii.o)
    0x0802fc94   0x00000020   Data   RO         3292    .constdata          STemWin528_CM3_OS_Keil.lib(f16_ascii.o)
    0x0802fcb4   0x00000020   Data   RO         3293    .constdata          STemWin528_CM3_OS_Keil.lib(f16_ascii.o)
    0x0802fcd4   0x00000010   Data   RO         3294    .constdata          STemWin528_CM3_OS_Keil.lib(f16_ascii.o)
    0x0802fce4   0x00000020   Data   RO         3295    .constdata          STemWin528_CM3_OS_Keil.lib(f16_ascii.o)
    0x0802fd04   0x00000020   Data   RO         3296    .constdata          STemWin528_CM3_OS_Keil.lib(f16_ascii.o)
    0x0802fd24   0x00000020   Data   RO         3297    .constdata          STemWin528_CM3_OS_Keil.lib(f16_ascii.o)
    0x0802fd44   0x00000010   Data   RO         3298    .constdata          STemWin528_CM3_OS_Keil.lib(f16_ascii.o)
    0x0802fd54   0x00000020   Data   RO         3299    .constdata          STemWin528_CM3_OS_Keil.lib(f16_ascii.o)
    0x0802fd74   0x00000010   Data   RO         3300    .constdata          STemWin528_CM3_OS_Keil.lib(f16_ascii.o)
    0x0802fd84   0x00000010   Data   RO         3301    .constdata          STemWin528_CM3_OS_Keil.lib(f16_ascii.o)
    0x0802fd94   0x00000010   Data   RO         3302    .constdata          STemWin528_CM3_OS_Keil.lib(f16_ascii.o)
    0x0802fda4   0x00000010   Data   RO         3303    .constdata          STemWin528_CM3_OS_Keil.lib(f16_ascii.o)
    0x0802fdb4   0x00000010   Data   RO         3304    .constdata          STemWin528_CM3_OS_Keil.lib(f16_ascii.o)
    0x0802fdc4   0x00000010   Data   RO         3305    .constdata          STemWin528_CM3_OS_Keil.lib(f16_ascii.o)
    0x0802fdd4   0x00000010   Data   RO         3306    .constdata          STemWin528_CM3_OS_Keil.lib(f16_ascii.o)
    0x0802fde4   0x00000010   Data   RO         3307    .constdata          STemWin528_CM3_OS_Keil.lib(f16_ascii.o)
    0x0802fdf4   0x00000010   Data   RO         3308    .constdata          STemWin528_CM3_OS_Keil.lib(f16_ascii.o)
    0x0802fe04   0x00000010   Data   RO         3309    .constdata          STemWin528_CM3_OS_Keil.lib(f16_ascii.o)
    0x0802fe14   0x00000010   Data   RO         3310    .constdata          STemWin528_CM3_OS_Keil.lib(f16_ascii.o)
    0x0802fe24   0x00000010   Data   RO         3311    .constdata          STemWin528_CM3_OS_Keil.lib(f16_ascii.o)
    0x0802fe34   0x00000010   Data   RO         3312    .constdata          STemWin528_CM3_OS_Keil.lib(f16_ascii.o)
    0x0802fe44   0x00000010   Data   RO         3313    .constdata          STemWin528_CM3_OS_Keil.lib(f16_ascii.o)
    0x0802fe54   0x00000010   Data   RO         3314    .constdata          STemWin528_CM3_OS_Keil.lib(f16_ascii.o)
    0x0802fe64   0x00000010   Data   RO         3315    .constdata          STemWin528_CM3_OS_Keil.lib(f16_ascii.o)
    0x0802fe74   0x00000010   Data   RO         3316    .constdata          STemWin528_CM3_OS_Keil.lib(f16_ascii.o)
    0x0802fe84   0x00000010   Data   RO         3317    .constdata          STemWin528_CM3_OS_Keil.lib(f16_ascii.o)
    0x0802fe94   0x00000010   Data   RO         3318    .constdata          STemWin528_CM3_OS_Keil.lib(f16_ascii.o)
    0x0802fea4   0x00000020   Data   RO         3319    .constdata          STemWin528_CM3_OS_Keil.lib(f16_ascii.o)
    0x0802fec4   0x00000010   Data   RO         3320    .constdata          STemWin528_CM3_OS_Keil.lib(f16_ascii.o)
    0x0802fed4   0x00000010   Data   RO         3321    .constdata          STemWin528_CM3_OS_Keil.lib(f16_ascii.o)
    0x0802fee4   0x00000010   Data   RO         3322    .constdata          STemWin528_CM3_OS_Keil.lib(f16_ascii.o)
    0x0802fef4   0x00000010   Data   RO         3323    .constdata          STemWin528_CM3_OS_Keil.lib(f16_ascii.o)
    0x0802ff04   0x00000010   Data   RO         3324    .constdata          STemWin528_CM3_OS_Keil.lib(f16_ascii.o)
    0x0802ff14   0x00000010   Data   RO         3325    .constdata          STemWin528_CM3_OS_Keil.lib(f16_ascii.o)
    0x0802ff24   0x00000010   Data   RO         3326    .constdata          STemWin528_CM3_OS_Keil.lib(f16_ascii.o)
    0x0802ff34   0x00000010   Data   RO         3327    .constdata          STemWin528_CM3_OS_Keil.lib(f16_ascii.o)
    0x0802ff44   0x00000010   Data   RO         3328    .constdata          STemWin528_CM3_OS_Keil.lib(f16_ascii.o)
    0x0802ff54   0x00000020   Data   RO         3329    .constdata          STemWin528_CM3_OS_Keil.lib(f16_ascii.o)
    0x0802ff74   0x00000010   Data   RO         3330    .constdata          STemWin528_CM3_OS_Keil.lib(f16_ascii.o)
    0x0802ff84   0x00000010   Data   RO         3331    .constdata          STemWin528_CM3_OS_Keil.lib(f16_ascii.o)
    0x0802ff94   0x00000010   Data   RO         3332    .constdata          STemWin528_CM3_OS_Keil.lib(f16_ascii.o)
    0x0802ffa4   0x00000010   Data   RO         3333    .constdata          STemWin528_CM3_OS_Keil.lib(f16_ascii.o)
    0x0802ffb4   0x00000010   Data   RO         3334    .constdata          STemWin528_CM3_OS_Keil.lib(f16_ascii.o)
    0x0802ffc4   0x00000010   Data   RO         3335    .constdata          STemWin528_CM3_OS_Keil.lib(f16_ascii.o)
    0x0802ffd4   0x00000010   Data   RO         3336    .constdata          STemWin528_CM3_OS_Keil.lib(f16_ascii.o)
    0x0802ffe4   0x00000300   Data   RO         3337    .constdata          STemWin528_CM3_OS_Keil.lib(f16_ascii.o)
    0x080302e4   0x0000000c   Data   RO         3338    .constdata          STemWin528_CM3_OS_Keil.lib(f16_ascii.o)
    0x080302f0   0x00000018   Data   RO         3340    .constdata          STemWin528_CM3_OS_Keil.lib(f24_ascii.o)
    0x08030308   0x00000018   Data   RO         3341    .constdata          STemWin528_CM3_OS_Keil.lib(f24_ascii.o)
    0x08030320   0x00000018   Data   RO         3342    .constdata          STemWin528_CM3_OS_Keil.lib(f24_ascii.o)
    0x08030338   0x00000030   Data   RO         3343    .constdata          STemWin528_CM3_OS_Keil.lib(f24_ascii.o)
    0x08030368   0x00000030   Data   RO         3344    .constdata          STemWin528_CM3_OS_Keil.lib(f24_ascii.o)
    0x08030398   0x00000048   Data   RO         3345    .constdata          STemWin528_CM3_OS_Keil.lib(f24_ascii.o)
    0x080303e0   0x00000030   Data   RO         3346    .constdata          STemWin528_CM3_OS_Keil.lib(f24_ascii.o)
    0x08030410   0x00000018   Data   RO         3347    .constdata          STemWin528_CM3_OS_Keil.lib(f24_ascii.o)
    0x08030428   0x00000018   Data   RO         3348    .constdata          STemWin528_CM3_OS_Keil.lib(f24_ascii.o)
    0x08030440   0x00000018   Data   RO         3349    .constdata          STemWin528_CM3_OS_Keil.lib(f24_ascii.o)
    0x08030458   0x00000018   Data   RO         3350    .constdata          STemWin528_CM3_OS_Keil.lib(f24_ascii.o)
    0x08030470   0x00000030   Data   RO         3351    .constdata          STemWin528_CM3_OS_Keil.lib(f24_ascii.o)
    0x080304a0   0x00000018   Data   RO         3352    .constdata          STemWin528_CM3_OS_Keil.lib(f24_ascii.o)
    0x080304b8   0x00000018   Data   RO         3353    .constdata          STemWin528_CM3_OS_Keil.lib(f24_ascii.o)
    0x080304d0   0x00000018   Data   RO         3354    .constdata          STemWin528_CM3_OS_Keil.lib(f24_ascii.o)
    0x080304e8   0x00000018   Data   RO         3355    .constdata          STemWin528_CM3_OS_Keil.lib(f24_ascii.o)
    0x08030500   0x00000030   Data   RO         3356    .constdata          STemWin528_CM3_OS_Keil.lib(f24_ascii.o)
    0x08030530   0x00000030   Data   RO         3357    .constdata          STemWin528_CM3_OS_Keil.lib(f24_ascii.o)
    0x08030560   0x00000030   Data   RO         3358    .constdata          STemWin528_CM3_OS_Keil.lib(f24_ascii.o)
    0x08030590   0x00000030   Data   RO         3359    .constdata          STemWin528_CM3_OS_Keil.lib(f24_ascii.o)
    0x080305c0   0x00000030   Data   RO         3360    .constdata          STemWin528_CM3_OS_Keil.lib(f24_ascii.o)
    0x080305f0   0x00000030   Data   RO         3361    .constdata          STemWin528_CM3_OS_Keil.lib(f24_ascii.o)
    0x08030620   0x00000030   Data   RO         3362    .constdata          STemWin528_CM3_OS_Keil.lib(f24_ascii.o)
    0x08030650   0x00000030   Data   RO         3363    .constdata          STemWin528_CM3_OS_Keil.lib(f24_ascii.o)
    0x08030680   0x00000030   Data   RO         3364    .constdata          STemWin528_CM3_OS_Keil.lib(f24_ascii.o)
    0x080306b0   0x00000030   Data   RO         3365    .constdata          STemWin528_CM3_OS_Keil.lib(f24_ascii.o)
    0x080306e0   0x00000018   Data   RO         3366    .constdata          STemWin528_CM3_OS_Keil.lib(f24_ascii.o)
    0x080306f8   0x00000018   Data   RO         3367    .constdata          STemWin528_CM3_OS_Keil.lib(f24_ascii.o)
    0x08030710   0x00000030   Data   RO         3368    .constdata          STemWin528_CM3_OS_Keil.lib(f24_ascii.o)
    0x08030740   0x00000030   Data   RO         3369    .constdata          STemWin528_CM3_OS_Keil.lib(f24_ascii.o)
    0x08030770   0x00000030   Data   RO         3370    .constdata          STemWin528_CM3_OS_Keil.lib(f24_ascii.o)
    0x080307a0   0x00000030   Data   RO         3371    .constdata          STemWin528_CM3_OS_Keil.lib(f24_ascii.o)
    0x080307d0   0x00000048   Data   RO         3372    .constdata          STemWin528_CM3_OS_Keil.lib(f24_ascii.o)
    0x08030818   0x00000030   Data   RO         3373    .constdata          STemWin528_CM3_OS_Keil.lib(f24_ascii.o)
    0x08030848   0x00000030   Data   RO         3374    .constdata          STemWin528_CM3_OS_Keil.lib(f24_ascii.o)
    0x08030878   0x00000030   Data   RO         3375    .constdata          STemWin528_CM3_OS_Keil.lib(f24_ascii.o)
    0x080308a8   0x00000030   Data   RO         3376    .constdata          STemWin528_CM3_OS_Keil.lib(f24_ascii.o)
    0x080308d8   0x00000030   Data   RO         3377    .constdata          STemWin528_CM3_OS_Keil.lib(f24_ascii.o)
    0x08030908   0x00000030   Data   RO         3378    .constdata          STemWin528_CM3_OS_Keil.lib(f24_ascii.o)
    0x08030938   0x00000030   Data   RO         3379    .constdata          STemWin528_CM3_OS_Keil.lib(f24_ascii.o)
    0x08030968   0x00000030   Data   RO         3380    .constdata          STemWin528_CM3_OS_Keil.lib(f24_ascii.o)
    0x08030998   0x00000018   Data   RO         3381    .constdata          STemWin528_CM3_OS_Keil.lib(f24_ascii.o)
    0x080309b0   0x00000030   Data   RO         3382    .constdata          STemWin528_CM3_OS_Keil.lib(f24_ascii.o)
    0x080309e0   0x00000030   Data   RO         3383    .constdata          STemWin528_CM3_OS_Keil.lib(f24_ascii.o)
    0x08030a10   0x00000030   Data   RO         3384    .constdata          STemWin528_CM3_OS_Keil.lib(f24_ascii.o)
    0x08030a40   0x00000048   Data   RO         3385    .constdata          STemWin528_CM3_OS_Keil.lib(f24_ascii.o)
    0x08030a88   0x00000030   Data   RO         3386    .constdata          STemWin528_CM3_OS_Keil.lib(f24_ascii.o)
    0x08030ab8   0x00000030   Data   RO         3387    .constdata          STemWin528_CM3_OS_Keil.lib(f24_ascii.o)
    0x08030ae8   0x00000030   Data   RO         3388    .constdata          STemWin528_CM3_OS_Keil.lib(f24_ascii.o)
    0x08030b18   0x00000030   Data   RO         3389    .constdata          STemWin528_CM3_OS_Keil.lib(f24_ascii.o)
    0x08030b48   0x00000030   Data   RO         3390    .constdata          STemWin528_CM3_OS_Keil.lib(f24_ascii.o)
    0x08030b78   0x00000030   Data   RO         3391    .constdata          STemWin528_CM3_OS_Keil.lib(f24_ascii.o)
    0x08030ba8   0x00000030   Data   RO         3392    .constdata          STemWin528_CM3_OS_Keil.lib(f24_ascii.o)
    0x08030bd8   0x00000030   Data   RO         3393    .constdata          STemWin528_CM3_OS_Keil.lib(f24_ascii.o)
    0x08030c08   0x00000030   Data   RO         3394    .constdata          STemWin528_CM3_OS_Keil.lib(f24_ascii.o)
    0x08030c38   0x00000048   Data   RO         3395    .constdata          STemWin528_CM3_OS_Keil.lib(f24_ascii.o)
    0x08030c80   0x00000030   Data   RO         3396    .constdata          STemWin528_CM3_OS_Keil.lib(f24_ascii.o)
    0x08030cb0   0x00000030   Data   RO         3397    .constdata          STemWin528_CM3_OS_Keil.lib(f24_ascii.o)
    0x08030ce0   0x00000030   Data   RO         3398    .constdata          STemWin528_CM3_OS_Keil.lib(f24_ascii.o)
    0x08030d10   0x00000018   Data   RO         3399    .constdata          STemWin528_CM3_OS_Keil.lib(f24_ascii.o)
    0x08030d28   0x00000018   Data   RO         3400    .constdata          STemWin528_CM3_OS_Keil.lib(f24_ascii.o)
    0x08030d40   0x00000018   Data   RO         3401    .constdata          STemWin528_CM3_OS_Keil.lib(f24_ascii.o)
    0x08030d58   0x00000018   Data   RO         3402    .constdata          STemWin528_CM3_OS_Keil.lib(f24_ascii.o)
    0x08030d70   0x00000030   Data   RO         3403    .constdata          STemWin528_CM3_OS_Keil.lib(f24_ascii.o)
    0x08030da0   0x00000018   Data   RO         3404    .constdata          STemWin528_CM3_OS_Keil.lib(f24_ascii.o)
    0x08030db8   0x00000030   Data   RO         3405    .constdata          STemWin528_CM3_OS_Keil.lib(f24_ascii.o)
    0x08030de8   0x00000030   Data   RO         3406    .constdata          STemWin528_CM3_OS_Keil.lib(f24_ascii.o)
    0x08030e18   0x00000030   Data   RO         3407    .constdata          STemWin528_CM3_OS_Keil.lib(f24_ascii.o)
    0x08030e48   0x00000030   Data   RO         3408    .constdata          STemWin528_CM3_OS_Keil.lib(f24_ascii.o)
    0x08030e78   0x00000030   Data   RO         3409    .constdata          STemWin528_CM3_OS_Keil.lib(f24_ascii.o)
    0x08030ea8   0x00000018   Data   RO         3410    .constdata          STemWin528_CM3_OS_Keil.lib(f24_ascii.o)
    0x08030ec0   0x00000030   Data   RO         3411    .constdata          STemWin528_CM3_OS_Keil.lib(f24_ascii.o)
    0x08030ef0   0x00000030   Data   RO         3412    .constdata          STemWin528_CM3_OS_Keil.lib(f24_ascii.o)
    0x08030f20   0x00000018   Data   RO         3413    .constdata          STemWin528_CM3_OS_Keil.lib(f24_ascii.o)
    0x08030f38   0x00000018   Data   RO         3414    .constdata          STemWin528_CM3_OS_Keil.lib(f24_ascii.o)
    0x08030f50   0x00000030   Data   RO         3415    .constdata          STemWin528_CM3_OS_Keil.lib(f24_ascii.o)
    0x08030f80   0x00000018   Data   RO         3416    .constdata          STemWin528_CM3_OS_Keil.lib(f24_ascii.o)
    0x08030f98   0x00000030   Data   RO         3417    .constdata          STemWin528_CM3_OS_Keil.lib(f24_ascii.o)
    0x08030fc8   0x00000030   Data   RO         3418    .constdata          STemWin528_CM3_OS_Keil.lib(f24_ascii.o)
    0x08030ff8   0x00000030   Data   RO         3419    .constdata          STemWin528_CM3_OS_Keil.lib(f24_ascii.o)
    0x08031028   0x00000030   Data   RO         3420    .constdata          STemWin528_CM3_OS_Keil.lib(f24_ascii.o)
    0x08031058   0x00000030   Data   RO         3421    .constdata          STemWin528_CM3_OS_Keil.lib(f24_ascii.o)
    0x08031088   0x00000018   Data   RO         3422    .constdata          STemWin528_CM3_OS_Keil.lib(f24_ascii.o)
    0x080310a0   0x00000030   Data   RO         3423    .constdata          STemWin528_CM3_OS_Keil.lib(f24_ascii.o)
    0x080310d0   0x00000018   Data   RO         3424    .constdata          STemWin528_CM3_OS_Keil.lib(f24_ascii.o)
    0x080310e8   0x00000030   Data   RO         3425    .constdata          STemWin528_CM3_OS_Keil.lib(f24_ascii.o)
    0x08031118   0x00000030   Data   RO         3426    .constdata          STemWin528_CM3_OS_Keil.lib(f24_ascii.o)
    0x08031148   0x00000030   Data   RO         3427    .constdata          STemWin528_CM3_OS_Keil.lib(f24_ascii.o)
    0x08031178   0x00000030   Data   RO         3428    .constdata          STemWin528_CM3_OS_Keil.lib(f24_ascii.o)
    0x080311a8   0x00000030   Data   RO         3429    .constdata          STemWin528_CM3_OS_Keil.lib(f24_ascii.o)
    0x080311d8   0x00000030   Data   RO         3430    .constdata          STemWin528_CM3_OS_Keil.lib(f24_ascii.o)
    0x08031208   0x00000018   Data   RO         3431    .constdata          STemWin528_CM3_OS_Keil.lib(f24_ascii.o)
    0x08031220   0x00000018   Data   RO         3432    .constdata          STemWin528_CM3_OS_Keil.lib(f24_ascii.o)
    0x08031238   0x00000018   Data   RO         3433    .constdata          STemWin528_CM3_OS_Keil.lib(f24_ascii.o)
    0x08031250   0x00000030   Data   RO         3434    .constdata          STemWin528_CM3_OS_Keil.lib(f24_ascii.o)
    0x08031280   0x000002f8   Data   RO         3435    .constdata          STemWin528_CM3_OS_Keil.lib(f24_ascii.o)
    0x08031578   0x0000000c   Data   RO         3436    .constdata          STemWin528_CM3_OS_Keil.lib(f24_ascii.o)
    0x08031584   0x00000018   Data   RO         3450    .constdata          STemWin528_CM3_OS_Keil.lib(guidev_usagebm.o)
    0x0803159c   0x00000008   Data   RO         3462    .constdata          STemWin528_CM3_OS_Keil.lib(guidev_writetoactiveopaque.o)
    0x080315a4   0x00000018   Data   RO         3685    .constdata          STemWin528_CM3_OS_Keil.lib(guicc_0.o)
    0x080315bc   0x00000074   Data   RO         4010    .constdata          STemWin528_CM3_OS_Keil.lib(guidev_32.o)
    0x08031630   0x00000088   Data   RO         4247    .constdata          m_ws.l(pow.o)
    0x080316b8   0x00000008   Data   RO         4637    .constdata          m_ws.l(qnan.o)
    0x080316c0   0x00000081   Data   RO         4701    .constdata          mc_w.l(ctype_o.o)
    0x08031741   0x00000003   PAD
    0x08031744   0x00000004   Data   RO         4702    .constdata          mc_w.l(ctype_o.o)
    0x08031748   0x00000075   Data   RO         1460    .conststring        tcp.o
    0x080317bd   0x00000003   PAD
    0x080317c0   0x00000037   Data   RO         1997    .conststring        fontupd.o
    0x080317f7   0x00000001   PAD
    0x080317f8   0x0000007b   Data   RO         2234    .conststring        exam.o
    0x08031873   0x00000001   PAD
    0x08031874   0x00000020   Data   RO         4737    Region$$Table       anon$$obj.o


    Execution Region RW_IRAM1 (Base: 0x20000000, Size: 0x0001b2e8, Max: 0x00020000, ABSOLUTE, COMPRESSED[0x0000010c])

    Base Addr    Size         Type   Attr      Idx    E Section Name        Object

    0x20000000   0x00000010   Data   RW          346    .data               task_test.o
    0x20000010   0x0000000c   Data   RW          415    .data               netconf.o
    0x2000001c   0x0000000c   Data   RW          492    .data               udp_client.o
    0x20000028   0x0000000c   Data   RW          510    .data               tcp_client.o
    0x20000034   0x00000006   Data   RW          541    .data               usart.o
    0x2000003a   0x00000010   Data   RW          827    .data               stm32f2xx_rcc.o
    0x2000004a   0x00000002   PAD
    0x2000004c   0x00000014   Data   RW          937    .data               system_stm32f2xx.o
    0x20000060   0x0000004c   Data   RW          995    .data               os_core.o
    0x200000ac   0x0000000a   Data   RW         1248    .data               ip.o
    0x200000b6   0x00000002   PAD
    0x200000b8   0x00000006   Data   RW         1301    .data               ip_frag.o
    0x200000be   0x00000002   PAD
    0x200000c0   0x00000004   Data   RW         1318    .data               dhcp.o
    0x200000c4   0x00000009   Data   RW         1399    .data               netif.o
    0x200000cd   0x00000003   PAD
    0x200000d0   0x00000004   Data   RW         1433    .data               raw.o
    0x200000d4   0x0000004c   Data   RW         1461    .data               tcp.o
    0x20000120   0x00000020   Data   RW         1481    .data               tcp_in.o
    0x20000140   0x00000004   Data   RW         1512    .data               udp.o
    0x20000144   0x00000001   Data   RW         1543    .data               etharp.o
    0x20000145   0x00000003   PAD
    0x20000148   0x0000000d   Data   RW         1587    .data               mem.o
    0x20000155   0x00000003   PAD
    0x20000158   0x00000010   Data   RW         1602    .data               stm32f2x7_eth.o
    0x20000168   0x00000001   Data   RW         1646    .data               beep.o
    0x20000169   0x00000001   Data   RW         1661    .data               motor.o
    0x2000016a   0x00000004   Data   RW         1674    .data               zigbee.o
    0x2000016e   0x00000002   Data   RW         1713    .data               ultrasonicwave.o
    0x20000170   0x00000034   Data   RW         1728    .data               key.o
    0x200001a4   0x000000fa   Data   RW         1813    .data               ir.o
    0x2000029e   0x00000004   Data   RW         1830    .data               ili93xx.o
    0x200002a2   0x00000002   PAD
    0x200002a4   0x0000000b   Data   RW         1850    .data               ff.o
    0x200002af   0x00000001   Data   RW         1946    .data               mmc_sd.o
    0x200002b0   0x00000018   Data   RW         1998    .data               fontupd.o
    0x200002c8   0x0000000c   Data   RW         2017    .data               cjson.o
    0x200002d4   0x00000004   Data   RW         2048    .data               parserjson.o
    0x200002d8   0x00000001   Data   RW         2067    .data               base64.o
    0x200002d9   0x00000003   PAD
    0x200002dc   0x00000008   Data   RW         2098    .data               guidrv_template.o
    0x200002e4   0x00000011   Data   RW         2180    .data               gui_x_ucos.o
    0x200002f5   0x00000003   PAD
    0x200002f8   0x0000002c   Data   RW         2235    .data               exam.o
    0x20000324   0x00000004   Data   RW         2252    .data               bmpdisplay.o
    0x20000328   0x00000008   Data   RW         2309    .data               STemWin528_CM3_OS_Keil.lib(gui_alloc.o)
    0x20000330   0x00000014   Data   RW         2376    .data               STemWin528_CM3_OS_Keil.lib(gui_bmp.o)
    0x20000344   0x0000002c   Data   RW         2426    .data               STemWin528_CM3_OS_Keil.lib(gui_core.o)
    0x20000370   0x00000004   Data   RW         2427    .data               STemWin528_CM3_OS_Keil.lib(gui_core.o)
    0x20000374   0x00000004   Data   RW         2429    .data               STemWin528_CM3_OS_Keil.lib(gui_core.o)
    0x20000378   0x00000004   Data   RW         2430    .data               STemWin528_CM3_OS_Keil.lib(gui_core.o)
    0x2000037c   0x00000004   Data   RW         2431    .data               STemWin528_CM3_OS_Keil.lib(gui_core.o)
    0x20000380   0x00000004   Data   RW         2432    .data               STemWin528_CM3_OS_Keil.lib(gui_core.o)
    0x20000384   0x00000004   Data   RW         2433    .data               STemWin528_CM3_OS_Keil.lib(gui_core.o)
    0x20000388   0x00000002   Data   RW         2434    .data               STemWin528_CM3_OS_Keil.lib(gui_core.o)
    0x2000038a   0x00000002   PAD
    0x2000038c   0x00000004   Data   RW         2435    .data               STemWin528_CM3_OS_Keil.lib(gui_core.o)
    0x20000390   0x00000002   Data   RW         2436    .data               STemWin528_CM3_OS_Keil.lib(gui_core.o)
    0x20000392   0x00000002   Data   RW         2437    .data               STemWin528_CM3_OS_Keil.lib(gui_core.o)
    0x20000394   0x00000008   Data   RW         2533    .data               STemWin528_CM3_OS_Keil.lib(guicc_m565.o)
    0x2000039c   0x00000004   Data   RW         3059    .data               STemWin528_CM3_OS_Keil.lib(gui_charline.o)
    0x200003a0   0x0000001c   Data   RW         3136    .data               STemWin528_CM3_OS_Keil.lib(gui_task.o)
    0x200003bc   0x00000004   Data   RW         3201    .data               STemWin528_CM3_OS_Keil.lib(lcd.o)
    0x200003c0   0x00000010   Data   RW         3227    .data               STemWin528_CM3_OS_Keil.lib(lcd_color.o)
    0x200003d0   0x00000064   Data   RW         3525    .data               STemWin528_CM3_OS_Keil.lib(wm.o)
    0x20000434   0x00000014   Data   RW         3598    .data               STemWin528_CM3_OS_Keil.lib(gui__managecache.o)
    0x20000448   0x00000010   Data   RW         3646    .data               STemWin528_CM3_OS_Keil.lib(gui_onkey.o)
    0x20000458   0x0000000c   Data   RW         3673    .data               STemWin528_CM3_OS_Keil.lib(gui_waitevent.o)
    0x20000464   0x00000004   Data   RW         3701    .data               STemWin528_CM3_OS_Keil.lib(lcd_aa.o)
    0x20000468   0x00000004   Data   RW         3719    .data               STemWin528_CM3_OS_Keil.lib(guidev_banding.o)
    0x2000046c   0x00000001   Data   RW         3734    .data               STemWin528_CM3_OS_Keil.lib(guidev_staticdevices.o)
    0x2000046d   0x00000003   PAD
    0x20000470   0x00000004   Data   RW         3745    .data               STemWin528_CM3_OS_Keil.lib(wm__sendmessage.o)
    0x20000474   0x00000028   Data   RW         3805    .data               STemWin528_CM3_OS_Keil.lib(gui__alpha.o)
    0x2000049c   0x00000020   Data   RW         3918    .data               STemWin528_CM3_OS_Keil.lib(gui_setalpha.o)
    0x200004bc   0x00000014   Data   RW         3972    .data               STemWin528_CM3_OS_Keil.lib(gui_timer.o)
    0x200004d0   0x00000004   Data   RW         4670    .data               mc_w.l(mvars.o)
    0x200004d4   0x00000004   Data   RW         4671    .data               mc_w.l(mvars.o)
    0x200004d8   0x00000004   Data   RW         4675    .data               mc_w.l(errno.o)
    0x200004dc   0x00000004   PAD
    0x200004e0   0x00000190   Zero   RW            2    .bss                main.o
    0x20000670   0x0000deac   Zero   RW          345    .bss                task_test.o
    0x2000e51c   0x00000038   Zero   RW          414    .bss                netconf.o
    0x2000e554   0x000000c8   Zero   RW          540    .bss                usart.o
    0x2000e61c   0x00000ea8   Zero   RW          993    .bss                os_core.o
    0x2000f4c4   0x00000010   Zero   RW         1216    .bss                inet.o
    0x2000f4d4   0x000005e0   Zero   RW         1300    .bss                ip_frag.o
    0x2000fab4   0x00002437   Zero   RW         1372    .bss                memp.o
    0x20011eeb   0x00000001   PAD
    0x20011eec   0x00000014   Zero   RW         1480    .bss                tcp_in.o
    0x20011f00   0x000000c8   Zero   RW         1541    .bss                etharp.o
    0x20011fc8   0x00002814   Zero   RW         1586    .bss                mem.o
    0x200147dc   0x00002484   Zero   RW         1601    .bss                stm32f2x7_eth.o
    0x20016c60   0x000003f8   Zero   RW         1812    .bss                ir.o
    0x20017058   0x0000000e   Zero   RW         1829    .bss                ili93xx.o
    0x20017066   0x00000200   Zero   RW         1848    .bss                ff.o
    0x20017266   0x00000012   Zero   RW         1964    .bss                spi.o
    0x20017278   0x00001000   Zero   RW         1978    .bss                flash.o
    0x20018278   0x00000a28   Zero   RW         2251    .bss                bmpdisplay.o
    0x20018ca0   0x000000cc   Zero   RW         2308    .bss                STemWin528_CM3_OS_Keil.lib(gui_alloc.o)
    0x20018d6c   0x00000054   Zero   RW         2374    .bss                STemWin528_CM3_OS_Keil.lib(gui_bmp.o)
    0x20018dc0   0x00000070   Zero   RW         2424    .bss                STemWin528_CM3_OS_Keil.lib(gui_core.o)
    0x20018e30   0x00000018   Zero   RW         3523    .bss                STemWin528_CM3_OS_Keil.lib(wm.o)
    0x20018e48   0x00000058   Zero   RW         3645    .bss                STemWin528_CM3_OS_Keil.lib(gui_onkey.o)
    0x20018ea0   0x00000048   Zero   RW         3786    .bss                STemWin528_CM3_OS_Keil.lib(wm_touch.o)
    0x20018ee8   0x00002000   Zero   RW          955    HEAP                startup_stm32f2xx.o
    0x2001aee8   0x00000400   Zero   RW          954    STACK               startup_stm32f2xx.o


==============================================================================

Image component sizes


      Code (inc. data)   RO Data    RW Data    ZI Data      Debug   Object Name

       960         34          0          0          0       6517   autoip.o
      1164         18        577          1          0       2731   base64.o
       608         32       3644          1          0       2647   beep.o
       304         12          0          0          0       1307   blutooth.o
       388         18          0          4       2600       2943   bmpdisplay.o
       176          0          0          0          0        778   bsp_global.o
      4950        178          7         12          0      18979   cjson.o
       168          4          0          0          0        590   config.o
       268          0          0          0          0       1019   delay.o
      4080         48          0          4          0      15031   dhcp.o
       464         10          0          0          0       1766   dht11.o
       412          6          0          0          0       2770   diskio.o
      2408         22         12          1        200       9502   etharp.o
       444         38          0          0          0       2888   ethernetif.o
     12432       6224        139         44          0      10782   exam.o
         0          0          0          0          0        392   exfuns.o
     12370        150         58         11        512      34179   ff.o
       844         10          0          0       4096       4058   flash.o
         0          0         55         24          0       1069   fontupd.o
       280         24          0         17          0       2903   gui_x_ucos.o
        44         10          0          0          0        427   guiconf.o
      2196         76         52          8          0      57475   guidrv_template.o
         0          0       1640          0          0       3121   hzk_hwxk_24.o
       836          4          0          0          0       2923   i2c.o
       512          0          0          0          0       2546   icmp.o
     19200        110          0          4         14      19454   ili93xx.o
       576         12          0          0         16       3192   inet.o
       342          0          0          0          0       5246   inet_chksum.o
       836         22          0         10          0       6622   ip.o
        78          0          8          0          0       5533   ip_addr.o
      1516         18          0          6       1504       6440   ip_frag.o
      2116        110          0        250       1016       5238   ir.o
       984         80          0         52          0       2186   key.o
        80         14          0          0          0        823   lcdconf_flexcolor_template.o
       760         24          0          0          0       1185   led.o
       148          8          0          0          0        825   lightintensitysensor.o
       436        122          0          0        400     409879   main.o
       844         22          0         13      10260       3674   mem.o
       168         18         36          0       9271       2346   memp.o
       224         20          0          0          0       1781   misc.o
      1360         12          0          1          0       5846   mmc_sd.o
       420         16          0          1          0       1051   motor.o
       200         14        960          0          0       1517   mycc936.o
       168         26          0         12         56      10762   netconf.o
       524         22          0          9          0       5364   netif.o
        50          0          0          0          0        449   nvic.o
      3252        276        256         76       3752      19339   os_core.o
       164         32          0          0          0        280   os_cpu_a.o
       264         12          0          0          0       2940   os_cpu_c.o
      2044         40          0          0          0       6664   os_flag.o
       996         20          0          0          0       4038   os_mbox.o
       468         18          0          0          0       2976   os_mem.o
      1508         34          0          0          0       5397   os_q.o
       936         20          0          0          0       3778   os_sem.o
      2088         68          0          0          0       7493   os_task.o
       408         24          0          0          0       1710   os_time.o
      2120        390          0          4          0       3810   parserjson.o
      1436          0          0          0          0       5608   pbuf.o
       416          4          0          4          0       3413   raw.o
      3100        318          0          0          0       8943   rc522.o
       372         14          0          0         18       1281   spi.o
       588         14          0          0          0       2702   spi_driver.o
       696         16          0          0          0       1941   sram.o
        36          8        388          0       9216        880   startup_stm32f2xx.o
      3624        100          0         16       9348      19536   stm32f2x7_eth.o
       384         20          0          0          0       1061   stm32f2x7_eth_bsp.o
       284         10          0          0          0       2239   stm32f2xx_exti.o
      1544         14          0          0          0       5343   stm32f2xx_fsmc.o
       604         36          0          0          0       3901   stm32f2xx_gpio.o
       104         10          0          0          0       1218   stm32f2xx_it.o
      1416         48          0         16          0      10835   stm32f2xx_rcc.o
       936         22          0          0          0       6296   stm32f2xx_spi.o
       140         12          0          0          0       1511   stm32f2xx_syscfg.o
      3234         60          0          0          0      22136   stm32f2xx_tim.o
      1050         26          0          0          0       7612   stm32f2xx_usart.o
       480         40          0         20          0       1635   system_stm32f2xx.o
      1300        242          0         16      57004       6124   task_test.o
      3024        116        137         76          0      17836   tcp.o
       420         30          0         12          0       2320   tcp_client.o
      4756        214          0         32         20      13272   tcp_in.o
      2702         12          0          0          0       6914   tcp_out.o
      1052         10          0          4          0      13479   udp.o
       308         28          0         12          0       1927   udp_client.o
       584         40          0          2          0       1502   ultrasonicwave.o
       364         16          0          6        200       2950   usart.o
       856         42          0          4          0       2030   zigbee.o

    ----------------------------------------------------------------------
    127412      10044       8008        808     109504     923626   Object Totals
         0          0         32          0          0          0   (incl. Generated)
        16          0          7         23          1          0   (incl. Padding)

    ----------------------------------------------------------------------

      Code (inc. data)   RO Data    RW Data    ZI Data      Debug   Library Member Name

         0          0       2880          0          0          0   f16_1.o
         0          0       2684          0          0          0   f16_ascii.o
         0          0       5016          0          0          0   f24_1.o
         0          0       4756          0          0          0   f24_ascii.o
         0          0       7240          0          0          0   f32_ascii.o
         0          0       1816          0          0          0   f6x8.o
       856         38          0         40          0        512   gui__alpha.o
       664          0          0          0          0        240   gui__compactpixelindices.o
         0          0        256          0          0          0   gui__divtbl_255_31.o
         0          0        256          0          0          0   gui__divtbl_255_63.o
         0          0         32          0          0          0   gui__divtbl_31_255.o
         0          0         64          0          0          0   gui__divtbl_63_255.o
       322          0          0          0          0        108   gui__expandpixelindices.o
        58          0          0          0          0         68   gui__intersectrect.o
        82          0          0          0          0         80   gui__intersectrects.o
       216          8          0         20          0        156   gui__managecache.o
        76          0          0          0          0         76   gui__memset.o
        60          0          0          0          0         76   gui__memset16.o
        56          0          0          0          0        136   gui__read.o
      1874        120          0          8        204       1908   gui_alloc.o
        46          0          0          0          0         80   gui_alloc_alloczero.o
      3414         98          8         20         84       1908   gui_bmp.o
        60          0          0          0          0         76   gui_calccolordist.o
       164         20          0          0          0        308   gui_char.o
       458         36          0          4          0        472   gui_charline.o
       394         10          0          0          0        300   gui_charm.o
       308         10          0          0          0        384   gui_charp.o
       476         78          8         78        112        620   gui_core.o
       434         34          8          0          0        676   gui_device.o
       264          4          0          0          0         88   gui_dispstring.o
        40          6          0          0          0         88   gui_dispstringat.o
        52          4          0          0          0         92   gui_dispstringhcenter.o
        68          8          0          0          0        152   gui_exec.o
        48          0          0          0          0        152   gui_getcolor.o
        54         10          0          0          0        156   gui_getorg.o
        66         12          0          0          0        216   gui_goto.o
        88          0          0          0          0         76   gui_mergerect.o
        30          0          0          0          0         68   gui_moverect.o
       102         12          0         16         88        284   gui_onkey.o
        28          4          0          0          0         80   gui_pen.o
        56          0          0          0          0         68   gui_rectsintersect.o
        32         10          0          0          0        136   gui_savecontext.o
        48         10          0          0          0         80   gui_selectlayer.o
        26          0          0          0          0         80   gui_selectlcd.o
        36          4          0         32          0         76   gui_setalpha.o
        44          0          0          0          0        160   gui_setcolor.o
        64          6          0          0          0         80   gui_setdefault.o
        24          0          0          0          0         76   gui_setdrawmode.o
        32          6          0          0          0         80   gui_setfont.o
        28          4          0          0          0         80   gui_setlinestyle.o
        64         16          0          0          0         88   gui_setorg.o
        32          6          0          0          0         80   gui_settextalign.o
        32          6          0          0          0         80   gui_settextmode.o
       364         42          0         28          0        480   gui_task.o
       104          6          0          0          0         84   gui_time.o
       354         16          0         20          0        484   gui_timer.o
        84         10          0          0          0        168   gui_uc.o
        18          0         16          0          0        272   gui_uc_encodenone.o
       212          8         16          0          0        364   gui_uc_encodeutf8.o
        16          4          0         12          0         68   gui_waitevent.o
       198          0         24          0          0        244   guicc_0.o
        36          0         24          0          0        288   guicc_8888.o
         2          0          0          0          0         68   guicc_8888_index2color.o
         2          0          0          0          0         68   guicc_888_index2color.o
        36          6          0          0          0         68   guicc_m555_index2color.o
       250         42         24          8          0        412   guicc_m565.o
       814         38          0          0          0        760   guidev.o
      2282         60        116          0          0       1336   guidev_16.o
      2356         62        116          0          0       1440   guidev_32.o
       308         14          0          4          0        168   guidev_banding.o
        68          4          0          0          0         76   guidev_clear.o
        40          0          0          0          0         80   guidev_getdataptr.o
        52          6          0          0          0         80   guidev_getysize.o
        56          4          0          0          0         80   guidev_reduceysize.o
       100          4          0          0          0         80   guidev_setorg.o
       358         20          0          1          0        188   guidev_staticdevices.o
        84          0          0          0          0        164   guidev_usage.o
       424          4         24          0          0        460   guidev_usagebm.o
       116          4          0          0          0        148   guidev_write.o
       400         14          0          0          0         96   guidev_writetoactivealpha.o
      1852         18          8          0          0        492   guidev_writetoactiveopaque.o
      1646        110         12          4          0       1348   lcd.o
        16          6          0          4          0         68   lcd_aa.o
       272         30          0         16          0        392   lcd_color.o
        32         12          0          0          0        136   lcd_getcolorindex.o
       400         32          0          0          0       1416   lcd_getex.o
        26          0          0          0          0         80   lcd_getnumdisplays.o
         0          0        256          0          0          0   lcd_mirror.o
       504         18          0          0          0        184   lcd_readrect.o
        64         10          0          0          0         80   lcd_selectlcd.o
       132          0          0          0          0        252   lcd_set.o
        48         10          0          0          0         80   lcd_setcliprectex.o
        36          4          0          0          0         80   lcd_updatecolorindices.o
      4654        222          0        100         24       4052   wm.o
        18          0          0          0          0         76   wm__getfirstsibling.o
        36          0          0          0          0         80   wm__getprevsibling.o
        60          6          0          4          0         88   wm__sendmessage.o
        38          0          0          0          0         80   wm__sendmessagenopara.o
       220          0          0          0          0         96   wm__updatechildpositions.o
       136          0          0          0          0         92   wm_bringtobottom.o
        16          6          0          0          0         68   wm_criticalhandle.o
        32          0          0          0          0         80   wm_getclientrect.o
        24         10          0          0          0         68   wm_getdesktopwindow.o
        26          0          0          0          0         76   wm_getfirstchild.o
        32          0          0          0          0         80   wm_getorg.o
        26          0          0          0          0         76   wm_getparent.o
       294          0          0          0          0        272   wm_move.o
        16          0          0          0          0         76   wm_notifyparent.o
        64          8          0          0          0         88   wm_onkey.o
       244          0          0          0          0         88   wm_resizewindow.o
        26          0          0          0          0         88   wm_sendmessagenopara.o
        38          0          0          0          0         92   wm_sendtoparent.o
        72          0          0          0          0         84   wm_setsize.o
       124          0          0          0          0        164   wm_timer.o
         0          0          0          0         72          0   wm_touch.o
        62         10          0          0          0        340   dunder.o
       220         16          0          0          0         84   floor.o
        40          0          0          0          0         68   fpclassify.o
       170          0          0          0          0         96   poly.o
      2488        190        136          0          0        300   pow.o
         0          0          8          0          0          0   qnan.o
        76          0          0          0          0         84   sqrt.o
        56          8          0          0          0         84   __0sscanf.o
        86          0          0          0          0          0   __dczerorl2.o
        28          0          0          0          0         68   _chval.o
       812          4          0          0          0        112   _scanf.o
       332          0          0          0          0         96   _scanf_int.o
        64          0          0          0          0         84   _sgetc.o
       158          0          0          0          0         92   _strtoul.o
        26          0          0          0          0         80   atoi.o
         8          4        133          0          0         68   ctype_o.o
         0          0          0          0          0          0   entry.o
         0          0          0          0          0          0   entry10a.o
         0          0          0          0          0          0   entry11a.o
         8          4          0          0          0          0   entry2.o
         4          0          0          0          0          0   entry5.o
         0          0          0          0          0          0   entry7b.o
         0          0          0          0          0          0   entry8b.o
         8          4          0          0          0          0   entry9a.o
        20         10          0          4          0        136   errno.o
        30          0          0          0          0          0   handlers.o
        36          8          0          0          0         68   init.o
        18          0          0          0          0         76   isspace_o.o
         0          0          0          0          0          0   iusefp.o
        30          0          0          0          0         68   llshl.o
        36          0          0          0          0         68   llsshr.o
        32          0          0          0          0         68   llushr.o
       188         20          0          0          0        160   malloc.o
        26          0          0          0          0         80   memcmp.o
        64          0          0          0          0         76   memmovea.o
        36          0          0          0          0        108   memseta.o
         0          0          0          8          0          0   mvars.o
      2276         96          0          0          0        596   printfa.o
        40          8          0          0          0         84   scanf_char.o
        24          0          0          0          0         68   strcat.o
        20          0          0          0          0         68   strchr.o
        28          0          0          0          0         76   strcmp.o
        18          0          0          0          0         68   strcpy.o
        14          0          0          0          0         68   strlen.o
        40          0          0          0          0         76   strncat.o
        30          0          0          0          0         80   strncmp.o
        24          0          0          0          0         76   strncpy.o
        36          0          0          0          0         80   strstr.o
       112          0          0          0          0         88   strtol.o
        12          0          0          0          0         68   tolower.o
        44          0          0          0          0         80   uidiv.o
        98          0          0          0          0         92   uldiv.o
        48          0          0          0          0         68   cdcmple.o
        48          0          0          0          0         68   cdrcmple.o
        20          0          0          0          0         68   cfcmple.o
        20          0          0          0          0         68   cfrcmple.o
        56          0          0          0          0         88   d2f.o
       334          0          0          0          0        148   dadd.o
       222          0          0          0          0        100   ddiv.o
       186          0          0          0          0        176   depilogue.o
        62          0          0          0          0         80   dfixi.o
        50          0          0          0          0         76   dfixui.o
        48          0          0          0          0         68   dfixul.o
        34          0          0          0          0         76   dflti.o
        26          0          0          0          0         76   dfltui.o
       228          0          0          0          0         96   dmul.o
        46          0          0          0          0         80   dscalb.o
       162          0          0          0          0        100   dsqrt.o
        38          0          0          0          0         68   f2d.o
       110          0          0          0          0        168   fepilogue.o

    ----------------------------------------------------------------------
     41540       1832      25940        436        588      35500   Library Totals
        90          0          3          5          4          0   (incl. Padding)

    ----------------------------------------------------------------------

      Code (inc. data)   RO Data    RW Data    ZI Data      Debug   Library Name

     31734       1450      25660        419        584      29596   STemWin528_CM3_OS_Keil.lib
      3056        216        144          0          0        972   m_ws.l
      4922        166        133         12          0       3260   mc_w.l
      1738          0          0          0          0       1672   mf_w.l

    ----------------------------------------------------------------------
     41540       1832      25940        436        588      35500   Library Totals

    ----------------------------------------------------------------------

==============================================================================


      Code (inc. data)   RO Data    RW Data    ZI Data      Debug   

    168952      11876      33948       1244     110092     929978   Grand Totals
    168952      11876      33948        268     110092     929978   ELF Image Totals (compressed)
    168952      11876      33948        268          0          0   ROM Totals

==============================================================================

    Total RO  Size (Code + RO Data)               202900 ( 198.14kB)
    Total RW  Size (RW Data + ZI Data)            111336 ( 108.73kB)
    Total ROM Size (Code + RO Data + RW Data)     203168 ( 198.41kB)

==============================================================================

