Component: ARM Compiler 5.05 update 1 (build 106) Tool: armlink [4d0efa]

==============================================================================

Section Cross References

    main.o(.text) refers to os_q.o(.text) for OSQCreate
    main.o(.text) refers to os_task.o(.text) for OSTaskCreate
    main.o(.text) refers to os_time.o(.text) for OSTimeDlyHMSM
    main.o(.text) refers to config.o(.text) for getUniqueID
    main.o(.text) refers to bsp_global.o(.text) for BSP_Init
    main.o(.text) refers to os_core.o(.text) for OSInit
    main.o(.text) refers to system_stm32f2xx.o(.data) for SystemCoreClock
    main.o(.text) refers to task_test.o(.bss) for MsgGrp_q_msg_zigbee_rx
    main.o(.text) refers to task_test.o(.data) for q_msg_zigbee_rx
    main.o(.text) refers to task_test.o(.text) for Task_TCP_Client
    main.o(.text) refers to main.o(.bss) for Stk_TaskStartUp
    task_test.o(.text) refers to ultrasonicwave.o(.text) for UltrasonicWave_StartMeasure
    task_test.o(.text) refers to dht11.o(.text) for DHT11_Read_Data
    task_test.o(.text) refers to lightintensitysensor.o(.text) for LightIntensitySensor_measure
    task_test.o(.text) refers to os_time.o(.text) for OSTimeDlyHMSM
    task_test.o(.text) refers to key.o(.text) for KEY_RUN
    task_test.o(.text) refers to stm32f2xx_tim.o(.text) for TIM_GetCounter
    task_test.o(.text) refers to led.o(.text) for LED_Run
    task_test.o(.text) refers to motor.o(.text) for MOTOR_Run
    task_test.o(.text) refers to blutooth.o(.text) for BLUTOOTH_Run
    task_test.o(.text) refers to zigbee.o(.text) for Zigbee_RUN
    task_test.o(.text) refers to ir.o(.text) for IR_Run
    task_test.o(.text) refers to parserjson.o(.text) for makeJson
    task_test.o(.text) refers to strlen.o(.text) for strlen
    task_test.o(.text) refers to malloc.o(i.free) for free
    task_test.o(.text) refers to stm32f2x7_eth_bsp.o(.text) for ETH_BSP_Config
    task_test.o(.text) refers to netconf.o(.text) for LwIP_Init
    task_test.o(.text) refers to udp_client.o(.text) for UDP_client_init
    task_test.o(.text) refers to udp.o(.text) for udp_send
    task_test.o(.text) refers to tcp_client.o(.text) for TCP_Client_Init
    task_test.o(.text) refers to ff.o(.text) for f_mount
    task_test.o(.text) refers to stm32f2xx_rcc.o(.text) for RCC_AHB1PeriphClockCmd
    task_test.o(.text) refers to gui_core.o(i.GUI_Init) for GUI_Init
    task_test.o(.text) refers to gui_setcolor.o(i.GUI_SetBkColor) for GUI_SetBkColor
    task_test.o(.text) refers to gui_setcolor.o(i.GUI_SetColor) for GUI_SetColor
    task_test.o(.text) refers to gui_settextmode.o(i.GUI_SetTextMode) for GUI_SetTextMode
    task_test.o(.text) refers to gui_uc_encodeutf8.o(i.GUI_UC_SetEncodeUTF8) for GUI_UC_SetEncodeUTF8
    task_test.o(.text) refers to gui_core.o(i.GUI_Clear) for GUI_Clear
    task_test.o(.text) refers to gui_setfont.o(i.GUI_SetFont) for GUI_SetFont
    task_test.o(.text) refers to gui_dispstringat.o(i.GUI_DispStringAt) for GUI_DispStringAt
    task_test.o(.text) refers to ir.o(.data) for IR_LearnState
    task_test.o(.text) refers to task_test.o(.bss) for runTime
    task_test.o(.text) refers to task_test.o(.data) for pong_flag
    task_test.o(.text) refers to udp_client.o(.data) for udp_p
    task_test.o(.text) refers to f16_1.o(.constdata) for GUI_Font16_1
    task_test.o(.text) refers to exam.o(.text) for bmpdisplay_exam1
    task_test.o(.text) refers to beep.o(.text) for BEEP_Run
    task_test.o(.text) refers to stm32f2xx_gpio.o(.text) for GPIO_SetBits
    task_test.o(.text) refers to os_task.o(.text) for OSTaskStkChk
    bsp_global.o(.text) refers to sram.o(.text) for FSMC_SRAM_WriteBuffer
    bsp_global.o(.text) refers to nvic.o(.text) for NVIC_Configuration
    bsp_global.o(.text) refers to delay.o(.text) for delay_init
    bsp_global.o(.text) refers to ili93xx.o(.text) for TFTLCD_Init
    bsp_global.o(.text) refers to led.o(.text) for LED_Configuration
    bsp_global.o(.text) refers to beep.o(.text) for Beep_Config
    bsp_global.o(.text) refers to motor.o(.text) for MOTOR_Configuration
    bsp_global.o(.text) refers to blutooth.o(.text) for BLUTOOTH_Configuration
    bsp_global.o(.text) refers to zigbee.o(.text) for Zigbee_Configuration
    bsp_global.o(.text) refers to ultrasonicwave.o(.text) for UltrasonicWave_Configuration
    bsp_global.o(.text) refers to key.o(.text) for KEY_init
    bsp_global.o(.text) refers to dht11.o(.text) for DHT11_Init
    bsp_global.o(.text) refers to lightintensitysensor.o(.text) for LightIntensitySensor_Init
    bsp_global.o(.text) refers to rc522.o(.text) for RC522_Init
    bsp_global.o(.text) refers to ir.o(.text) for IR_Configuration
    bsp_global.o(.text) refers to usart.o(.text) for uart_init
    nvic.o(.text) refers to misc.o(.text) for NVIC_SetVectorTable
    netconf.o(.text) refers to mem.o(.text) for mem_init
    netconf.o(.text) refers to memp.o(.text) for memp_init
    netconf.o(.text) refers to inet.o(.text) for htonl
[...]
    0x08029950   0x00000100   Data   RO          994    .constdata          os_core.o
    0x08029a50   0x00000008   Data   RO         1278    .constdata          ip_addr.o
    0x08029a58   0x00000024   Data   RO         1373    .constdata          memp.o
    0x08029a7c   0x00000014   Data   RO         1459    .constdata          tcp.o
    0x08029a90   0x0000000c   Data   RO         1542    .constdata          etharp.o
    0x08029a9c   0x00000e3c   Data   RO         1645    .constdata          beep.o
    0x0802a8d8   0x0000003a   Data   RO         1849    .constdata          ff.o
    0x0802a912   0x000003c0   Data   RO         1929    .constdata          mycc936.o
    0x0802acd2   0x00000007   Data   RO         2016    .constdata          cjson.o
    0x0802acd9   0x00000241   Data   RO         2066    .constdata          base64.o
    0x0802af1a   0x00000002   PAD
    0x0802af1c   0x00000034   Data   RO         2097    .constdata          guidrv_template.o
    0x0802af50   0x00000668   Data   RO         2223    .constdata          hzk_hwxk_24.o
    0x0802b5b8   0x00000010   Data   RO         2233    .constdata          exam.o
    0x0802b5c8   0x00000008   Data   RO         2375    .constdata          STemWin528_CM3_OS_Keil.lib(gui_bmp.o)
    0x0802b5d0   0x00000008   Data   RO         2425    .constdata          STemWin528_CM3_OS_Keil.lib(gui_core.o)
    0x0802b5d8   0x00000008   Data   RO         2459    .constdata          STemWin528_CM3_OS_Keil.lib(gui_device.o)
    0x0802b5e0   0x00000010   Data   RO         2499    .constdata          STemWin528_CM3_OS_Keil.lib(gui_uc_encodeutf8.o)
    0x0802b5f0   0x00000018   Data   RO         2532    .constdata          STemWin528_CM3_OS_Keil.lib(guicc_m565.o)
    0x0802b608   0x00000518   Data   RO         2668    .constdata          STemWin528_CM3_OS_Keil.lib(f6x8.o)
    0x0802bb20   0x000001c0   Data   RO         2669    .constdata          STemWin528_CM3_OS_Keil.lib(f6x8.o)
    0x0802bce0   0x00000008   Data   RO         2670    .constdata          STemWin528_CM3_OS_Keil.lib(f6x8.o)
    0x0802bce8   0x00000014   Data   RO         2671    .constdata          STemWin528_CM3_OS_Keil.lib(f6x8.o)
    0x0802bcfc   0x00000024   Data   RO         2672    .constdata          STemWin528_CM3_OS_Keil.lib(f6x8.o)
    0x0802bd20   0x00000010   Data   RO         2674    .constdata          STemWin528_CM3_OS_Keil.lib(f16_1.o)
    0x0802bd30   0x00000010   Data   RO         2675    .constdata          STemWin528_CM3_OS_Keil.lib(f16_1.o)
    0x0802bd40   0x00000010   Data   RO         2676    .constdata          STemWin528_CM3_OS_Keil.lib(f16_1.o)
    0x0802bd50   0x00000010   Data   RO         2677    .constdata          STemWin528_CM3_OS_Keil.lib(f16_1.o)
    0x0802bd60   0x00000010   Data   RO         2678    .constdata          STemWin528_CM3_OS_Keil.lib(f16_1.o)
    0x0802bd70   0x00000010   Data   RO         2679    .constdata          STemWin528_CM3_OS_Keil.lib(f16_1.o)
    0x0802bd80   0x00000010   Data   RO         2680    .constdata          STemWin528_CM3_OS_Keil.lib(f16_1.o)
    0x0802bd90   0x00000010   Data   RO         2681    .constdata          STemWin528_CM3_OS_Keil.lib(f16_1.o)
    0x0802bda0   0x00000010   Data   RO         2682    .constdata          STemWin528_CM3_OS_Keil.lib(f16_1.o)
    0x0802bdb0   0x00000020   Data   RO         2683    .constdata          STemWin528_CM3_OS_Keil.lib(f16_1.o)
    0x0802bdd0   0x00000010   Data   RO         2684    .constdata          STemWin528_CM3_OS_Keil.lib(f16_1.o)
    0x0802bde0   0x00000010   Data   RO         2685    .constdata          STemWin528_CM3_OS_Keil.lib(f16_1.o)
    0x0802bdf0   0x00000010   Data   RO         2686    .constdata          STemWin528_CM3_OS_Keil.lib(f16_1.o)
    0x0802be00   0x00000010   Data   RO         2687    .constdata          STemWin528_CM3_OS_Keil.lib(f16_1.o)
    0x0802be10   0x00000020   Data   RO         2688    .constdata          STemWin528_CM3_OS_Keil.lib(f16_1.o)
    0x0802be30   0x00000010   Data   RO         2689    .constdata          STemWin528_CM3_OS_Keil.lib(f16_1.o)
    0x0802be40   0x00000010   Data   RO         2690    .constdata          STemWin528_CM3_OS_Keil.lib(f16_1.o)
    0x0802be50   0x00000010   Data   RO         2691    .constdata          STemWin528_CM3_OS_Keil.lib(f16_1.o)
    0x0802be60   0x00000010   Data   RO         2692    .constdata          STemWin528_CM3_OS_Keil.lib(f16_1.o)
    0x0802be70   0x00000010   Data   RO         2693    .constdata          STemWin528_CM3_OS_Keil.lib(f16_1.o)
    0x0802be80   0x00000010   Data   RO         2694    .constdata          STemWin528_CM3_OS_Keil.lib(f16_1.o)
    0x0802be90   0x00000010   Data   RO         2695    .constdata          STemWin528_CM3_OS_Keil.lib(f16_1.o)
    0x0802bea0   0x00000010   Data   RO         2696    .constdata          STemWin528_CM3_OS_Keil.lib(f16_1.o)
    0x0802beb0   0x00000010   Data   RO         2697    .constdata          STemWin528_CM3_OS_Keil.lib(f16_1.o)
    0x0802bec0   0x00000010   Data   RO         2698    .constdata          STemWin528_CM3_OS_Keil.lib(f16_1.o)
    0x0802bed0   0x00000010   Data   RO         2699    .constdata          STemWin528_CM3_OS_Keil.lib(f16_1.o)
    0x0802bee0   0x00000010   Data   RO         2700    .constdata          STemWin528_CM3_OS_Keil.lib(f16_1.o)
    0x0802bef0   0x00000010   Data   RO         2701    .constdata          STemWin528_CM3_OS_Keil.lib(f16_1.o)
    0x0802bf00   0x00000020   Data   RO         2702    .constdata          STemWin528_CM3_OS_Keil.lib(f16_1.o)
    0x0802bf20   0x00000020   Data   RO         2703    .constdata          STemWin528_CM3_OS_Keil.lib(f16_1.o)
    0x0802bf40   0x00000020   Data   RO         2704    .constdata          STemWin528_CM3_OS_Keil.lib(f16_1.o)
    0x0802bf60   0x00000010   Data   RO         2705    .constdata          STemWin528_CM3_OS_Keil.lib(f16_1.o)
    0x0802bf70   0x00000020   Data   RO         2706    .constdata          STemWin528_CM3_OS_Keil.lib(f16_1.o)
    0x0802bf90   0x00000020   Data   RO         2707    .constdata          STemWin528_CM3_OS_Keil.lib(f16_1.o)
    0x0802bfb0   0x00000020   Data   RO         2708    .constdata          STemWin528_CM3_OS_Keil.lib(f16_1.o)
    0x0802bfd0   0x00000020   Data   RO         2709    .constdata          STemWin528_CM3_OS_Keil.lib(f16_1.o)
    0x0802bff0   0x00000020   Data   RO         2710    .constdata          STemWin528_CM3_OS_Keil.lib(f16_1.o)
    0x0802c010   0x00000020   Data   RO         2711    .constdata          STemWin528_CM3_OS_Keil.lib(f16_1.o)
    0x0802c030   0x00000020   Data   RO         2712    .constdata          STemWin528_CM3_OS_Keil.lib(f16_1.o)
    0x0802c050   0x00000020   Data   RO         2713    .constdata          STemWin528_CM3_OS_Keil.lib(f16_1.o)
    0x0802c070   0x00000020   Data   RO         2714    .constdata          STemWin528_CM3_OS_Keil.lib(f16_1.o)
    0x0802c090   0x00000020   Data   RO         2715    .constdata          STemWin528_CM3_OS_Keil.lib(f16_1.o)
    0x0802c0b0   0x00000020   Data   RO         2716    .constdata          STemWin528_CM3_OS_Keil.lib(f16_1.o)
    0x0802c0d0   0x00000020   Data   RO         2717    .constdata          STemWin528_CM3_OS_Keil.lib(f16_1.o)
    0x0802c0f0   0x00000010   Data   RO         2718    .constdata          STemWin528_CM3_OS_Keil.lib(f16_1.o)
    0x0802c100   0x00000010   Data   RO         2719    .constdata          STemWin528_CM3_OS_Keil.lib(f16_1.o)
    0x0802c110   0x00000010   Data   RO         2720    .constdata          STemWin528_CM3_OS_Keil.lib(f16_1.o)
    0x0802c120   0x00000010   Data   RO         2721    .constdata          STemWin528_CM3_OS_Keil.lib(f16_1.o)
    0x0802c130   0x00000020   Data   RO         2722    .constdata          STemWin528_CM3_OS_Keil.lib(f16_1.o)
    0x0802c150   0x00000020   Data   RO         2723    .constdata          STemWin528_CM3_OS_Keil.lib(f16_1.o)
    0x0802c170   0x00000020   Data   RO         2724    .constdata          STemWin528_CM3_OS_Keil.lib(f16_1.o)
    0x0802c190   0x00000020   Data   RO         2725    .constdata          STemWin528_CM3_OS_Keil.lib(f16_1.o)
    0x0802c1b0   0x00000020   Data   RO         2726    .constdata          STemWin528_CM3_OS_Keil.lib(f16_1.o)
    0x0802c1d0   0x00000020   Data   RO         2727    .constdata          STemWin528_CM3_OS_Keil.lib(f16_1.o)
    0x0802c1f0   0x00000020   Data   RO         2728    .constdata          STemWin528_CM3_OS_Keil.lib(f16_1.o)
    0x0802c210   0x00000010   Data   RO         2729    .constdata          STemWin528_CM3_OS_Keil.lib(f16_1.o)
    0x0802c220   0x00000020   Data   RO         2730    .constdata          STemWin528_CM3_OS_Keil.lib(f16_1.o)
    0x0802c240   0x00000020   Data   RO         2731    .constdata          STemWin528_CM3_OS_Keil.lib(f16_1.o)
    0x0802c260   0x00000020   Data   RO         2732    .constdata          STemWin528_CM3_OS_Keil.lib(f16_1.o)
    0x0802c280   0x00000020   Data   RO         2733    .constdata          STemWin528_CM3_OS_Keil.lib(f16_1.o)
    0x0802c2a0   0x00000020   Data   RO         2734    .constdata          STemWin528_CM3_OS_Keil.lib(f16_1.o)
    0x0802c2c0   0x00000020   Data   RO         2735    .constdata          STemWin528_CM3_OS_Keil.lib(f16_1.o)
    0x0802c2e0   0x00000020   Data   RO         2736    .constdata          STemWin528_CM3_OS_Keil.lib(f16_1.o)
    0x0802c300   0x00000020   Data   RO         2737    .constdata          STemWin528_CM3_OS_Keil.lib(f16_1.o)
    0x0802c320   0x00000010   Data   RO         2738    .constdata          STemWin528_CM3_OS_Keil.lib(f16_1.o)
    0x0802c330   0x00000010   Data   RO         2739    .constdata          STemWin528_CM3_OS_Keil.lib(f16_1.o)
    0x0802c340   0x00000010   Data   RO         2740    .constdata          STemWin528_CM3_OS_Keil.lib(f16_1.o)
    0x0802c350   0x00000010   Data   RO         2741    .constdata          STemWin528_CM3_OS_Keil.lib(f16_1.o)
    0x0802c360   0x00000010   Data   RO         2742    .constdata          STemWin528_CM3_OS_Keil.lib(f16_1.o)
    0x0802c370   0x00000010   Data   RO         2743    .constdata          STemWin528_CM3_OS_Keil.lib(f16_1.o)
    0x0802c380   0x00000020   Data   RO         2744    .constdata          STemWin528_CM3_OS_Keil.lib(f16_1.o)
    0x0802c3a0   0x00000010   Data   RO         2745    .constdata          STemWin528_CM3_OS_Keil.lib(f16_1.o)
    0x0802c3b0   0x00000010   Data   RO         2746    .constdata          STemWin528_CM3_OS_Keil.lib(f16_1.o)
    0x0802c3c0   0x00000010   Data   RO         2747    .constdata          STemWin528_CM3_OS_Keil.lib(f16_1.o)
    0x0802c3d0   0x00000010   Data   RO         2748    .constdata          STemWin528_CM3_OS_Keil.lib(f16_1.o)
    0x0802c3e0   0x00000010   Data   RO         2749    .constdata          STemWin528_CM3_OS_Keil.lib(f16_1.o)
    0x0802c3f0   0x00000010   Data   RO         2750    .constdata          STemWin528_CM3_OS_Keil.lib(f16_1.o)
    0x0802c400   0x00000010   Data   RO         2751    .constdata          STemWin528_CM3_OS_Keil.lib(f16_1.o)
    0x0802c410   0x00000010   Data   RO         2752    .constdata          STemWin528_CM3_OS_Keil.lib(f16_1.o)
    0x0802c420   0x00000010   Data   RO         2753    .constdata          STemWin528_CM3_OS_Keil.lib(f16_1.o)
    0x0802c430   0x00000010   Data   RO         2754    .constdata          STemWin528_CM3_OS_Keil.lib(f16_1.o)
    0x0802c440   0x00000010   Data   RO         2755    .constdata          STemWin528_CM3_OS_Keil.lib(f16_1.o)
    0x0802c450   0x00000010   Data   RO         2756    .constdata          STemWin528_CM3_OS_Keil.lib(f16_1.o)
    0x0802c460   0x00000010   Data   RO         2757    .constdata          STemWin528_CM3_OS_Keil.lib(f16_1.o)
    0x0802c470   0x00000010   Data   RO         2758    .constdata          STemWin528_CM3_OS_Keil.lib(f16_1.o)
    0x0802c480   0x00000010   Data   RO         2759    .constdata          STemWin528_CM3_OS_Keil.lib(f16_1.o)
    0x0802c490   0x00000010   Data   RO         2760    .constdata          STemWin528_CM3_OS_Keil.lib(f16_1.o)
    0x0802c4a0   0x00000010   Data   RO         2761    .constdata          STemWin528_CM3_OS_Keil.lib(f16_1.o)
    0x0802c4b0   0x00000010   Data   RO         2762    .constdata          STemWin528_CM3_OS_Keil.lib(f16_1.o)
    0x0802c4c0   0x00000010   Data   RO         2763    .constdata          STemWin528_CM3_OS_Keil.lib(f16_1.o)
    0x0802c4d0   0x00000010   Data   RO         2764    .constdata          STemWin528_CM3_OS_Keil.lib(f16_1.o)
    0x0802c4e0   0x00000010   Data   RO         2765    .constdata          STemWin528_CM3_OS_Keil.lib(f16_1.o)
    0x0802c4f0   0x00000010   Data   RO         2766    .constdata          STemWin528_CM3_OS_Keil.lib(f16_1.o)
    0x0802c500   0x00000010   Data   RO         2767    .constdata          STemWin528_CM3_OS_Keil.lib(f16_1.o)
    0x0802c510   0x00000010   Data   RO         2768    .constdata          STemWin528_CM3_OS_Keil.lib(f16_1.o)
    0x0802c520   0x00000010   Data   RO         2769    .constdata          STemWin528_CM3_OS_Keil.lib(f16_1.o)
    0x0802c530   0x00000300   Data   RO         2770    .constdata          STemWin528_CM3_OS_Keil.lib(f16_1.o)
    0x0802c830   0x0000000c   Data   RO         2771    .constdata          STemWin528_CM3_OS_Keil.lib(f16_1.o)
    0x0802c83c   0x00000024   Data   RO         2772    .constdata          STemWin528_CM3_OS_Keil.lib(f16_1.o)
    0x0802c860   0x00000018   Data   RO         2773    .constdata          STemWin528_CM3_OS_Keil.lib(f24_1.o)
    0x0802c878   0x00000018   Data   RO         2774    .constdata          STemWin528_CM3_OS_Keil.lib(f24_1.o)
    0x0802c890   0x00000030   Data   RO         2775    .constdata          STemWin528_CM3_OS_Keil.lib(f24_1.o)
    0x0802c8c0   0x00000030   Data   RO         2776    .constdata          STemWin528_CM3_OS_Keil.lib(f24_1.o)
    0x0802c8f0   0x00000030   Data   RO         2777    .constdata          STemWin528_CM3_OS_Keil.lib(f24_1.o)
    0x0802c920   0x00000030   Data   RO         2778    .constdata          STemWin528_CM3_OS_Keil.lib(f24_1.o)
    0x0802c950   0x00000018   Data   RO         2779    .constdata          STemWin528_CM3_OS_Keil.lib(f24_1.o)
    0x0802c968   0x00000030   Data   RO         2780    .constdata          STemWin528_CM3_OS_Keil.lib(f24_1.o)
    0x0802c998   0x00000018   Data   RO         2781    .constdata          STemWin528_CM3_OS_Keil.lib(f24_1.o)
    0x0802c9b0   0x00000030   Data   RO         2782    .constdata          STemWin528_CM3_OS_Keil.lib(f24_1.o)
    0x0802c9e0   0x00000018   Data   RO         2783    .constdata          STemWin528_CM3_OS_Keil.lib(f24_1.o)
    0x0802c9f8   0x00000030   Data   RO         2784    .constdata          STemWin528_CM3_OS_Keil.lib(f24_1.o)
    0x0802ca28   0x00000030   Data   RO         2785    .constdata          STemWin528_CM3_OS_Keil.lib(f24_1.o)
    0x0802ca58   0x00000018   Data   RO         2786    .constdata          STemWin528_CM3_OS_Keil.lib(f24_1.o)
    0x0802ca70   0x00000030   Data   RO         2787    .constdata          STemWin528_CM3_OS_Keil.lib(f24_1.o)
    0x0802caa0   0x00000030   Data   RO         2788    .constdata          STemWin528_CM3_OS_Keil.lib(f24_1.o)
    0x0802cad0   0x00000018   Data   RO         2789    .constdata          STemWin528_CM3_OS_Keil.lib(f24_1.o)
    0x0802cae8   0x00000030   Data   RO         2790    .constdata          STemWin528_CM3_OS_Keil.lib(f24_1.o)
    0x0802cb18   0x00000018   Data   RO         2791    .constdata          STemWin528_CM3_OS_Keil.lib(f24_1.o)
    0x0802cb30   0x00000018   Data   RO         2792    .constdata          STemWin528_CM3_OS_Keil.lib(f24_1.o)
    0x0802cb48   0x00000018   Data   RO         2793    .constdata          STemWin528_CM3_OS_Keil.lib(f24_1.o)
    0x0802cb60   0x00000030   Data   RO         2794    .constdata          STemWin528_CM3_OS_Keil.lib(f24_1.o)
    0x0802cb90   0x00000030   Data   RO         2795    .constdata          STemWin528_CM3_OS_Keil.lib(f24_1.o)
    0x0802cbc0   0x00000018   Data   RO         2796    .constdata          STemWin528_CM3_OS_Keil.lib(f24_1.o)
    0x0802cbd8   0x00000018   Data   RO         2797    .constdata          STemWin528_CM3_OS_Keil.lib(f24_1.o)
    0x0802cbf0   0x00000018   Data   RO         2798    .constdata          STemWin528_CM3_OS_Keil.lib(f24_1.o)
    0x0802cc08   0x00000018   Data   RO         2799    .constdata          STemWin528_CM3_OS_Keil.lib(f24_1.o)
    0x0802cc20   0x00000030   Data   RO         2800    .constdata          STemWin528_CM3_OS_Keil.lib(f24_1.o)
    0x0802cc50   0x00000048   Data   RO         2801    .constdata          STemWin528_CM3_OS_Keil.lib(f24_1.o)
    0x0802cc98   0x00000048   Data   RO         2802    .constdata          STemWin528_CM3_OS_Keil.lib(f24_1.o)
    0x0802cce0   0x00000048   Data   RO         2803    .constdata          STemWin528_CM3_OS_Keil.lib(f24_1.o)
    0x0802cd28   0x00000030   Data   RO         2804    .constdata          STemWin528_CM3_OS_Keil.lib(f24_1.o)
    0x0802cd58   0x00000030   Data   RO         2805    .constdata          STemWin528_CM3_OS_Keil.lib(f24_1.o)
    0x0802cd88   0x00000030   Data   RO         2806    .constdata          STemWin528_CM3_OS_Keil.lib(f24_1.o)
    0x0802cdb8   0x00000030   Data   RO         2807    .constdata          STemWin528_CM3_OS_Keil.lib(f24_1.o)
    0x0802cde8   0x00000030   Data   RO         2808    .constdata          STemWin528_CM3_OS_Keil.lib(f24_1.o)
    0x0802ce18   0x00000030   Data   RO         2809    .constdata          STemWin528_CM3_OS_Keil.lib(f24_1.o)
    0x0802ce48   0x00000030   Data   RO         2810    .constdata          STemWin528_CM3_OS_Keil.lib(f24_1.o)
    0x0802ce78   0x00000048   Data   RO         2811    .constdata          STemWin528_CM3_OS_Keil.lib(f24_1.o)
    0x0802cec0   0x00000030   Data   RO         2812    .constdata          STemWin528_CM3_OS_Keil.lib(f24_1.o)
    0x0802cef0   0x00000030   Data   RO         2813    .constdata          STemWin528_CM3_OS_Keil.lib(f24_1.o)
    0x0802cf20   0x00000030   Data   RO         2814    .constdata          STemWin528_CM3_OS_Keil.lib(f24_1.o)
    0x0802cf50   0x00000030   Data   RO         2815    .constdata          STemWin528_CM3_OS_Keil.lib(f24_1.o)
    0x0802cf80   0x00000030   Data   RO         2816    .constdata          STemWin528_CM3_OS_Keil.lib(f24_1.o)
    0x0802cfb0   0x00000018   Data   RO         2817    .constdata          STemWin528_CM3_OS_Keil.lib(f24_1.o)
    0x0802cfc8   0x00000018   Data   RO         2818    .constdata          STemWin528_CM3_OS_Keil.lib(f24_1.o)
    0x0802cfe0   0x00000018   Data   RO         2819    .constdata          STemWin528_CM3_OS_Keil.lib(f24_1.o)
    0x0802cff8   0x00000018   Data   RO         2820    .constdata          STemWin528_CM3_OS_Keil.lib(f24_1.o)
    0x0802d010   0x00000030   Data   RO         2821    .constdata          STemWin528_CM3_OS_Keil.lib(f24_1.o)
    0x0802d040   0x00000030   Data   RO         2822    .constdata          STemWin528_CM3_OS_Keil.lib(f24_1.o)
    0x0802d070   0x00000030   Data   RO         2823    .constdata          STemWin528_CM3_OS_Keil.lib(f24_1.o)
    0x0802d0a0   0x00000030   Data   RO         2824    .constdata          STemWin528_CM3_OS_Keil.lib(f24_1.o)
    0x0802d0d0   0x00000030   Data   RO         2825    .constdata          STemWin528_CM3_OS_Keil.lib(f24_1.o)
    0x0802d100   0x00000030   Data   RO         2826    .constdata          STemWin528_CM3_OS_Keil.lib(f24_1.o)
    0x0802d130   0x00000030   Data   RO         2827    .constdata          STemWin528_CM3_OS_Keil.lib(f24_1.o)
    0x0802d160   0x00000030   Data   RO         2828    .constdata          STemWin528_CM3_OS_Keil.lib(f24_1.o)
    0x0802d190   0x00000030   Data   RO         2829    .constdata          STemWin528_CM3_OS_Keil.lib(f24_1.o)
    0x0802d1c0   0x00000030   Data   RO         2830    .constdata          STemWin528_CM3_OS_Keil.lib(f24_1.o)
    0x0802d1f0   0x00000030   Data   RO         2831    .constdata          STemWin528_CM3_OS_Keil.lib(f24_1.o)
    0x0802d220   0x00000030   Data   RO         2832    .constdata          STemWin528_CM3_OS_Keil.lib(f24_1.o)
    0x0802d250   0x00000030   Data   RO         2833    .constdata          STemWin528_CM3_OS_Keil.lib(f24_1.o)
    0x0802d280   0x00000030   Data   RO         2834    .constdata          STemWin528_CM3_OS_Keil.lib(f24_1.o)
    0x0802d2b0   0x00000030   Data   RO         2835    .constdata          STemWin528_CM3_OS_Keil.lib(f24_1.o)
    0x0802d2e0   0x00000030   Data   RO         2836    .constdata          STemWin528_CM3_OS_Keil.lib(f24_1.o)
    0x0802d310   0x00000030   Data   RO         2837    .constdata          STemWin528_CM3_OS_Keil.lib(f24_1.o)
    0x0802d340   0x00000030   Data   RO         2838    .constdata          STemWin528_CM3_OS_Keil.lib(f24_1.o)
    0x0802d370   0x00000030   Data   RO         2839    .constdata          STemWin528_CM3_OS_Keil.lib(f24_1.o)
    0x0802d3a0   0x00000030   Data   RO         2840    .constdata          STemWin528_CM3_OS_Keil.lib(f24_1.o)
    0x0802d3d0   0x00000030   Data   RO         2841    .constdata          STemWin528_CM3_OS_Keil.lib(f24_1.o)
    0x0802d400   0x00000030   Data   RO         2842    .constdata          STemWin528_CM3_OS_Keil.lib(f24_1.o)
    0x0802d430   0x00000048   Data   RO         2843    .constdata          STemWin528_CM3_OS_Keil.lib(f24_1.o)
    0x0802d478   0x00000030   Data   RO         2844    .constdata          STemWin528_CM3_OS_Keil.lib(f24_1.o)
    0x0802d4a8   0x00000030   Data   RO         2845    .constdata          STemWin528_CM3_OS_Keil.lib(f24_1.o)
    0x0802d4d8   0x00000030   Data   RO         2846    .constdata          STemWin528_CM3_OS_Keil.lib(f24_1.o)
    0x0802d508   0x00000030   Data   RO         2847    .constdata          STemWin528_CM3_OS_Keil.lib(f24_1.o)
    0x0802d538   0x00000030   Data   RO         2848    .constdata          STemWin528_CM3_OS_Keil.lib(f24_1.o)
    0x0802d568   0x00000018   Data   RO         2849    .constdata          STemWin528_CM3_OS_Keil.lib(f24_1.o)
    0x0802d580   0x00000018   Data   RO         2850    .constdata          STemWin528_CM3_OS_Keil.lib(f24_1.o)
    0x0802d598   0x00000018   Data   RO         2851    .constdata          STemWin528_CM3_OS_Keil.lib(f24_1.o)
    0x0802d5b0   0x00000018   Data   RO         2852    .constdata          STemWin528_CM3_OS_Keil.lib(f24_1.o)
    0x0802d5c8   0x00000030   Data   RO         2853    .constdata          STemWin528_CM3_OS_Keil.lib(f24_1.o)
    0x0802d5f8   0x00000030   Data   RO         2854    .constdata          STemWin528_CM3_OS_Keil.lib(f24_1.o)
    0x0802d628   0x00000030   Data   RO         2855    .constdata          STemWin528_CM3_OS_Keil.lib(f24_1.o)
    0x0802d658   0x00000030   Data   RO         2856    .constdata          STemWin528_CM3_OS_Keil.lib(f24_1.o)
    0x0802d688   0x00000030   Data   RO         2857    .constdata          STemWin528_CM3_OS_Keil.lib(f24_1.o)
    0x0802d6b8   0x00000030   Data   RO         2858    .constdata          STemWin528_CM3_OS_Keil.lib(f24_1.o)
    0x0802d6e8   0x00000030   Data   RO         2859    .constdata          STemWin528_CM3_OS_Keil.lib(f24_1.o)
    0x0802d718   0x00000030   Data   RO         2860    .constdata          STemWin528_CM3_OS_Keil.lib(f24_1.o)
    0x0802d748   0x00000030   Data   RO         2861    .constdata          STemWin528_CM3_OS_Keil.lib(f24_1.o)
    0x0802d778   0x00000030   Data   RO         2862    .constdata          STemWin528_CM3_OS_Keil.lib(f24_1.o)
    0x0802d7a8   0x00000030   Data   RO         2863    .constdata          STemWin528_CM3_OS_Keil.lib(f24_1.o)
    0x0802d7d8   0x00000030   Data   RO         2864    .constdata          STemWin528_CM3_OS_Keil.lib(f24_1.o)
    0x0802d808   0x00000030   Data   RO         2865    .constdata          STemWin528_CM3_OS_Keil.lib(f24_1.o)
    0x0802d838   0x00000030   Data   RO         2866    .constdata          STemWin528_CM3_OS_Keil.lib(f24_1.o)
    0x0802d868   0x00000030   Data   RO         2867    .constdata          STemWin528_CM3_OS_Keil.lib(f24_1.o)
    0x0802d898   0x00000030   Data   RO         2868    .constdata          STemWin528_CM3_OS_Keil.lib(f24_1.o)
    0x0802d8c8   0x00000300   Data   RO         2869    .constdata          STemWin528_CM3_OS_Keil.lib(f24_1.o)
    0x0802dbc8   0x0000000c   Data   RO         2870    .constdata          STemWin528_CM3_OS_Keil.lib(f24_1.o)
    0x0802dbd4   0x00000024   Data   RO         2871    .constdata          STemWin528_CM3_OS_Keil.lib(f24_1.o)
    0x0802dbf8   0x00000020   Data   RO         2872    .constdata          STemWin528_CM3_OS_Keil.lib(f32_ascii.o)
    0x0802dc18   0x00000020   Data   RO         2873    .constdata          STemWin528_CM3_OS_Keil.lib(f32_ascii.o)
    0x0802dc38   0x00000040   Data   RO         2874    .constdata          STemWin528_CM3_OS_Keil.lib(f32_ascii.o)
    0x0802dc78   0x00000040   Data   RO         2875    .constdata          STemWin528_CM3_OS_Keil.lib(f32_ascii.o)
    0x0802dcb8   0x00000040   Data   RO         2876    .constdata          STemWin528_CM3_OS_Keil.lib(f32_ascii.o)
    0x0802dcf8   0x00000060   Data   RO         2877    .constdata          STemWin528_CM3_OS_Keil.lib(f32_ascii.o)
    0x0802dd58   0x00000060   Data   RO         2878    .constdata          STemWin528_CM3_OS_Keil.lib(f32_ascii.o)
    0x0802ddb8   0x00000020   Data   RO         2879    .constdata          STemWin528_CM3_OS_Keil.lib(f32_ascii.o)
    0x0802ddd8   0x00000040   Data   RO         2880    .constdata          STemWin528_CM3_OS_Keil.lib(f32_ascii.o)
    0x0802de18   0x00000040   Data   RO         2881    .constdata          STemWin528_CM3_OS_Keil.lib(f32_ascii.o)
    0x0802de58   0x00000040   Data   RO         2882    .constdata          STemWin528_CM3_OS_Keil.lib(f32_ascii.o)
    0x0802de98   0x00000040   Data   RO         2883    .constdata          STemWin528_CM3_OS_Keil.lib(f32_ascii.o)
    0x0802ded8   0x00000020   Data   RO         2884    .constdata          STemWin528_CM3_OS_Keil.lib(f32_ascii.o)
    0x0802def8   0x00000040   Data   RO         2885    .constdata          STemWin528_CM3_OS_Keil.lib(f32_ascii.o)
    0x0802df38   0x00000020   Data   RO         2886    .constdata          STemWin528_CM3_OS_Keil.lib(f32_ascii.o)
    0x0802df58   0x00000020   Data   RO         2887    .constdata          STemWin528_CM3_OS_Keil.lib(f32_ascii.o)
    0x0802df78   0x00000040   Data   RO         2888    .constdata          STemWin528_CM3_OS_Keil.lib(f32_ascii.o)
    0x0802dfb8   0x00000040   Data   RO         2889    .constdata          STemWin528_CM3_OS_Keil.lib(f32_ascii.o)
    0x0802dff8   0x00000040   Data   RO         2890    .constdata          STemWin528_CM3_OS_Keil.lib(f32_ascii.o)
    0x0802e038   0x00000040   Data   RO         2891    .constdata          STemWin528_CM3_OS_Keil.lib(f32_ascii.o)
    0x0802e078   0x00000040   Data   RO         2892    .constdata          STemWin528_CM3_OS_Keil.lib(f32_ascii.o)
    0x0802e0b8   0x00000040   Data   RO         2893    .constdata          STemWin528_CM3_OS_Keil.lib(f32_ascii.o)
    0x0802e0f8   0x00000040   Data   RO         2894    .constdata          STemWin528_CM3_OS_Keil.lib(f32_ascii.o)
    0x0802e138   0x00000040   Data   RO         2895    .constdata          STemWin528_CM3_OS_Keil.lib(f32_ascii.o)
    0x0802e178   0x00000040   Data   RO         2896    .constdata          STemWin528_CM3_OS_Keil.lib(f32_ascii.o)
    0x0802e1b8   0x00000040   Data   RO         2897    .constdata          STemWin528_CM3_OS_Keil.lib(f32_ascii.o)
    0x0802e1f8   0x00000020   Data   RO         2898    .constdata          STemWin528_CM3_OS_Keil.lib(f32_ascii.o)
    0x0802e218   0x00000020   Data   RO         2899    .constdata          STemWin528_CM3_OS_Keil.lib(f32_ascii.o)
    0x0802e238   0x00000040   Data   RO         2900    .constdata          STemWin528_CM3_OS_Keil.lib(f32_ascii.o)
    0x0802e278   0x00000040   Data   RO         2901    .constdata          STemWin528_CM3_OS_Keil.lib(f32_ascii.o)
    0x0802e2b8   0x00000040   Data   RO         2902    .constdata          STemWin528_CM3_OS_Keil.lib(f32_ascii.o)
    0x0802e2f8   0x00000040   Data   RO         2903    .constdata          STemWin528_CM3_OS_Keil.lib(f32_ascii.o)
    0x0802e338   0x00000080   Data   RO         2904    .constdata          STemWin528_CM3_OS_Keil.lib(f32_ascii.o)
    0x0802e3b8   0x00000060   Data   RO         2905    .constdata          STemWin528_CM3_OS_Keil.lib(f32_ascii.o)
    0x0802e418   0x00000060   Data   RO         2906    .constdata          STemWin528_CM3_OS_Keil.lib(f32_ascii.o)
    0x0802e478   0x00000060   Data   RO         2907    .constdata          STemWin528_CM3_OS_Keil.lib(f32_ascii.o)
    0x0802e4d8   0x00000060   Data   RO         2908    .constdata          STemWin528_CM3_OS_Keil.lib(f32_ascii.o)
    0x0802e538   0x00000060   Data   RO         2909    .constdata          STemWin528_CM3_OS_Keil.lib(f32_ascii.o)
    0x0802e598   0x00000060   Data   RO         2910    .constdata          STemWin528_CM3_OS_Keil.lib(f32_ascii.o)
    0x0802e5f8   0x00000060   Data   RO         2911    .constdata          STemWin528_CM3_OS_Keil.lib(f32_ascii.o)
    0x0802e658   0x00000060   Data   RO         2912    .constdata          STemWin528_CM3_OS_Keil.lib(f32_ascii.o)
    0x0802e6b8   0x00000020   Data   RO         2913    .constdata          STemWin528_CM3_OS_Keil.lib(f32_ascii.o)
    0x0802e6d8   0x00000040   Data   RO         2914    .constdata          STemWin528_CM3_OS_Keil.lib(f32_ascii.o)
    0x0802e718   0x00000060   Data   RO         2915    .constdata          STemWin528_CM3_OS_Keil.lib(f32_ascii.o)
    0x0802e778   0x00000040   Data   RO         2916    .constdata          STemWin528_CM3_OS_Keil.lib(f32_ascii.o)
    0x0802e7b8   0x00000060   Data   RO         2917    .constdata          STemWin528_CM3_OS_Keil.lib(f32_ascii.o)
    0x0802e818   0x00000060   Data   RO         2918    .constdata          STemWin528_CM3_OS_Keil.lib(f32_ascii.o)
    0x0802e878   0x00000060   Data   RO         2919    .constdata          STemWin528_CM3_OS_Keil.lib(f32_ascii.o)
    0x0802e8d8   0x00000060   Data   RO         2920    .constdata          STemWin528_CM3_OS_Keil.lib(f32_ascii.o)
    0x0802e938   0x00000060   Data   RO         2921    .constdata          STemWin528_CM3_OS_Keil.lib(f32_ascii.o)
    0x0802e998   0x00000060   Data   RO         2922    .constdata          STemWin528_CM3_OS_Keil.lib(f32_ascii.o)
    0x0802e9f8   0x00000060   Data   RO         2923    .constdata          STemWin528_CM3_OS_Keil.lib(f32_ascii.o)
    0x0802ea58   0x00000040   Data   RO         2924    .constdata          STemWin528_CM3_OS_Keil.lib(f32_ascii.o)
    0x0802ea98   0x00000060   Data   RO         2925    .constdata          STemWin528_CM3_OS_Keil.lib(f32_ascii.o)
    0x0802eaf8   0x00000060   Data   RO         2926    .constdata          STemWin528_CM3_OS_Keil.lib(f32_ascii.o)
    0x0802eb58   0x00000080   Data   RO         2927    .constdata          STemWin528_CM3_OS_Keil.lib(f32_ascii.o)
    0x0802ebd8   0x00000060   Data   RO         2928    .constdata          STemWin528_CM3_OS_Keil.lib(f32_ascii.o)
    0x0802ec38   0x00000060   Data   RO         2929    .constdata          STemWin528_CM3_OS_Keil.lib(f32_ascii.o)
    0x0802ec98   0x00000060   Data   RO         2930    .constdata          STemWin528_CM3_OS_Keil.lib(f32_ascii.o)
    0x0802ecf8   0x00000020   Data   RO         2931    .constdata          STemWin528_CM3_OS_Keil.lib(f32_ascii.o)
    0x0802ed18   0x00000020   Data   RO         2932    .constdata          STemWin528_CM3_OS_Keil.lib(f32_ascii.o)
    0x0802ed38   0x00000020   Data   RO         2933    .constdata          STemWin528_CM3_OS_Keil.lib(f32_ascii.o)
    0x0802ed58   0x00000040   Data   RO         2934    .constdata          STemWin528_CM3_OS_Keil.lib(f32_ascii.o)
    0x0802ed98   0x00000040   Data   RO         2935    .constdata          STemWin528_CM3_OS_Keil.lib(f32_ascii.o)
    0x0802edd8   0x00000040   Data   RO         2936    .constdata          STemWin528_CM3_OS_Keil.lib(f32_ascii.o)
    0x0802ee18   0x00000040   Data   RO         2937    .constdata          STemWin528_CM3_OS_Keil.lib(f32_ascii.o)
    0x0802ee58   0x00000040   Data   RO         2938    .constdata          STemWin528_CM3_OS_Keil.lib(f32_ascii.o)
    0x0802ee98   0x00000040   Data   RO         2939    .constdata          STemWin528_CM3_OS_Keil.lib(f32_ascii.o)
    0x0802eed8   0x00000040   Data   RO         2940    .constdata          STemWin528_CM3_OS_Keil.lib(f32_ascii.o)
    0x0802ef18   0x00000040   Data   RO         2941    .constdata          STemWin528_CM3_OS_Keil.lib(f32_ascii.o)
    0x0802ef58   0x00000020   Data   RO         2942    .constdata          STemWin528_CM3_OS_Keil.lib(f32_ascii.o)
    0x0802ef78   0x00000040   Data   RO         2943    .constdata          STemWin528_CM3_OS_Keil.lib(f32_ascii.o)
    0x0802efb8   0x00000040   Data   RO         2944    .constdata          STemWin528_CM3_OS_Keil.lib(f32_ascii.o)
    0x0802eff8   0x00000020   Data   RO         2945    .constdata          STemWin528_CM3_OS_Keil.lib(f32_ascii.o)
    0x0802f018   0x00000020   Data   RO         2946    .constdata          STemWin528_CM3_OS_Keil.lib(f32_ascii.o)
    0x0802f038   0x00000040   Data   RO         2947    .constdata          STemWin528_CM3_OS_Keil.lib(f32_ascii.o)
    0x0802f078   0x00000020   Data   RO         2948    .constdata          STemWin528_CM3_OS_Keil.lib(f32_ascii.o)
    0x0802f098   0x00000060   Data   RO         2949    .constdata          STemWin528_CM3_OS_Keil.lib(f32_ascii.o)
    0x0802f0f8   0x00000040   Data   RO         2950    .constdata          STemWin528_CM3_OS_Keil.lib(f32_ascii.o)
    0x0802f138   0x00000040   Data   RO         2951    .constdata          STemWin528_CM3_OS_Keil.lib(f32_ascii.o)
    0x0802f178   0x00000040   Data   RO         2952    .constdata          STemWin528_CM3_OS_Keil.lib(f32_ascii.o)
    0x0802f1b8   0x00000040   Data   RO         2953    .constdata          STemWin528_CM3_OS_Keil.lib(f32_ascii.o)
    0x0802f1f8   0x00000040   Data   RO         2954    .constdata          STemWin528_CM3_OS_Keil.lib(f32_ascii.o)
    0x0802f238   0x00000040   Data   RO         2955    .constdata          STemWin528_CM3_OS_Keil.lib(f32_ascii.o)
    0x0802f278   0x00000020   Data   RO         2956    .constdata          STemWin528_CM3_OS_Keil.lib(f32_ascii.o)
    0x0802f298   0x00000040   Data   RO         2957    .constdata          STemWin528_CM3_OS_Keil.lib(f32_ascii.o)
    0x0802f2d8   0x00000040   Data   RO         2958    .constdata          STemWin528_CM3_OS_Keil.lib(f32_ascii.o)
    0x0802f318   0x00000060   Data   RO         2959    .constdata          STemWin528_CM3_OS_Keil.lib(f32_ascii.o)
    0x0802f378   0x00000040   Data   RO         2960    .constdata          STemWin528_CM3_OS_Keil.lib(f32_ascii.o)
    0x0802f3b8   0x00000040   Data   RO         2961    .constdata          STemWin528_CM3_OS_Keil.lib(f32_ascii.o)
    0x0802f3f8   0x00000040   Data   RO         2962    .constdata          STemWin528_CM3_OS_Keil.lib(f32_ascii.o)
    0x0802f438   0x00000040   Data   RO         2963    .constdata          STemWin528_CM3_OS_Keil.lib(f32_ascii.o)
    0x0802f478   0x00000020   Data   RO         2964    .constdata          STemWin528_CM3_OS_Keil.lib(f32_ascii.o)
    0x0802f498   0x00000040   Data   RO         2965    .constdata          STemWin528_CM3_OS_Keil.lib(f32_ascii.o)
    0x0802f4d8   0x00000040   Data   RO         2966    .constdata          STemWin528_CM3_OS_Keil.lib(f32_ascii.o)
    0x0802f518   0x000002f8   Data   RO         2967    .constdata          STemWin528_CM3_OS_Keil.lib(f32_ascii.o)
    0x0802f810   0x0000000c   Data   RO         2968    .constdata          STemWin528_CM3_OS_Keil.lib(f32_ascii.o)
    0x0802f81c   0x00000024   Data   RO         2969    .constdata          STemWin528_CM3_OS_Keil.lib(f32_ascii.o)
    0x0802f840   0x00000074   Data   RO         3006    .constdata          STemWin528_CM3_OS_Keil.lib(guidev_16.o)
    0x0802f8b4   0x00000020   Data   RO         3039    .constdata          STemWin528_CM3_OS_Keil.lib(gui__divtbl_31_255.o)
    0x0802f8d4   0x00000040   Data   RO         3040    .constdata          STemWin528_CM3_OS_Keil.lib(gui__divtbl_63_255.o)
    0x0802f914   0x00000100   Data   RO         3041    .constdata          STemWin528_CM3_OS_Keil.lib(gui__divtbl_255_31.o)
    0x0802fa14   0x00000100   Data   RO         3042    .constdata          STemWin528_CM3_OS_Keil.lib(gui__divtbl_255_63.o)
    0x0802fb14   0x00000010   Data   RO         3165    .constdata          STemWin528_CM3_OS_Keil.lib(gui_uc_encodenone.o)
    0x0802fb24   0x00000018   Data   RO         3175    .constdata          STemWin528_CM3_OS_Keil.lib(guicc_8888.o)
    0x0802fb3c   0x0000000c   Data   RO         3200    .constdata          STemWin528_CM3_OS_Keil.lib(lcd.o)
    0x0802fb48   0x00000100   Data   RO         3239    .constdata          STemWin528_CM3_OS_Keil.lib(lcd_mirror.o)
    0x0802fc48   0x00000010   Data   RO         3242    .constdata          STemWin528_CM3_OS_Keil.lib(f16_ascii.o)
    0x0802fc58   0x00000010   Data   RO         3243    .constdata          STemWin528_CM3_OS_Keil.lib(f16_ascii.o)
    0x0802fc68   0x00000010   Data   RO         3244    .constdata          STemWin528_CM3_OS_Keil.lib(f16_ascii.o)
    0x0802fc78   0x00000010   Data   RO         3245    .constdata          STemWin528_CM3_OS_Keil.lib(f16_ascii.o)
    0x0802fc88   0x00000010   Data   RO         3246    .constdata          STemWin528_CM3_OS_Keil.lib(f16_ascii.o)
    0x0802fc98   0x00000020   Data   RO         3247    .constdata          STemWin528_CM3_OS_Keil.lib(f16_ascii.o)
    0x0802fcb8   0x00000020   Data   RO         3248    .constdata          STemWin528_CM3_OS_Keil.lib(f16_ascii.o)
    0x0802fcd8   0x00000010   Data   RO         3249    .constdata          STemWin528_CM3_OS_Keil.lib(f16_ascii.o)
    0x0802fce8   0x00000010   Data   RO         3250    .constdata          STemWin528_CM3_OS_Keil.lib(f16_ascii.o)
    0x0802fcf8   0x00000010   Data   RO         3251    .constdata          STemWin528_CM3_OS_Keil.lib(f16_ascii.o)
    0x0802fd08   0x00000010   Data   RO         3252    .constdata          STemWin528_CM3_OS_Keil.lib(f16_ascii.o)
    0x0802fd18   0x00000010   Data   RO         3253    .constdata          STemWin528_CM3_OS_Keil.lib(f16_ascii.o)
    0x0802fd28   0x00000010   Data   RO         3254    .constdata          STemWin528_CM3_OS_Keil.lib(f16_ascii.o)
    0x0802fd38   0x00000010   Data   RO         3255    .constdata          STemWin528_CM3_OS_Keil.lib(f16_ascii.o)
    0x0802fd48   0x00000010   Data   RO         3256    .constdata          STemWin528_CM3_OS_Keil.lib(f16_ascii.o)
    0x0802fd58   0x00000010   Data   RO         3257    .constdata          STemWin528_CM3_OS_Keil.lib(f16_ascii.o)
    0x0802fd68   0x00000010   Data   RO         3258    .constdata          STemWin528_CM3_OS_Keil.lib(f16_ascii.o)
    0x0802fd78   0x00000010   Data   RO         3259    .constdata          STemWin528_CM3_OS_Keil.lib(f16_ascii.o)
    0x0802fd88   0x00000010   Data   RO         3260    .constdata          STemWin528_CM3_OS_Keil.lib(f16_ascii.o)
    0x0802fd98   0x00000010   Data   RO         3261    .constdata          STemWin528_CM3_OS_Keil.lib(f16_ascii.o)
    0x0802fda8   0x00000010   Data   RO         3262    .constdata          STemWin528_CM3_OS_Keil.lib(f16_ascii.o)
    0x0802fdb8   0x00000010   Data   RO         3263    .constdata          STemWin528_CM3_OS_Keil.lib(f16_ascii.o)
    0x0802fdc8   0x00000010   Data   RO         3264    .constdata          STemWin528_CM3_OS_Keil.lib(f16_ascii.o)
    0x0802fdd8   0x00000010   Data   RO         3265    .constdata          STemWin528_CM3_OS_Keil.lib(f16_ascii.o)
    0x0802fde8   0x00000010   Data   RO         3266    .constdata          STemWin528_CM3_OS_Keil.lib(f16_ascii.o)
    0x0802fdf8   0x00000010   Data   RO         3267    .constdata          STemWin528_CM3_OS_Keil.lib(f16_ascii.o)
    0x0802fe08   0x00000010   Data   RO         3268    .constdata          STemWin528_CM3_OS_Keil.lib(f16_ascii.o)
    0x0802fe18   0x00000010   Data   RO         3269    .constdata          STemWin528_CM3_OS_Keil.lib(f16_ascii.o)
    0x0802fe28   0x00000010   Data   RO         3270    .constdata          STemWin528_CM3_OS_Keil.lib(f16_ascii.o)
    0x0802fe38   0x00000010   Data   RO         3271    .constdata          STemWin528_CM3_OS_Keil.lib(f16_ascii.o)
    0x0802fe48   0x00000010   Data   RO         3272    .constdata          STemWin528_CM3_OS_Keil.lib(f16_ascii.o)
    0x0802fe58   0x00000010   Data   RO         3273    .constdata          STemWin528_CM3_OS_Keil.lib(f16_ascii.o)
    0x0802fe68   0x00000020   Data   RO         3274    .constdata          STemWin528_CM3_OS_Keil.lib(f16_ascii.o)
    0x0802fe88   0x00000020   Data   RO         3275    .constdata          STemWin528_CM3_OS_Keil.lib(f16_ascii.o)
    0x0802fea8   0x00000020   Data   RO         3276    .constdata          STemWin528_CM3_OS_Keil.lib(f16_ascii.o)
    0x0802fec8   0x00000020   Data   RO         3277    .constdata          STemWin528_CM3_OS_Keil.lib(f16_ascii.o)
    0x0802fee8   0x00000020   Data   RO         3278    .constdata          STemWin528_CM3_OS_Keil.lib(f16_ascii.o)
    0x0802ff08   0x00000020   Data   RO         3279    .constdata          STemWin528_CM3_OS_Keil.lib(f16_ascii.o)
    0x0802ff28   0x00000010   Data   RO         3280    .constdata          STemWin528_CM3_OS_Keil.lib(f16_ascii.o)
    0x0802ff38   0x00000020   Data   RO         3281    .constdata          STemWin528_CM3_OS_Keil.lib(f16_ascii.o)
    0x0802ff58   0x00000020   Data   RO         3282    .constdata          STemWin528_CM3_OS_Keil.lib(f16_ascii.o)
    0x0802ff78   0x00000010   Data   RO         3283    .constdata          STemWin528_CM3_OS_Keil.lib(f16_ascii.o)
    0x0802ff88   0x00000010   Data   RO         3284    .constdata          STemWin528_CM3_OS_Keil.lib(f16_ascii.o)
    0x0802ff98   0x00000020   Data   RO         3285    .constdata          STemWin528_CM3_OS_Keil.lib(f16_ascii.o)
    0x0802ffb8   0x00000010   Data   RO         3286    .constdata          STemWin528_CM3_OS_Keil.lib(f16_ascii.o)
    0x0802ffc8   0x00000020   Data   RO         3287    .constdata          STemWin528_CM3_OS_Keil.lib(f16_ascii.o)
    0x0802ffe8   0x00000020   Data   RO         3288    .constdata          STemWin528_CM3_OS_Keil.lib(f16_ascii.o)
    0x08030008   0x00000020   Data   RO         3289    .constdata          STemWin528_CM3_OS_Keil.lib(f16_ascii.o)
    0x08030028   0x00000020   Data   RO         3290    .constdata          STemWin528_CM3_OS_Keil.lib(f16_ascii.o)
    0x08030048   0x00000020   Data   RO         3291    .constdata          STemWin528_CM3_OS_Keil.lib(f16_ascii.o)
    0x08030068   0x00000020   Data   RO         3292    .constdata          STemWin528_CM3_OS_Keil.lib(f16_ascii.o)
    0x08030088   0x00000020   Data   RO         3293    .constdata          STemWin528_CM3_OS_Keil.lib(f16_ascii.o)
    0x080300a8   0x00000010   Data   RO         3294    .constdata          STemWin528_CM3_OS_Keil.lib(f16_ascii.o)
    0x080300b8   0x00000020   Data   RO         3295    .constdata          STemWin528_CM3_OS_Keil.lib(f16_ascii.o)
    0x080300d8   0x00000020   Data   RO         3296    .constdata          STemWin528_CM3_OS_Keil.lib(f16_ascii.o)
    0x080300f8   0x00000020   Data   RO         3297    .constdata          STemWin528_CM3_OS_Keil.lib(f16_ascii.o)
    0x08030118   0x00000010   Data   RO         3298    .constdata          STemWin528_CM3_OS_Keil.lib(f16_ascii.o)
    0x08030128   0x00000020   Data   RO         3299    .constdata          STemWin528_CM3_OS_Keil.lib(f16_ascii.o)
    0x08030148   0x00000010   Data   RO         3300    .constdata          STemWin528_CM3_OS_Keil.lib(f16_ascii.o)
    0x08030158   0x00000010   Data   RO         3301    .constdata          STemWin528_CM3_OS_Keil.lib(f16_ascii.o)
    0x08030168   0x00000010   Data   RO         3302    .constdata          STemWin528_CM3_OS_Keil.lib(f16_ascii.o)
    0x08030178   0x00000010   Data   RO         3303    .constdata          STemWin528_CM3_OS_Keil.lib(f16_ascii.o)
    0x08030188   0x00000010   Data   RO         3304    .constdata          STemWin528_CM3_OS_Keil.lib(f16_ascii.o)
    0x08030198   0x00000010   Data   RO         3305    .constdata          STemWin528_CM3_OS_Keil.lib(f16_ascii.o)
    0x080301a8   0x00000010   Data   RO         3306    .constdata          STemWin528_CM3_OS_Keil.lib(f16_ascii.o)
    0x080301b8   0x00000010   Data   RO         3307    .constdata          STemWin528_CM3_OS_Keil.lib(f16_ascii.o)
    0x080301c8   0x00000010   Data   RO         3308    .constdata          STemWin528_CM3_OS_Keil.lib(f16_ascii.o)
    0x080301d8   0x00000010   Data   RO         3309    .constdata          STemWin528_CM3_OS_Keil.lib(f16_ascii.o)
    0x080301e8   0x00000010   Data   RO         3310    .constdata          STemWin528_CM3_OS_Keil.lib(f16_ascii.o)
    0x080301f8   0x00000010   Data   RO         3311    .constdata          STemWin528_CM3_OS_Keil.lib(f16_ascii.o)
    0x08030208   0x00000010   Data   RO         3312    .constdata          STemWin528_CM3_OS_Keil.lib(f16_ascii.o)
    0x08030218   0x00000010   Data   RO         3313    .constdata          STemWin528_CM3_OS_Keil.lib(f16_ascii.o)
    0x08030228   0x00000010   Data   RO         3314    .constdata          STemWin528_CM3_OS_Keil.lib(f16_ascii.o)
    0x08030238   0x00000010   Data   RO         3315    .constdata          STemWin528_CM3_OS_Keil.lib(f16_ascii.o)
    0x08030248   0x00000010   Data   RO         3316    .constdata          STemWin528_CM3_OS_Keil.lib(f16_ascii.o)
    0x08030258   0x00000010   Data   RO         3317    .constdata          STemWin528_CM3_OS_Keil.lib(f16_ascii.o)
    0x08030268   0x00000010   Data   RO         3318    .constdata          STemWin528_CM3_OS_Keil.lib(f16_ascii.o)
    0x08030278   0x00000020   Data   RO         3319    .constdata          STemWin528_CM3_OS_Keil.lib(f16_ascii.o)
    0x08030298   0x00000010   Data   RO         3320    .constdata          STemWin528_CM3_OS_Keil.lib(f16_ascii.o)
    0x080302a8   0x00000010   Data   RO         3321    .constdata          STemWin528_CM3_OS_Keil.lib(f16_ascii.o)
    0x080302b8   0x00000010   Data   RO         3322    .constdata          STemWin528_CM3_OS_Keil.lib(f16_ascii.o)
    0x080302c8   0x00000010   Data   RO         3323    .constdata          STemWin528_CM3_OS_Keil.lib(f16_ascii.o)
    0x080302d8   0x00000010   Data   RO         3324    .constdata          STemWin528_CM3_OS_Keil.lib(f16_ascii.o)
    0x080302e8   0x00000010   Data   RO         3325    .constdata          STemWin528_CM3_OS_Keil.lib(f16_ascii.o)
    0x080302f8   0x00000010   Data   RO         3326    .constdata          STemWin528_CM3_OS_Keil.lib(f16_ascii.o)
    0x08030308   0x00000010   Data   RO         3327    .constdata          STemWin528_CM3_OS_Keil.lib(f16_ascii.o)
    0x08030318   0x00000010   Data   RO         3328    .constdata          STemWin528_CM3_OS_Keil.lib(f16_ascii.o)
    0x08030328   0x00000020   Data   RO         3329    .constdata          STemWin528_CM3_OS_Keil.lib(f16_ascii.o)
    0x08030348   0x00000010   Data   RO         3330    .constdata          STemWin528_CM3_OS_Keil.lib(f16_ascii.o)
    0x08030358   0x00000010   Data   RO         3331    .constdata          STemWin528_CM3_OS_Keil.lib(f16_ascii.o)
    0x08030368   0x00000010   Data   RO         3332    .constdata          STemWin528_CM3_OS_Keil.lib(f16_ascii.o)
    0x08030378   0x00000010   Data   RO         3333    .constdata          STemWin528_CM3_OS_Keil.lib(f16_ascii.o)
    0x08030388   0x00000010   Data   RO         3334    .constdata          STemWin528_CM3_OS_Keil.lib(f16_ascii.o)
    0x08030398   0x00000010   Data   RO         3335    .constdata          STemWin528_CM3_OS_Keil.lib(f16_ascii.o)
    0x080303a8   0x00000010   Data   RO         3336    .constdata          STemWin528_CM3_OS_Keil.lib(f16_ascii.o)
    0x080303b8   0x00000300   Data   RO         3337    .constdata          STemWin528_CM3_OS_Keil.lib(f16_ascii.o)
    0x080306b8   0x0000000c   Data   RO         3338    .constdata          STemWin528_CM3_OS_Keil.lib(f16_ascii.o)
    0x080306c4   0x00000018   Data   RO         3340    .constdata          STemWin528_CM3_OS_Keil.lib(f24_ascii.o)
    0x080306dc   0x00000018   Data   RO         3341    .constdata          STemWin528_CM3_OS_Keil.lib(f24_ascii.o)
    0x080306f4   0x00000018   Data   RO         3342    .constdata          STemWin528_CM3_OS_Keil.lib(f24_ascii.o)
    0x0803070c   0x00000030   Data   RO         3343    .constdata          STemWin528_CM3_OS_Keil.lib(f24_ascii.o)
    0x0803073c   0x00000030   Data   RO         3344    .constdata          STemWin528_CM3_OS_Keil.lib(f24_ascii.o)
    0x0803076c   0x00000048   Data   RO         3345    .constdata          STemWin528_CM3_OS_Keil.lib(f24_ascii.o)
    0x080307b4   0x00000030   Data   RO         3346    .constdata          STemWin528_CM3_OS_Keil.lib(f24_ascii.o)
    0x080307e4   0x00000018   Data   RO         3347    .constdata          STemWin528_CM3_OS_Keil.lib(f24_ascii.o)
    0x080307fc   0x00000018   Data   RO         3348    .constdata          STemWin528_CM3_OS_Keil.lib(f24_ascii.o)
    0x08030814   0x00000018   Data   RO         3349    .constdata          STemWin528_CM3_OS_Keil.lib(f24_ascii.o)
    0x0803082c   0x00000018   Data   RO         3350    .constdata          STemWin528_CM3_OS_Keil.lib(f24_ascii.o)
    0x08030844   0x00000030   Data   RO         3351    .constdata          STemWin528_CM3_OS_Keil.lib(f24_ascii.o)
    0x08030874   0x00000018   Data   RO         3352    .constdata          STemWin528_CM3_OS_Keil.lib(f24_ascii.o)
    0x0803088c   0x00000018   Data   RO         3353    .constdata          STemWin528_CM3_OS_Keil.lib(f24_ascii.o)
    0x080308a4   0x00000018   Data   RO         3354    .constdata          STemWin528_CM3_OS_Keil.lib(f24_ascii.o)
    0x080308bc   0x00000018   Data   RO         3355    .constdata          STemWin528_CM3_OS_Keil.lib(f24_ascii.o)
    0x080308d4   0x00000030   Data   RO         3356    .constdata          STemWin528_CM3_OS_Keil.lib(f24_ascii.o)
    0x08030904   0x00000030   Data   RO         3357    .constdata          STemWin528_CM3_OS_Keil.lib(f24_ascii.o)
    0x08030934   0x00000030   Data   RO         3358    .constdata          STemWin528_CM3_OS_Keil.lib(f24_ascii.o)
    0x08030964   0x00000030   Data   RO         3359    .constdata          STemWin528_CM3_OS_Keil.lib(f24_ascii.o)
    0x08030994   0x00000030   Data   RO         3360    .constdata          STemWin528_CM3_OS_Keil.lib(f24_ascii.o)
    0x080309c4   0x00000030   Data   RO         3361    .constdata          STemWin528_CM3_OS_Keil.lib(f24_ascii.o)
    0x080309f4   0x00000030   Data   RO         3362    .constdata          STemWin528_CM3_OS_Keil.lib(f24_ascii.o)
    0x08030a24   0x00000030   Data   RO         3363    .constdata          STemWin528_CM3_OS_Keil.lib(f24_ascii.o)
    0x08030a54   0x00000030   Data   RO         3364    .constdata          STemWin528_CM3_OS_Keil.lib(f24_ascii.o)
    0x08030a84   0x00000030   Data   RO         3365    .constdata          STemWin528_CM3_OS_Keil.lib(f24_ascii.o)
    0x08030ab4   0x00000018   Data   RO         3366    .constdata          STemWin528_CM3_OS_Keil.lib(f24_ascii.o)
    0x08030acc   0x00000018   Data   RO         3367    .constdata          STemWin528_CM3_OS_Keil.lib(f24_ascii.o)
    0x08030ae4   0x00000030   Data   RO         3368    .constdata          STemWin528_CM3_OS_Keil.lib(f24_ascii.o)
    0x08030b14   0x00000030   Data   RO         3369    .constdata          STemWin528_CM3_OS_Keil.lib(f24_ascii.o)
    0x08030b44   0x00000030   Data   RO         3370    .constdata          STemWin528_CM3_OS_Keil.lib(f24_ascii.o)
    0x08030b74   0x00000030   Data   RO         3371    .constdata          STemWin528_CM3_OS_Keil.lib(f24_ascii.o)
    0x08030ba4   0x00000048   Data   RO         3372    .constdata          STemWin528_CM3_OS_Keil.lib(f24_ascii.o)
    0x08030bec   0x00000030   Data   RO         3373    .constdata          STemWin528_CM3_OS_Keil.lib(f24_ascii.o)
    0x08030c1c   0x00000030   Data   RO         3374    .constdata          STemWin528_CM3_OS_Keil.lib(f24_ascii.o)
    0x08030c4c   0x00000030   Data   RO         3375    .constdata          STemWin528_CM3_OS_Keil.lib(f24_ascii.o)
    0x08030c7c   0x00000030   Data   RO         3376    .constdata          STemWin528_CM3_OS_Keil.lib(f24_ascii.o)
    0x08030cac   0x00000030   Data   RO         3377    .constdata          STemWin528_CM3_OS_Keil.lib(f24_ascii.o)
    0x08030cdc   0x00000030   Data   RO         3378    .constdata          STemWin528_CM3_OS_Keil.lib(f24_ascii.o)
    0x08030d0c   0x00000030   Data   RO         3379    .constdata          STemWin528_CM3_OS_Keil.lib(f24_ascii.o)
    0x08030d3c   0x00000030   Data   RO         3380    .constdata          STemWin528_CM3_OS_Keil.lib(f24_ascii.o)
    0x08030d6c   0x00000018   Data   RO         3381    .constdata          STemWin528_CM3_OS_Keil.lib(f24_ascii.o)
    0x08030d84   0x00000030   Data   RO         3382    .constdata          STemWin528_CM3_OS_Keil.lib(f24_ascii.o)
    0x08030db4   0x00000030   Data   RO         3383    .constdata          STemWin528_CM3_OS_Keil.lib(f24_ascii.o)
    0x08030de4   0x00000030   Data   RO         3384    .constdata          STemWin528_CM3_OS_Keil.lib(f24_ascii.o)
    0x08030e14   0x00000048   Data   RO         3385    .constdata          STemWin528_CM3_OS_Keil.lib(f24_ascii.o)
    0x08030e5c   0x00000030   Data   RO         3386    .constdata          STemWin528_CM3_OS_Keil.lib(f24_ascii.o)
    0x08030e8c   0x00000030   Data   RO         3387    .constdata          STemWin528_CM3_OS_Keil.lib(f24_ascii.o)
    0x08030ebc   0x00000030   Data   RO         3388    .constdata          STemWin528_CM3_OS_Keil.lib(f24_ascii.o)
    0x08030eec   0x00000030   Data   RO         3389    .constdata          STemWin528_CM3_OS_Keil.lib(f24_ascii.o)
    0x08030f1c   0x00000030   Data   RO         3390    .constdata          STemWin528_CM3_OS_Keil.lib(f24_ascii.o)
    0x08030f4c   0x00000030   Data   RO         3391    .constdata          STemWin528_CM3_OS_Keil.lib(f24_ascii.o)
    0x08030f7c   0x00000030   Data   RO         3392    .constdata          STemWin528_CM3_OS_Keil.lib(f24_ascii.o)
    0x08030fac   0x00000030   Data   RO         3393    .constdata          STemWin528_CM3_OS_Keil.lib(f24_ascii.o)
    0x08030fdc   0x00000030   Data   RO         3394    .constdata          STemWin528_CM3_OS_Keil.lib(f24_ascii.o)
    0x0803100c   0x00000048   Data   RO         3395    .constdata          STemWin528_CM3_OS_Keil.lib(f24_ascii.o)
    0x08031054   0x00000030   Data   RO         3396    .constdata          STemWin528_CM3_OS_Keil.lib(f24_ascii.o)
    0x08031084   0x00000030   Data   RO         3397    .constdata          STemWin528_CM3_OS_Keil.lib(f24_ascii.o)
    0x080310b4   0x00000030   Data   RO         3398    .constdata          STemWin528_CM3_OS_Keil.lib(f24_ascii.o)
    0x080310e4   0x00000018   Data   RO         3399    .constdata          STemWin528_CM3_OS_Keil.lib(f24_ascii.o)
    0x080310fc   0x00000018   Data   RO         3400    .constdata          STemWin528_CM3_OS_Keil.lib(f24_ascii.o)
    0x08031114   0x00000018   Data   RO         3401    .constdata          STemWin528_CM3_OS_Keil.lib(f24_ascii.o)
    0x0803112c   0x00000018   Data   RO         3402    .constdata          STemWin528_CM3_OS_Keil.lib(f24_ascii.o)
    0x08031144   0x00000030   Data   RO         3403    .constdata          STemWin528_CM3_OS_Keil.lib(f24_ascii.o)
    0x08031174   0x00000018   Data   RO         3404    .constdata          STemWin528_CM3_OS_Keil.lib(f24_ascii.o)
    0x0803118c   0x00000030   Data   RO         3405    .constdata          STemWin528_CM3_OS_Keil.lib(f24_ascii.o)
    0x080311bc   0x00000030   Data   RO         3406    .constdata          STemWin528_CM3_OS_Keil.lib(f24_ascii.o)
    0x080311ec   0x00000030   Data   RO         3407    .constdata          STemWin528_CM3_OS_Keil.lib(f24_ascii.o)
    0x0803121c   0x00000030   Data   RO         3408    .constdata          STemWin528_CM3_OS_Keil.lib(f24_ascii.o)
    0x0803124c   0x00000030   Data   RO         3409    .constdata          STemWin528_CM3_OS_Keil.lib(f24_ascii.o)
    0x0803127c   0x00000018   Data   RO         3410    .constdata          STemWin528_CM3_OS_Keil.lib(f24_ascii.o)
    0x08031294   0x00000030   Data   RO         3411    .constdata          STemWin528_CM3_OS_Keil.lib(f24_ascii.o)
    0x080312c4   0x00000030   Data   RO         3412    .constdata          STemWin528_CM3_OS_Keil.lib(f24_ascii.o)
    0x080312f4   0x00000018   Data   RO         3413    .constdata          STemWin528_CM3_OS_Keil.lib(f24_ascii.o)
    0x0803130c   0x00000018   Data   RO         3414    .constdata          STemWin528_CM3_OS_Keil.lib(f24_ascii.o)
    0x08031324   0x00000030   Data   RO         3415    .constdata          STemWin528_CM3_OS_Keil.lib(f24_ascii.o)
    0x08031354   0x00000018   Data   RO         3416    .constdata          STemWin528_CM3_OS_Keil.lib(f24_ascii.o)
    0x0803136c   0x00000030   Data   RO         3417    .constdata          STemWin528_CM3_OS_Keil.lib(f24_ascii.o)
    0x0803139c   0x00000030   Data   RO         3418    .constdata          STemWin528_CM3_OS_Keil.lib(f24_ascii.o)
    0x080313cc   0x00000030   Data   RO         3419    .constdata          STemWin528_CM3_OS_Keil.lib(f24_ascii.o)
    0x080313fc   0x00000030   Data   RO         3420    .constdata          STemWin528_CM3_OS_Keil.lib(f24_ascii.o)
    0x0803142c   0x00000030   Data   RO         3421    .constdata          STemWin528_CM3_OS_Keil.lib(f24_ascii.o)
    0x0803145c   0x00000018   Data   RO         3422    .constdata          STemWin528_CM3_OS_Keil.lib(f24_ascii.o)
    0x08031474   0x00000030   Data   RO         3423    .constdata          STemWin528_CM3_OS_Keil.lib(f24_ascii.o)
    0x080314a4   0x00000018   Data   RO         3424    .constdata          STemWin528_CM3_OS_Keil.lib(f24_ascii.o)
    0x080314bc   0x00000030   Data   RO         3425    .constdata          STemWin528_CM3_OS_Keil.lib(f24_ascii.o)
    0x080314ec   0x00000030   Data   RO         3426    .constdata          STemWin528_CM3_OS_Keil.lib(f24_ascii.o)
    0x0803151c   0x00000030   Data   RO         3427    .constdata          STemWin528_CM3_OS_Keil.lib(f24_ascii.o)
    0x0803154c   0x00000030   Data   RO         3428    .constdata          STemWin528_CM3_OS_Keil.lib(f24_ascii.o)
    0x0803157c   0x00000030   Data   RO         3429    .constdata          STemWin528_CM3_OS_Keil.lib(f24_ascii.o)
    0x080315ac   0x00000030   Data   RO         3430    .constdata          STemWin528_CM3_OS_Keil.lib(f24_ascii.o)
    0x080315dc   0x00000018   Data   RO         3431    .constdata          STemWin528_CM3_OS_Keil.lib(f24_ascii.o)
    0x080315f4   0x00000018   Data   RO         3432    .constdata          STemWin528_CM3_OS_Keil.lib(f24_ascii.o)
    0x0803160c   0x00000018   Data   RO         3433    .constdata          STemWin528_CM3_OS_Keil.lib(f24_ascii.o)
    0x08031624   0x00000030   Data   RO         3434    .constdata          STemWin528_CM3_OS_Keil.lib(f24_ascii.o)
    0x08031654   0x000002f8   Data   RO         3435    .constdata          STemWin528_CM3_OS_Keil.lib(f24_ascii.o)
    0x0803194c   0x0000000c   Data   RO         3436    .constdata          STemWin528_CM3_OS_Keil.lib(f24_ascii.o)
    0x08031958   0x00000018   Data   RO         3450    .constdata          STemWin528_CM3_OS_Keil.lib(guidev_usagebm.o)
    0x08031970   0x00000008   Data   RO         3462    .constdata          STemWin528_CM3_OS_Keil.lib(guidev_writetoactiveopaque.o)
    0x08031978   0x00000018   Data   RO         3685    .constdata          STemWin528_CM3_OS_Keil.lib(guicc_0.o)
    0x08031990   0x00000074   Data   RO         4010    .constdata          STemWin528_CM3_OS_Keil.lib(guidev_32.o)
    0x08031a04   0x00000004   PAD
    0x08031a08   0x00000088   Data   RO         4247    .constdata          m_ws.l(pow.o)
    0x08031a90   0x00000008   Data   RO         4637    .constdata          m_ws.l(qnan.o)
    0x08031a98   0x00000081   Data   RO         4701    .constdata          mc_w.l(ctype_o.o)
    0x08031b19   0x00000003   PAD
    0x08031b1c   0x00000004   Data   RO         4702    .constdata          mc_w.l(ctype_o.o)
    0x08031b20   0x00000075   Data   RO         1460    .conststring        tcp.o
    0x08031b95   0x00000003   PAD
    0x08031b98   0x00000037   Data   RO         1997    .conststring        fontupd.o
    0x08031bcf   0x00000001   PAD
    0x08031bd0   0x0000007b   Data   RO         2234    .conststring        exam.o
    0x08031c4b   0x00000001   PAD
    0x08031c4c   0x00000020   Data   RO         4737    Region$$Table       anon$$obj.o


    Execution Region RW_IRAM1 (Base: 0x20000000, Size: 0x0001b6d8, Max: 0x00020000, ABSOLUTE, COMPRESSED[0x0000010c])

    Base Addr    Size         Type   Attr      Idx    E Section Name        Object

    0x20000000   0x00000014   Data   RW          346    .data               task_test.o
    0x20000014   0x0000000c   Data   RW          415    .data               netconf.o
    0x20000020   0x0000000c   Data   RW          492    .data               udp_client.o
    0x2000002c   0x0000000c   Data   RW          510    .data               tcp_client.o
    0x20000038   0x00000006   Data   RW          541    .data               usart.o
    0x2000003e   0x00000010   Data   RW          827    .data               stm32f2xx_rcc.o
    0x2000004e   0x00000002   PAD
    0x20000050   0x00000014   Data   RW          937    .data               system_stm32f2xx.o
    0x20000064   0x0000004c   Data   RW          995    .data               os_core.o
    0x200000b0   0x0000000a   Data   RW         1248    .data               ip.o
    0x200000ba   0x00000002   PAD
    0x200000bc   0x00000006   Data   RW         1301    .data               ip_frag.o
    0x200000c2   0x00000002   PAD
    0x200000c4   0x00000004   Data   RW         1318    .data               dhcp.o
    0x200000c8   0x00000009   Data   RW         1399    .data               netif.o
    0x200000d1   0x00000003   PAD
    0x200000d4   0x00000004   Data   RW         1433    .data               raw.o
    0x200000d8   0x0000004c   Data   RW         1461    .data               tcp.o
    0x20000124   0x00000020   Data   RW         1481    .data               tcp_in.o
    0x20000144   0x00000004   Data   RW         1512    .data               udp.o
    0x20000148   0x00000001   Data   RW         1543    .data               etharp.o
    0x20000149   0x00000003   PAD
    0x2000014c   0x0000000d   Data   RW         1587    .data               mem.o
    0x20000159   0x00000003   PAD
    0x2000015c   0x00000010   Data   RW         1602    .data               stm32f2x7_eth.o
    0x2000016c   0x00000001   Data   RW         1646    .data               beep.o
    0x2000016d   0x00000001   Data   RW         1661    .data               motor.o
    0x2000016e   0x00000004   Data   RW         1674    .data               zigbee.o
    0x20000172   0x00000002   Data   RW         1713    .data               ultrasonicwave.o
    0x20000174   0x00000034   Data   RW         1728    .data               key.o
    0x200001a8   0x000000fe   Data   RW         1813    .data               ir.o
    0x200002a6   0x00000004   Data   RW         1830    .data               ili93xx.o
    0x200002aa   0x00000002   PAD
    0x200002ac   0x0000000b   Data   RW         1850    .data               ff.o
    0x200002b7   0x00000001   Data   RW         1946    .data               mmc_sd.o
    0x200002b8   0x00000018   Data   RW         1998    .data               fontupd.o
    0x200002d0   0x0000000c   Data   RW         2017    .data               cjson.o
    0x200002dc   0x00000004   Data   RW         2048    .data               parserjson.o
    0x200002e0   0x00000001   Data   RW         2067    .data               base64.o
    0x200002e1   0x00000003   PAD
    0x200002e4   0x00000008   Data   RW         2098    .data               guidrv_template.o
    0x200002ec   0x00000011   Data   RW         2180    .data               gui_x_ucos.o
    0x200002fd   0x00000003   PAD
    0x20000300   0x0000002c   Data   RW         2235    .data               exam.o
    0x2000032c   0x00000004   Data   RW         2252    .data               bmpdisplay.o
    0x20000330   0x00000008   Data   RW         2309    .data               STemWin528_CM3_OS_Keil.lib(gui_alloc.o)
    0x20000338   0x00000014   Data   RW         2376    .data               STemWin528_CM3_OS_Keil.lib(gui_bmp.o)
    0x2000034c   0x0000002c   Data   RW         2426    .data               STemWin528_CM3_OS_Keil.lib(gui_core.o)
    0x20000378   0x00000004   Data   RW         2427    .data               STemWin528_CM3_OS_Keil.lib(gui_core.o)
    0x2000037c   0x00000004   Data   RW         2429    .data               STemWin528_CM3_OS_Keil.lib(gui_core.o)
    0x20000380   0x00000004   Data   RW         2430    .data               STemWin528_CM3_OS_Keil.lib(gui_core.o)
    0x20000384   0x00000004   Data   RW         2431    .data               STemWin528_CM3_OS_Keil.lib(gui_core.o)
    0x20000388   0x00000004   Data   RW         2432    .data               STemWin528_CM3_OS_Keil.lib(gui_core.o)
    0x2000038c   0x00000004   Data   RW         2433    .data               STemWin528_CM3_OS_Keil.lib(gui_core.o)
    0x20000390   0x00000002   Data   RW         2434    .data               STemWin528_CM3_OS_Keil.lib(gui_core.o)
    0x20000392   0x00000002   PAD
    0x20000394   0x00000004   Data   RW         2435    .data               STemWin528_CM3_OS_Keil.lib(gui_core.o)
    0x20000398   0x00000002   Data   RW         2436    .data               STemWin528_CM3_OS_Keil.lib(gui_core.o)
    0x2000039a   0x00000002   Data   RW         2437    .data               STemWin528_CM3_OS_Keil.lib(gui_core.o)
    0x2000039c   0x00000008   Data   RW         2533    .data               STemWin528_CM3_OS_Keil.lib(guicc_m565.o)
    0x200003a4   0x00000004   Data   RW         3059    .data               STemWin528_CM3_OS_Keil.lib(gui_charline.o)
    0x200003a8   0x0000001c   Data   RW         3136    .data               STemWin528_CM3_OS_Keil.lib(gui_task.o)
    0x200003c4   0x00000004   Data   RW         3201    .data               STemWin528_CM3_OS_Keil.lib(lcd.o)
    0x200003c8   0x00000010   Data   RW         3227    .data               STemWin528_CM3_OS_Keil.lib(lcd_color.o)
    0x200003d8   0x00000064   Data   RW         3525    .data               STemWin528_CM3_OS_Keil.lib(wm.o)
    0x2000043c   0x00000014   Data   RW         3598    .data               STemWin528_CM3_OS_Keil.lib(gui__managecache.o)
    0x20000450   0x00000010   Data   RW         3646    .data               STemWin528_CM3_OS_Keil.lib(gui_onkey.o)
    0x20000460   0x0000000c   Data   RW         3673    .data               STemWin528_CM3_OS_Keil.lib(gui_waitevent.o)
    0x2000046c   0x00000004   Data   RW         3701    .data               STemWin528_CM3_OS_Keil.lib(lcd_aa.o)
    0x20000470   0x00000004   Data   RW         3719    .data               STemWin528_CM3_OS_Keil.lib(guidev_banding.o)
    0x20000474   0x00000001   Data   RW         3734    .data               STemWin528_CM3_OS_Keil.lib(guidev_staticdevices.o)
    0x20000475   0x00000003   PAD
    0x20000478   0x00000004   Data   RW         3745    .data               STemWin528_CM3_OS_Keil.lib(wm__sendmessage.o)
    0x2000047c   0x00000028   Data   RW         3805    .data               STemWin528_CM3_OS_Keil.lib(gui__alpha.o)
    0x200004a4   0x00000020   Data   RW         3918    .data               STemWin528_CM3_OS_Keil.lib(gui_setalpha.o)
    0x200004c4   0x00000014   Data   RW         3972    .data               STemWin528_CM3_OS_Keil.lib(gui_timer.o)
    0x200004d8   0x00000004   Data   RW         4670    .data               mc_w.l(mvars.o)
    0x200004dc   0x00000004   Data   RW         4671    .data               mc_w.l(mvars.o)
    0x200004e0   0x00000004   Data   RW         4675    .data               mc_w.l(errno.o)
    0x200004e4   0x00000004   PAD
    0x200004e8   0x00000190   Zero   RW            2    .bss                main.o
    0x20000678   0x0000e294   Zero   RW          345    .bss                task_test.o
    0x2000e90c   0x00000038   Zero   RW          414    .bss                netconf.o
    0x2000e944   0x000000c8   Zero   RW          540    .bss                usart.o
    0x2000ea0c   0x00000ea8   Zero   RW          993    .bss                os_core.o
    0x2000f8b4   0x00000010   Zero   RW         1216    .bss                inet.o
    0x2000f8c4   0x000005e0   Zero   RW         1300    .bss                ip_frag.o
    0x2000fea4   0x00002437   Zero   RW         1372    .bss                memp.o
    0x200122db   0x00000001   PAD
    0x200122dc   0x00000014   Zero   RW         1480    .bss                tcp_in.o
    0x200122f0   0x000000c8   Zero   RW         1541    .bss                etharp.o
    0x200123b8   0x00002814   Zero   RW         1586    .bss                mem.o
    0x20014bcc   0x00002484   Zero   RW         1601    .bss                stm32f2x7_eth.o
    0x20017050   0x000003f8   Zero   RW         1812    .bss                ir.o
    0x20017448   0x0000000e   Zero   RW         1829    .bss                ili93xx.o
    0x20017456   0x00000200   Zero   RW         1848    .bss                ff.o
    0x20017656   0x00000012   Zero   RW         1964    .bss                spi.o
    0x20017668   0x00001000   Zero   RW         1978    .bss                flash.o
    0x20018668   0x00000a28   Zero   RW         2251    .bss                bmpdisplay.o
    0x20019090   0x000000cc   Zero   RW         2308    .bss                STemWin528_CM3_OS_Keil.lib(gui_alloc.o)
    0x2001915c   0x00000054   Zero   RW         2374    .bss                STemWin528_CM3_OS_Keil.lib(gui_bmp.o)
    0x200191b0   0x00000070   Zero   RW         2424    .bss                STemWin528_CM3_OS_Keil.lib(gui_core.o)
    0x20019220   0x00000018   Zero   RW         3523    .bss                STemWin528_CM3_OS_Keil.lib(wm.o)
    0x20019238   0x00000058   Zero   RW         3645    .bss                STemWin528_CM3_OS_Keil.lib(gui_onkey.o)
    0x20019290   0x00000048   Zero   RW         3786    .bss                STemWin528_CM3_OS_Keil.lib(wm_touch.o)
    0x200192d8   0x00002000   Zero   RW          955    HEAP                startup_stm32f2xx.o
    0x2001b2d8   0x00000400   Zero   RW          954    STACK               startup_stm32f2xx.o


==============================================================================

Image component sizes


      Code (inc. data)   RO Data    RW Data    ZI Data      Debug   Object Name

       960         34          0          0          0       6517   autoip.o
      1164         18        577          1          0       2731   base64.o
       628         34       3644          1          0       2659   beep.o
       304         12          0          0          0       1307   blutooth.o
       388         18          0          4       2600       2943   bmpdisplay.o
       188          0          0          0          0        786   bsp_global.o
      4950        178          7         12          0      18979   cjson.o
       168          4          0          0          0        590   config.o
       268          0          0          0          0       1019   delay.o
      4080         48          0          4          0      15031   dhcp.o
       484          8          0          0          0       1766   dht11.o
       412          6          0          0          0       2770   diskio.o
      2408         22         12          1        200       9502   etharp.o
       444         38          0          0          0       2888   ethernetif.o
     12708       6288        139         44          0      11006   exam.o
         0          0          0          0          0        392   exfuns.o
     12370        150         58         11        512      34179   ff.o
       844         10          0          0       4096       4058   flash.o
         0          0         55         24          0       1069   fontupd.o
       280         24          0         17          0       2903   gui_x_ucos.o
        44         10          0          0          0        427   guiconf.o
      2196         76         52          8          0      57475   guidrv_template.o
         0          0       1640          0          0       3121   hzk_hwxk_24.o
       836          4          0          0          0       2923   i2c.o
       512          0          0          0          0       2546   icmp.o
     19200        110          0          4         14      19454   ili93xx.o
       576         12          0          0         16       3192   inet.o
       342          0          0          0          0       5246   inet_chksum.o
       836         22          0         10          0       6622   ip.o
        78          0          8          0          0       5533   ip_addr.o
      1516         18          0          6       1504       6440   ip_frag.o
      2108        108          0        254       1016       5288   ir.o
       984         80          0         52          0       2186   key.o
        80         14          0          0          0        823   lcdconf_flexcolor_template.o
       760         24          0          0          0       1185   led.o
       148          8          0          0          0        825   lightintensitysensor.o
       436        122          0          0        400     410127   main.o
       844         22          0         13      10260       3674   mem.o
       168         18         36          0       9271       2346   memp.o
       224         20          0          0          0       1781   misc.o
      1360         12          0          1          0       5846   mmc_sd.o
       420         16          0          1          0       1051   motor.o
       200         14        960          0          0       1517   mycc936.o
       168         26          0         12         56      10762   netconf.o
       524         22          0          9          0       5364   netif.o
        50          0          0          0          0        449   nvic.o
      3252        276        256         76       3752      19339   os_core.o
       164         32          0          0          0        280   os_cpu_a.o
       264         12          0          0          0       2940   os_cpu_c.o
      2044         40          0          0          0       6664   os_flag.o
       996         20          0          0          0       4038   os_mbox.o
       468         18          0          0          0       2976   os_mem.o
      1508         34          0          0          0       5397   os_q.o
       936         20          0          0          0       3778   os_sem.o
      2088         68          0          0          0       7493   os_task.o
       408         24          0          0          0       1710   os_time.o
      2468        512          0          4          0       3970   parserjson.o
      1436          0          0          0          0       5608   pbuf.o
       416          4          0          4          0       3413   raw.o
      3100        318          0          0          0       8943   rc522.o
       372         14          0          0         18       1281   spi.o
       588         14          0          0          0       2702   spi_driver.o
       696         16          0          0          0       1941   sram.o
        36          8        388          0       9216        880   startup_stm32f2xx.o
      3624        100          0         16       9348      19536   stm32f2x7_eth.o
       384         20          0          0          0       1061   stm32f2x7_eth_bsp.o
       284         10          0          0          0       2239   stm32f2xx_exti.o
      1544         14          0          0          0       5343   stm32f2xx_fsmc.o
       604         36          0          0          0       3901   stm32f2xx_gpio.o
       104         10          0          0          0       1218   stm32f2xx_it.o
      1416         48          0         16          0      10835   stm32f2xx_rcc.o
       936         22          0          0          0       6296   stm32f2xx_spi.o
       140         12          0          0          0       1511   stm32f2xx_syscfg.o
      3234         60          0          0          0      22136   stm32f2xx_tim.o
      1050         26          0          0          0       7612   stm32f2xx_usart.o
       480         40          0         20          0       1635   system_stm32f2xx.o
      1496        252          0         20      58004       6230   task_test.o
      3024        116        137         76          0      17836   tcp.o
       420         30          0         12          0       2320   tcp_client.o
      4756        214          0         32         20      13272   tcp_in.o
      2702         12          0          0          0       6914   tcp_out.o
      1052         10          0          4          0      13479   udp.o
       308         28          0         12          0       1927   udp_client.o
       584         40          0          2          0       1502   ultrasonicwave.o
       364         16          0          6        200       2950   usart.o
       848         42          0          4          0       2026   zigbee.o

    ----------------------------------------------------------------------
    128268      10238       8008        816     110504     924430   Object Totals
         0          0         32          0          0          0   (incl. Generated)
        16          0          7         23          1          0   (incl. Padding)

    ----------------------------------------------------------------------

      Code (inc. data)   RO Data    RW Data    ZI Data      Debug   Library Member Name

         0          0       2880          0          0          0   f16_1.o
         0          0       2684          0          0          0   f16_ascii.o
         0          0       5016          0          0          0   f24_1.o
         0          0       4756          0          0          0   f24_ascii.o
         0          0       7240          0          0          0   f32_ascii.o
         0          0       1816          0          0          0   f6x8.o
       856         38          0         40          0        512   gui__alpha.o
       664          0          0          0          0        240   gui__compactpixelindices.o
         0          0        256          0          0          0   gui__divtbl_255_31.o
         0          0        256          0          0          0   gui__divtbl_255_63.o
         0          0         32          0          0          0   gui__divtbl_31_255.o
         0          0         64          0          0          0   gui__divtbl_63_255.o
       322          0          0          0          0        108   gui__expandpixelindices.o
        58          0          0          0          0         68   gui__intersectrect.o
        82          0          0          0          0         80   gui__intersectrects.o
       216          8          0         20          0        156   gui__managecache.o
        76          0          0          0          0         76   gui__memset.o
        60          0          0          0          0         76   gui__memset16.o
        56          0          0          0          0        136   gui__read.o
      1874        120          0          8        204       1908   gui_alloc.o
        46          0          0          0          0         80   gui_alloc_alloczero.o
      3414         98          8         20         84       1908   gui_bmp.o
        60          0          0          0          0         76   gui_calccolordist.o
       164         20          0          0          0        308   gui_char.o
       458         36          0          4          0        472   gui_charline.o
       394         10          0          0          0        300   gui_charm.o
       308         10          0          0          0        384   gui_charp.o
       476         78          8         78        112        620   gui_core.o
       434         34          8          0          0        676   gui_device.o
       264          4          0          0          0         88   gui_dispstring.o
        40          6          0          0          0         88   gui_dispstringat.o
        52          4          0          0          0         92   gui_dispstringhcenter.o
        68          8          0          0          0        152   gui_exec.o
        48          0          0          0          0        152   gui_getcolor.o
        54         10          0          0          0        156   gui_getorg.o
        66         12          0          0          0        216   gui_goto.o
        88          0          0          0          0         76   gui_mergerect.o
        30          0          0          0          0         68   gui_moverect.o
       102         12          0         16         88        284   gui_onkey.o
        28          4          0          0          0         80   gui_pen.o
        56          0          0          0          0         68   gui_rectsintersect.o
        32         10          0          0          0        136   gui_savecontext.o
        48         10          0          0          0         80   gui_selectlayer.o
        26          0          0          0          0         80   gui_selectlcd.o
        36          4          0         32          0         76   gui_setalpha.o
        44          0          0          0          0        160   gui_setcolor.o
        64          6          0          0          0         80   gui_setdefault.o
        24          0          0          0          0         76   gui_setdrawmode.o
        32          6          0          0          0         80   gui_setfont.o
        28          4          0          0          0         80   gui_setlinestyle.o
        64         16          0          0          0         88   gui_setorg.o
        32          6          0          0          0         80   gui_settextalign.o
        32          6          0          0          0         80   gui_settextmode.o
       364         42          0         28          0        480   gui_task.o
       104          6          0          0          0         84   gui_time.o
       354         16          0         20          0        484   gui_timer.o
        84         10          0          0          0        168   gui_uc.o
        18          0         16          0          0        272   gui_uc_encodenone.o
       212          8         16          0          0        364   gui_uc_encodeutf8.o
        16          4          0         12          0         68   gui_waitevent.o
       198          0         24          0          0        244   guicc_0.o
        36          0         24          0          0        288   guicc_8888.o
         2          0          0          0          0         68   guicc_8888_index2color.o
         2          0          0          0          0         68   guicc_888_index2color.o
        36          6          0          0          0         68   guicc_m555_index2color.o
       250         42         24          8          0        412   guicc_m565.o
       814         38          0          0          0        760   guidev.o
      2282         60        116          0          0       1336   guidev_16.o
      2356         62        116          0          0       1440   guidev_32.o
       308         14          0          4          0        168   guidev_banding.o
        68          4          0          0          0         76   guidev_clear.o
        40          0          0          0          0         80   guidev_getdataptr.o
        52          6          0          0          0         80   guidev_getysize.o
        56          4          0          0          0         80   guidev_reduceysize.o
       100          4          0          0          0         80   guidev_setorg.o
       358         20          0          1          0        188   guidev_staticdevices.o
        84          0          0          0          0        164   guidev_usage.o
       424          4         24          0          0        460   guidev_usagebm.o
       116          4          0          0          0        148   guidev_write.o
       400         14          0          0          0         96   guidev_writetoactivealpha.o
      1852         18          8          0          0        492   guidev_writetoactiveopaque.o
      1646        110         12          4          0       1348   lcd.o
        16          6          0          4          0         68   lcd_aa.o
       272         30          0         16          0        392   lcd_color.o
        32         12          0          0          0        136   lcd_getcolorindex.o
       400         32          0          0          0       1416   lcd_getex.o
        26          0          0          0          0         80   lcd_getnumdisplays.o
         0          0        256          0          0          0   lcd_mirror.o
       504         18          0          0          0        184   lcd_readrect.o
        64         10          0          0          0         80   lcd_selectlcd.o
       132          0          0          0          0        252   lcd_set.o
        48         10          0          0          0         80   lcd_setcliprectex.o
        36          4          0          0          0         80   lcd_updatecolorindices.o
      4654        222          0        100         24       4052   wm.o
        18          0          0          0          0         76   wm__getfirstsibling.o
        36          0          0          0          0         80   wm__getprevsibling.o
        60          6          0          4          0         88   wm__sendmessage.o
        38          0          0          0          0         80   wm__sendmessagenopara.o
       220          0          0          0          0         96   wm__updatechildpositions.o
       136          0          0          0          0         92   wm_bringtobottom.o
        16          6          0          0          0         68   wm_criticalhandle.o
        32          0          0          0          0         80   wm_getclientrect.o
        24         10          0          0          0         68   wm_getdesktopwindow.o
        26          0          0          0          0         76   wm_getfirstchild.o
        32          0          0          0          0         80   wm_getorg.o
        26          0          0          0          0         76   wm_getparent.o
       294          0          0          0          0        272   wm_move.o
        16          0          0          0          0         76   wm_notifyparent.o
        64          8          0          0          0         88   wm_onkey.o
       244          0          0          0          0         88   wm_resizewindow.o
        26          0          0          0          0         88   wm_sendmessagenopara.o
        38          0          0          0          0         92   wm_sendtoparent.o
        72          0          0          0          0         84   wm_setsize.o
       124          0          0          0          0        164   wm_timer.o
         0          0          0          0         72          0   wm_touch.o
        62         10          0          0          0        340   dunder.o
       220         16          0          0          0         84   floor.o
        40          0          0          0          0         68   fpclassify.o
       170          0          0          0          0         96   poly.o
      2488        190        136          0          0        300   pow.o
         0          0          8          0          0          0   qnan.o
        76          0          0          0          0         84   sqrt.o
        56          8          0          0          0         84   __0sscanf.o
        86          0          0          0          0          0   __dczerorl2.o
        28          0          0          0          0         68   _chval.o
       812          4          0          0          0        112   _scanf.o
       332          0          0          0          0         96   _scanf_int.o
        64          0          0          0          0         84   _sgetc.o
       158          0          0          0          0         92   _strtoul.o
        26          0          0          0          0         80   atoi.o
         8          4        133          0          0         68   ctype_o.o
         0          0          0          0          0          0   entry.o
         0          0          0          0          0          0   entry10a.o
         0          0          0          0          0          0   entry11a.o
         8          4          0          0          0          0   entry2.o
         4          0          0          0          0          0   entry5.o
         0          0          0          0          0          0   entry7b.o
         0          0          0          0          0          0   entry8b.o
         8          4          0          0          0          0   entry9a.o
        20         10          0          4          0        136   errno.o
        30          0          0          0          0          0   handlers.o
        36          8          0          0          0         68   init.o
        18          0          0          0          0         76   isspace_o.o
         0          0          0          0          0          0   iusefp.o
        30          0          0          0          0         68   llshl.o
        36          0          0          0          0         68   llsshr.o
        32          0          0          0          0         68   llushr.o
       188         20          0          0          0        160   malloc.o
        26          0          0          0          0         80   memcmp.o
        64          0          0          0          0         76   memmovea.o
        36          0          0          0          0        108   memseta.o
         0          0          0          8          0          0   mvars.o
      2276         96          0          0          0        596   printfa.o
        40          8          0          0          0         84   scanf_char.o
        24          0          0          0          0         68   strcat.o
        20          0          0          0          0         68   strchr.o
        28          0          0          0          0         76   strcmp.o
        18          0          0          0          0         68   strcpy.o
        14          0          0          0          0         68   strlen.o
        40          0          0          0          0         76   strncat.o
        30          0          0          0          0         80   strncmp.o
        24          0          0          0          0         76   strncpy.o
        36          0          0          0          0         80   strstr.o
       112          0          0          0          0         88   strtol.o
        12          0          0          0          0         68   tolower.o
        44          0          0          0          0         80   uidiv.o
        98          0          0          0          0         92   uldiv.o
        48          0          0          0          0         68   cdcmple.o
        48          0          0          0          0         68   cdrcmple.o
        20          0          0          0          0         68   cfcmple.o
        20          0          0          0          0         68   cfrcmple.o
        56          0          0          0          0         88   d2f.o
       334          0          0          0          0        148   dadd.o
       222          0          0          0          0        100   ddiv.o
       186          0          0          0          0        176   depilogue.o
        62          0          0          0          0         80   dfixi.o
        50          0          0          0          0         76   dfixui.o
        48          0          0          0          0         68   dfixul.o
        34          0          0          0          0         76   dflti.o
        26          0          0          0          0         76   dfltui.o
       228          0          0          0          0         96   dmul.o
        46          0          0          0          0         80   dscalb.o
       162          0          0          0          0        100   dsqrt.o
        38          0          0          0          0         68   f2d.o
       124          0          0          0          0         88   fdiv.o
       110          0          0          0          0        168   fepilogue.o

    ----------------------------------------------------------------------
     41664       1832      25944        436        588      35588   Library Totals
        90          0          7          5          4          0   (incl. Padding)

    ----------------------------------------------------------------------

      Code (inc. data)   RO Data    RW Data    ZI Data      Debug   Library Name

     31734       1450      25660        419        584      29596   STemWin528_CM3_OS_Keil.lib
      3056        216        144          0          0        972   m_ws.l
      4922        166        133         12          0       3260   mc_w.l
      1862          0          0          0          0       1760   mf_w.l

    ----------------------------------------------------------------------
     41664       1832      25944        436        588      35588   Library Totals

    ----------------------------------------------------------------------

==============================================================================


      Code (inc. data)   RO Data    RW Data    ZI Data      Debug   

    169932      12070      33952       1252     111092     930818   Grand Totals
    169932      12070      33952        268     111092     930818   ELF Image Totals (compressed)
    169932      12070      33952        268          0          0   ROM Totals

==============================================================================

    Total RO  Size (Code + RO Data)               203884 ( 199.11kB)
    Total RW  Size (RW Data + ZI Data)            112344 ( 109.71kB)
    Total ROM Size (Code + RO Data + RW Data)     204152 ( 199.37kB)

==============================================================================

